<html>
<body>
<pre>
<h1>µVision Build Log</h1>
<h2>Tool Versions:</h2>
IDE-Version: µVision V5.14.0.0
Copyright (C) 2015 ARM Ltd and ARM Germany GmbH. All rights reserved.
License Information: oleg oleg, home, LIC=UB4FW-Q4DS8-INCA7-EH860-SJ4CW-FN62D
 
Tool Versions:
Toolchain:       MDK-ARM Professional  Version: 5.14.0.0
Toolchain Path:  C:\Keil_v5\ARM\ARMCC\Bin
C Compiler:      Armcc.exe V5.05 update 1 (build 106)
Assembler:       Armasm.exe V5.05 update 1 (build 106)
Linker/Locator:  ArmLink.exe V5.05 update 1 (build 106)
Library Manager: ArmAr.exe V5.05 update 1 (build 106)
Hex Converter:   FromElf.exe V5.05 update 1 (build 106)
CPU DLL:         SARMCM3.DLL V5.14.0.0
Dialog DLL:      DCM.DLL V1.13.1.0
Target DLL:      STLink\ST-LINKIII-KEIL_SWO.dll V2.0.14.0_KEIL
Dialog DLL:      TCM.DLL V1.14.4.0
 
<h2>Project:</h2>
D:\PROJECTS\X-TRACK\NEW\qtrack.uvproj
Project File Date:  11/14/2016

<h2>Output:</h2>
Build target 'QTRACK_0'
compiling modem.c...
linking...
Program Size: Code=106954 RO-data=9462 RW-data=1500 ZI-data=22692  
FromELF: creating hex file...
After Build - User command #1: fromelf.exe --bin -o  "D:\PROJECTS\X-TRACK\NEW\Obj\0.bin" "D:\PROJECTS\X-TRACK\NEW\Obj\0.axf"
".\Obj\0.axf" - 0 Error(s), 0 Warning(s).
</pre>
</body>
</html>
