<!doctype html public "-//w3c//dtd html 4.0 transitional//en">
<html><head>
<title>Static Call Graph - [.\Obj\0.axf]</title></head>
<body><HR>
<H1>Static Call Graph for image .\Obj\0.axf</H1><HR>
<BR><P>#&#060CALLGRAPH&#062# ARM Linker, 5050106: Last Updated: Thu Nov 17 11:13:15 2016
<BR><P>
<H3>Maximum Stack Usage =        672 bytes + Unknown(Functions without stacksize, Cycles, Untraceable Function Pointers)</H3><H3>
Call chain for Maximum Stack Depth:</H3>
Gparser_work &rArr; NmeaParser &rArr; ParseNMEASentence &rArr; ProcessGNRMC &rArr; WriteMagneticVariation &rArr; atof &rArr; __strtod_int &rArr; _local_sscanf &rArr; _scanf_real &rArr; _scanf_really_real &rArr; _fp_value &rArr; _btod_etento &rArr; _btod_emul &rArr; _e2e
<P>
<H3>
Functions with no stack information
</H3><UL>
 <LI><a href="#[31c]">__user_initial_stackheap</a>
 <LI><a href="#[236]">QK_init</a>
 <LI><a href="#[51]">PendSV_Handler</a>
 <LI><a href="#[4f]">SVC_Handler</a>
 <LI><a href="#[92]">svc_ret</a>
</UL>
</UL>
<P>
<H3>
Mutually Recursive functions
</H3> <LI><a href="#[4a]">NMI_Handler</a>&nbsp;&nbsp;&nbsp;&rArr;&nbsp;&nbsp;&nbsp;<a href="#[4a]">NMI_Handler</a><BR>
 <LI><a href="#[50]">DebugMon_Handler</a>&nbsp;&nbsp;&nbsp;&rArr;&nbsp;&nbsp;&nbsp;<a href="#[50]">DebugMon_Handler</a><BR>
 <LI><a href="#[65]">ADC1_2_IRQHandler</a>&nbsp;&nbsp;&nbsp;&rArr;&nbsp;&nbsp;&nbsp;<a href="#[65]">ADC1_2_IRQHandler</a><BR>
</UL>
<P>
<H3>
Function Pointers
</H3><UL>
 <LI><a href="#[65]">ADC1_2_IRQHandler</a> from startup_stm32f10x_hd.o(.text) referenced from startup_stm32f10x_hd.o(RESET)
 <LI><a href="#[82]">ADC3_IRQHandler</a> from startup_stm32f10x_hd.o(.text) referenced from startup_stm32f10x_hd.o(RESET)
 <LI><a href="#[4d]">BusFault_Handler</a> from main.o(.text) referenced from startup_stm32f10x_hd.o(RESET)
 <LI><a href="#[68]">CAN1_RX1_IRQHandler</a> from startup_stm32f10x_hd.o(.text) referenced from startup_stm32f10x_hd.o(RESET)
 <LI><a href="#[69]">CAN1_SCE_IRQHandler</a> from startup_stm32f10x_hd.o(.text) referenced from startup_stm32f10x_hd.o(RESET)
 <LI><a href="#[21]">Config</a> from config.o(.text) referenced 2 times from config.o(.data)
 <LI><a href="#[117]">CtrlInitial1</a> from control_new.o(.text) referenced from control_new.o(.text)
 <LI><a href="#[111]">CtrlMemoryErrSuper11</a> from control_new.o(.text) referenced 3 times from control_new.o(.text)
 <LI><a href="#[113]">CtrlPackFinal6</a> from control_new.o(.text) referenced 2 times from control_new.o(.text)
 <LI><a href="#[112]">CtrlPackIdle7</a> from control_new.o(.text) referenced 3 times from control_new.o(.text)
 <LI><a href="#[116]">CtrlPackModemBusy8</a> from control_new.o(.text) referenced 2 times from control_new.o(.text)
 <LI><a href="#[115]">CtrlPackSendFresh10</a> from control_new.o(.text) referenced 2 times from control_new.o(.text)
 <LI><a href="#[114]">CtrlPackSendPage9</a> from control_new.o(.text) referenced 2 times from control_new.o(.text)
 <LI><a href="#[110]">CtrlPackSuper3</a> from control_new.o(.text) referenced 3 times from control_new.o(.text)
 <LI><a href="#[10f]">CtrlSysRebootSuper22</a> from control_new.o(.text) referenced 3 times from control_new.o(.text)
 <LI><a href="#[10b]">CtrlUpdConf15</a> from control_new.o(.text) referenced 2 times from control_new.o(.text)
 <LI><a href="#[10a]">CtrlUpdFinal19</a> from control_new.o(.text) referenced 4 times from control_new.o(.text)
 <LI><a href="#[10d]">CtrlUpdFwContinue18</a> from control_new.o(.text) referenced 3 times from control_new.o(.text)
 <LI><a href="#[10c]">CtrlUpdFwStart17</a> from control_new.o(.text) referenced 3 times from control_new.o(.text)
 <LI><a href="#[108]">CtrlUpdReOpenConnection14</a> from control_new.o(.text) referenced 4 times from control_new.o(.text)
 <LI><a href="#[10e]">CtrlUpdStart13</a> from control_new.o(.text) referenced 2 times from control_new.o(.text)
 <LI><a href="#[107]">CtrlUpdSuper12</a> from control_new.o(.text) referenced 6 times from control_new.o(.text)
 <LI><a href="#[109]">CtrlUpdSupervisor16</a> from control_new.o(.text) referenced 4 times from control_new.o(.text)
 <LI><a href="#[118]">CtrlWaitDiskReady2</a> from control_new.o(.text) referenced from control_new.o(.text)
 <LI><a href="#[5e]">DMA1_Channel1_IRQHandler</a> from startup_stm32f10x_hd.o(.text) referenced from startup_stm32f10x_hd.o(RESET)
 <LI><a href="#[5f]">DMA1_Channel2_IRQHandler</a> from startup_stm32f10x_hd.o(.text) referenced from startup_stm32f10x_hd.o(RESET)
 <LI><a href="#[60]">DMA1_Channel3_IRQHandler</a> from startup_stm32f10x_hd.o(.text) referenced from startup_stm32f10x_hd.o(RESET)
 <LI><a href="#[61]">DMA1_Channel4_IRQHandler</a> from modem_sim900.o(.text) referenced from startup_stm32f10x_hd.o(RESET)
 <LI><a href="#[62]">DMA1_Channel5_IRQHandler</a> from startup_stm32f10x_hd.o(.text) referenced from startup_stm32f10x_hd.o(RESET)
 <LI><a href="#[63]">DMA1_Channel6_IRQHandler</a> from startup_stm32f10x_hd.o(.text) referenced from startup_stm32f10x_hd.o(RESET)
 <LI><a href="#[64]">DMA1_Channel7_IRQHandler</a> from startup_stm32f10x_hd.o(.text) referenced from startup_stm32f10x_hd.o(RESET)
 <LI><a href="#[8b]">DMA2_Channel1_IRQHandler</a> from startup_stm32f10x_hd.o(.text) referenced from startup_stm32f10x_hd.o(RESET)
 <LI><a href="#[8c]">DMA2_Channel2_IRQHandler</a> from startup_stm32f10x_hd.o(.text) referenced from startup_stm32f10x_hd.o(RESET)
 <LI><a href="#[8d]">DMA2_Channel3_IRQHandler</a> from startup_stm32f10x_hd.o(.text) referenced from startup_stm32f10x_hd.o(RESET)
 <LI><a href="#[8e]">DMA2_Channel4_5_IRQHandler</a> from startup_stm32f10x_hd.o(.text) referenced from startup_stm32f10x_hd.o(RESET)
 <LI><a href="#[50]">DebugMon_Handler</a> from startup_stm32f10x_hd.o(.text) referenced from startup_stm32f10x_hd.o(RESET)
 <LI><a href="#[2a]">DutDeltaN</a> from config.o(.text) referenced 2 times from config.o(.data)
 <LI><a href="#[59]">EXTI0_IRQHandler</a> from startup_stm32f10x_hd.o(.text) referenced from startup_stm32f10x_hd.o(RESET)
 <LI><a href="#[7b]">EXTI15_10_IRQHandler</a> from startup_stm32f10x_hd.o(.text) referenced from startup_stm32f10x_hd.o(RESET)
 <LI><a href="#[5a]">EXTI1_IRQHandler</a> from startup_stm32f10x_hd.o(.text) referenced from startup_stm32f10x_hd.o(RESET)
 <LI><a href="#[5b]">EXTI2_IRQHandler</a> from startup_stm32f10x_hd.o(.text) referenced from startup_stm32f10x_hd.o(RESET)
 <LI><a href="#[5c]">EXTI3_IRQHandler</a> from startup_stm32f10x_hd.o(.text) referenced from startup_stm32f10x_hd.o(RESET)
 <LI><a href="#[5d]">EXTI4_IRQHandler</a> from startup_stm32f10x_hd.o(.text) referenced from startup_stm32f10x_hd.o(RESET)
 <LI><a href="#[6a]">EXTI9_5_IRQHandler</a> from io.o(.text) referenced from startup_stm32f10x_hd.o(RESET)
 <LI><a href="#[3e]">EpsilonReadData_rx_handler</a> from epsilon.o(.text) referenced 2 times from epsilon.o(.data)
 <LI><a href="#[3d]">EpsilonReadData_tx_handler</a> from epsilon.o(.text) referenced 2 times from epsilon.o(.data)
 <LI><a href="#[40]">EpsilonWriteAddr_rx_handler</a> from epsilon.o(.text) referenced 2 times from epsilon.o(.data)
 <LI><a href="#[3f]">EpsilonWriteAddr_tx_handler</a> from epsilon.o(.text) referenced 2 times from epsilon.o(.data)
 <LI><a href="#[57]">FLASH_IRQHandler</a> from control_new.o(.text) referenced from startup_stm32f10x_hd.o(RESET)
 <LI><a href="#[83]">FSMC_IRQHandler</a> from startup_stm32f10x_hd.o(.text) referenced from startup_stm32f10x_hd.o(RESET)
 <LI><a href="#[f4]">FdiskCheck</a> from disk.o(.text) referenced from disk.o(.text)
 <LI><a href="#[f8]">FdiskDelPage10</a> from disk.o(.text) referenced 2 times from disk.o(.text)
 <LI><a href="#[f7]">FdiskDelToSend11</a> from disk.o(.text) referenced 2 times from disk.o(.text)
 <LI><a href="#[f2]">FdiskFlashErr14</a> from disk.o(.text) referenced 5 times from disk.o(.text)
 <LI><a href="#[fe]">FdiskFormatFlash</a> from disk.o(.text) referenced 2 times from disk.o(.text)
 <LI><a href="#[f3]">FdiskFramErr13</a> from disk.o(.text) referenced 5 times from disk.o(.text)
 <LI><a href="#[f1]">FdiskIdle3</a> from disk.o(.text) referenced 5 times from disk.o(.text)
 <LI><a href="#[ff]">FdiskInit2</a> from disk.o(.text) referenced from disk.o(.text)
 <LI><a href="#[100]">FdiskInitial0</a> from disk.o(.text) referenced 2 times from disk.o(.text)
 <LI><a href="#[f9]">FdiskMakeArchPack8</a> from disk.o(.text) referenced 2 times from disk.o(.text)
 <LI><a href="#[fa]">FdiskMakeFreshPack9</a> from disk.o(.text) referenced 2 times from disk.o(.text)
 <LI><a href="#[f5]">FdiskOff16</a> from disk.o(.text) referenced 2 times from disk.o(.text)
 <LI><a href="#[fb]">FdiskReadConfig5</a> from disk.o(.text) referenced 2 times from disk.o(.text)
 <LI><a href="#[fc]">FdiskSaveConfig15</a> from disk.o(.text) referenced 2 times from disk.o(.text)
 <LI><a href="#[f0]">FdiskTop1</a> from disk.o(.text) referenced 6 times from disk.o(.text)
 <LI><a href="#[f6]">FdiskUnlToSend12</a> from disk.o(.text) referenced 2 times from disk.o(.text)
 <LI><a href="#[fd]">FdiskWrite7</a> from disk.o(.text) referenced 2 times from disk.o(.text)
 <LI><a href="#[9]">GetBalance</a> from config.o(.text) referenced 2 times from config.o(.data)
 <LI><a href="#[8]">GetGprs</a> from config.o(.text) referenced 2 times from config.o(.data)
 <LI><a href="#[c]">GetImei</a> from config.o(.text) referenced 2 times from config.o(.data)
 <LI><a href="#[b]">GetModem</a> from config.o(.text) referenced 2 times from config.o(.data)
 <LI><a href="#[5]">GetNav</a> from config.o(.text) referenced 2 times from config.o(.data)
 <LI><a href="#[6]">GetPack</a> from config.o(.text) referenced 2 times from config.o(.data)
 <LI><a href="#[4]">GetRS485</a> from config.o(.text) referenced 2 times from config.o(.data)
 <LI><a href="#[a]">GetStatus</a> from config.o(.text) referenced 2 times from config.o(.data)
 <LI><a href="#[7]">GetVer</a> from config.o(.text) referenced 2 times from config.o(.data)
 <LI><a href="#[122]">Gfilter_initial</a> from nav_filter.o(.text) referenced from nav_filter.o(.text)
 <LI><a href="#[11f]">Gfilter_long_stop</a> from nav_filter.o(.text) referenced 2 times from nav_filter.o(.text)
 <LI><a href="#[11e]">Gfilter_move</a> from nav_filter.o(.text) referenced 2 times from nav_filter.o(.text)
 <LI><a href="#[11d]">Gfilter_off</a> from nav_filter.o(.text) referenced 4 times from nav_filter.o(.text)
 <LI><a href="#[120]">Gfilter_short_stop</a> from nav_filter.o(.text) referenced 2 times from nav_filter.o(.text)
 <LI><a href="#[11c]">Gfilter_waiting_fix</a> from nav_filter.o(.text) referenced 4 times from nav_filter.o(.text)
 <LI><a href="#[121]">Gfilter_waiting_hdop</a> from nav_filter.o(.text) referenced from nav_filter.o(.text)
 <LI><a href="#[11b]">Gparser_initial</a> from nmea_parser.o(.text) referenced from nmea_parser.o(.text)
 <LI><a href="#[119]">Gparser_power_on_start</a> from nmea_parser.o(.text) referenced from nmea_parser.o(.text)
 <LI><a href="#[11a]">Gparser_work</a> from nmea_parser.o(.text) referenced from nmea_parser.o(.text)
 <LI><a href="#[4b]">HardFault_Handler</a> from main.o(.text) referenced from startup_stm32f10x_hd.o(RESET)
 <LI><a href="#[73]">I2C1_ER_IRQHandler</a> from startup_stm32f10x_hd.o(.text) referenced from startup_stm32f10x_hd.o(RESET)
 <LI><a href="#[72]">I2C1_EV_IRQHandler</a> from startup_stm32f10x_hd.o(.text) referenced from startup_stm32f10x_hd.o(RESET)
 <LI><a href="#[75]">I2C2_ER_IRQHandler</a> from startup_stm32f10x_hd.o(.text) referenced from startup_stm32f10x_hd.o(RESET)
 <LI><a href="#[74]">I2C2_EV_IRQHandler</a> from startup_stm32f10x_hd.o(.text) referenced from startup_stm32f10x_hd.o(RESET)
 <LI><a href="#[104]">IO_RS485_polling</a> from io.o(.text) referenced from io.o(.text)
 <LI><a href="#[101]">IO_idle</a> from io.o(.text) referenced 2 times from io.o(.text)
 <LI><a href="#[103]">IO_initial</a> from io.o(.text) referenced from io.o(.text)
 <LI><a href="#[105]">IO_process_RS485_command</a> from io.o(.text) referenced from io.o(.text)
 <LI><a href="#[102]">IO_top</a> from io.o(.text) referenced 2 times from io.o(.text)
 <LI><a href="#[4c]">MemManage_Handler</a> from main.o(.text) referenced from startup_stm32f10x_hd.o(RESET)
 <LI><a href="#[e3]">ModemSM_add_iphead_mode</a> from modem_sim900.o(.text) referenced from modem_sim900.o(.constdata)
 <LI><a href="#[e3]">ModemSM_add_iphead_mode</a> from modem_sim900.o(.text) referenced from modem_sim900.o(.text)
 <LI><a href="#[ef]">ModemSM_aon_on</a> from modem_sim900.o(.text) referenced from modem_sim900.o(.constdata)
 <LI><a href="#[ef]">ModemSM_aon_on</a> from modem_sim900.o(.text) referenced from modem_sim900.o(.text)
 <LI><a href="#[e7]">ModemSM_bring_up_gprs_con</a> from modem_sim900.o(.text) referenced from modem_sim900.o(.constdata)
 <LI><a href="#[e7]">ModemSM_bring_up_gprs_con</a> from modem_sim900.o(.text) referenced from modem_sim900.o(.text)
 <LI><a href="#[d4]">ModemSM_check_baudrate</a> from modem_sim900.o(.text) referenced from modem_sim900.o(.constdata)
 <LI><a href="#[d4]">ModemSM_check_baudrate</a> from modem_sim900.o(.text) referenced from modem_sim900.o(.text)
 <LI><a href="#[ed]">ModemSM_check_sim</a> from modem_sim900.o(.text) referenced from modem_sim900.o(.constdata)
 <LI><a href="#[ed]">ModemSM_check_sim</a> from modem_sim900.o(.text) referenced from modem_sim900.o(.text)
 <LI><a href="#[d6]">ModemSM_echo_off</a> from modem_sim900.o(.text) referenced from modem_sim900.o(.constdata)
 <LI><a href="#[d6]">ModemSM_echo_off</a> from modem_sim900.o(.text) referenced from modem_sim900.o(.text)
 <LI><a href="#[d5]">ModemSM_fix_baudrate</a> from modem_sim900.o(.text) referenced from modem_sim900.o(.constdata)
 <LI><a href="#[d5]">ModemSM_fix_baudrate</a> from modem_sim900.o(.text) referenced from modem_sim900.o(.text)
 <LI><a href="#[d8]">ModemSM_get_imei</a> from modem_sim900.o(.text) referenced from modem_sim900.o(.constdata)
 <LI><a href="#[d8]">ModemSM_get_imei</a> from modem_sim900.o(.text) referenced from modem_sim900.o(.text)
 <LI><a href="#[da]">ModemSM_get_imsi</a> from modem_sim900.o(.text) referenced from modem_sim900.o(.constdata)
 <LI><a href="#[da]">ModemSM_get_imsi</a> from modem_sim900.o(.text) referenced from modem_sim900.o(.text)
 <LI><a href="#[e8]">ModemSM_get_local_ip_address</a> from modem_sim900.o(.text) referenced from modem_sim900.o(.constdata)
 <LI><a href="#[e8]">ModemSM_get_local_ip_address</a> from modem_sim900.o(.text) referenced from modem_sim900.o(.text)
 <LI><a href="#[ec]">ModemSM_get_tcp_data</a> from modem_sim900.o(.text) referenced 2 times from modem_sim900.o(.constdata)
 <LI><a href="#[ec]">ModemSM_get_tcp_data</a> from modem_sim900.o(.text) referenced from modem_sim900.o(.text)
 <LI><a href="#[e2]">ModemSM_gprs_attach</a> from modem_sim900.o(.text) referenced from modem_sim900.o(.constdata)
 <LI><a href="#[e2]">ModemSM_gprs_attach</a> from modem_sim900.o(.text) referenced from modem_sim900.o(.text)
 <LI><a href="#[e0]">ModemSM_gsm_reg</a> from modem_sim900.o(.text) referenced from modem_sim900.o(.constdata)
 <LI><a href="#[e0]">ModemSM_gsm_reg</a> from modem_sim900.o(.text) referenced from modem_sim900.o(.text)
 <LI><a href="#[ce]">ModemSM_idle</a> from modem_sim900.o(.text) referenced 4 times from modem_sim900.o(.text)
 <LI><a href="#[cf]">ModemSM_initial</a> from modem_sim900.o(.text) referenced 2 times from modem_sim900.o(.text)
 <LI><a href="#[e1]">ModemSM_open_gprs_check_ipstat</a> from modem_sim900.o(.text) referenced from modem_sim900.o(.constdata)
 <LI><a href="#[e1]">ModemSM_open_gprs_check_ipstat</a> from modem_sim900.o(.text) referenced from modem_sim900.o(.text)
 <LI><a href="#[e9]">ModemSM_packet_request_to_send</a> from modem_sim900.o(.text) referenced from modem_sim900.o(.constdata)
 <LI><a href="#[e9]">ModemSM_packet_request_to_send</a> from modem_sim900.o(.text) referenced from modem_sim900.o(.text)
 <LI><a href="#[ea]">ModemSM_packet_send</a> from modem_sim900.o(.text) referenced from modem_sim900.o(.constdata)
 <LI><a href="#[ea]">ModemSM_packet_send</a> from modem_sim900.o(.text) referenced from modem_sim900.o(.text)
 <LI><a href="#[df]">ModemSM_pause</a> from modem_sim900.o(.text) referenced from modem_sim900.o(.constdata)
 <LI><a href="#[df]">ModemSM_pause</a> from modem_sim900.o(.text) referenced from modem_sim900.o(.text)
 <LI><a href="#[de]">ModemSM_power_off</a> from modem_sim900.o(.text) referenced from modem_sim900.o(.constdata)
 <LI><a href="#[de]">ModemSM_power_off</a> from modem_sim900.o(.text) referenced from modem_sim900.o(.text)
 <LI><a href="#[d0]">ModemSM_power_on</a> from modem_sim900.o(.text) referenced from modem_sim900.o(.constdata)
 <LI><a href="#[d0]">ModemSM_power_on</a> from modem_sim900.o(.text) referenced from modem_sim900.o(.text)
 <LI><a href="#[d1]">ModemSM_power_on_with_power_key</a> from modem_sim900.o(.text) referenced from modem_sim900.o(.constdata)
 <LI><a href="#[d1]">ModemSM_power_on_with_power_key</a> from modem_sim900.o(.text) referenced from modem_sim900.o(.text)
 <LI><a href="#[d3]">ModemSM_send_at</a> from modem_sim900.o(.text) referenced from modem_sim900.o(.constdata)
 <LI><a href="#[d3]">ModemSM_send_at</a> from modem_sim900.o(.text) referenced from modem_sim900.o(.text)
 <LI><a href="#[e5]">ModemSM_set_apn</a> from modem_sim900.o(.text) referenced from modem_sim900.o(.constdata)
 <LI><a href="#[e5]">ModemSM_set_apn</a> from modem_sim900.o(.text) referenced from modem_sim900.o(.text)
 <LI><a href="#[e4]">ModemSM_set_manual_getdata_mode</a> from modem_sim900.o(.text) referenced from modem_sim900.o(.constdata)
 <LI><a href="#[e4]">ModemSM_set_manual_getdata_mode</a> from modem_sim900.o(.text) referenced from modem_sim900.o(.text)
 <LI><a href="#[12a]">ModemSM_set_message_storage</a> from modem_sim900.o(.text) referenced from modem_sim900.o(.constdata)
 <LI><a href="#[ee]">ModemSM_set_te_character</a> from modem_sim900.o(.text) referenced from modem_sim900.o(.constdata)
 <LI><a href="#[ee]">ModemSM_set_te_character</a> from modem_sim900.o(.text) referenced from modem_sim900.o(.text)
 <LI><a href="#[d7]">ModemSM_sim_det_off</a> from modem_sim900.o(.text) referenced from modem_sim900.o(.constdata)
 <LI><a href="#[d7]">ModemSM_sim_det_off</a> from modem_sim900.o(.text) referenced from modem_sim900.o(.text)
 <LI><a href="#[dc]">ModemSM_sms_set_ind_mode</a> from modem_sim900.o(.text) referenced from modem_sim900.o(.constdata)
 <LI><a href="#[dc]">ModemSM_sms_set_ind_mode</a> from modem_sim900.o(.text) referenced from modem_sim900.o(.text)
 <LI><a href="#[dd]">ModemSM_sms_set_show_mode_1</a> from modem_sim900.o(.text) referenced from modem_sim900.o(.text)
 <LI><a href="#[db]">ModemSM_sms_set_text_mode</a> from modem_sim900.o(.text) referenced from modem_sim900.o(.constdata)
 <LI><a href="#[db]">ModemSM_sms_set_text_mode</a> from modem_sim900.o(.text) referenced from modem_sim900.o(.text)
 <LI><a href="#[e6]">ModemSM_start_task</a> from modem_sim900.o(.text) referenced from modem_sim900.o(.constdata)
 <LI><a href="#[e6]">ModemSM_start_task</a> from modem_sim900.o(.text) referenced from modem_sim900.o(.text)
 <LI><a href="#[d9]">ModemSM_waiting_call_ready</a> from modem_sim900.o(.text) referenced from modem_sim900.o(.constdata)
 <LI><a href="#[d9]">ModemSM_waiting_call_ready</a> from modem_sim900.o(.text) referenced from modem_sim900.o(.text)
 <LI><a href="#[12b]">ModemSM_waiting_gprs_ready</a> from modem_sim900.o(.text) referenced from modem_sim900.o(.constdata)
 <LI><a href="#[129]">ModemSM_waiting_sms_ready</a> from modem_sim900.o(.text) referenced from modem_sim900.o(.constdata)
 <LI><a href="#[d2]">ModemSM_waiting_status_ok</a> from modem_sim900.o(.text) referenced from modem_sim900.o(.constdata)
 <LI><a href="#[d2]">ModemSM_waiting_status_ok</a> from modem_sim900.o(.text) referenced from modem_sim900.o(.text)
 <LI><a href="#[eb]">ModemSM_waiting_tcp_data</a> from modem_sim900.o(.text) referenced from modem_sim900.o(.constdata)
 <LI><a href="#[eb]">ModemSM_waiting_tcp_data</a> from modem_sim900.o(.text) referenced from modem_sim900.o(.text)
 <LI><a href="#[9e]">ModemSmsDeleteAll50</a> from modem.o(.text) referenced 3 times from modem.o(.text)
 <LI><a href="#[9b]">ModemSmsProcSmsFlags37</a> from modem.o(.text) referenced 5 times from modem.o(.text)
 <LI><a href="#[a2]">ModemSmsRequestToSendAnswer_35</a> from modem.o(.text) referenced 3 times from modem.o(.text)
 <LI><a href="#[c8]">ModemSmsRequestToSendServ48</a> from modem.o(.text) referenced from modem.o(.text)
 <LI><a href="#[a1]">ModemSmsSendAnsw36</a> from modem.o(.text) referenced 2 times from modem.o(.text)
 <LI><a href="#[c6]">ModemSmsSendServ49</a> from modem.o(.text) referenced 2 times from modem.o(.text)
 <LI><a href="#[b7]">Modem_authorization_18</a> from modem.o(.text) referenced 2 times from modem.o(.text)
 <LI><a href="#[b1]">Modem_authorization_error_19</a> from modem.o(.text) referenced 3 times from modem.o(.text)
 <LI><a href="#[b0]">Modem_authorization_fatal_error_64</a> from modem.o(.text) referenced 2 times from modem.o(.text)
 <LI><a href="#[c0]">Modem_check_if_connected_14</a> from modem.o(.text) referenced 2 times from modem.o(.text)
 <LI><a href="#[ae]">Modem_close_connection_16</a> from modem.o(.text) referenced 5 times from modem.o(.text)
 <LI><a href="#[af]">Modem_close_gprs_10</a> from modem.o(.text) referenced 3 times from modem.o(.text)
 <LI><a href="#[b4]">Modem_gprs_is_open_state_11</a> from modem.o(.text) referenced 3 times from modem.o(.text)
 <LI><a href="#[c1]">Modem_gsm_is_open_7</a> from modem.o(.text) referenced 2 times from modem.o(.text)
 <LI><a href="#[a7]">Modem_gsm_open_6</a> from modem.o(.text) referenced 3 times from modem.o(.text)
 <LI><a href="#[a5]">Modem_gsm_open_error_8</a> from modem.o(.text) referenced 3 times from modem.o(.text)
 <LI><a href="#[a6]">Modem_gsm_open_fatal_error_61</a> from modem.o(.text) referenced 2 times from modem.o(.text)
 <LI><a href="#[a9]">Modem_hard_reset_5</a> from modem.o(.text) referenced 4 times from modem.o(.text)
 <LI><a href="#[c7]">Modem_initial</a> from modem.o(.text) referenced 2 times from modem.o(.text)
 <LI><a href="#[c5]">Modem_off_45</a> from modem.o(.text) referenced 2 times from modem.o(.text)
 <LI><a href="#[b8]">Modem_open_connection_15</a> from modem.o(.text) referenced 2 times from modem.o(.text)
 <LI><a href="#[ad]">Modem_open_connection_error_17</a> from modem.o(.text) referenced 3 times from modem.o(.text)
 <LI><a href="#[ac]">Modem_open_connection_fatal_error_63</a> from modem.o(.text) referenced 2 times from modem.o(.text)
 <LI><a href="#[ab]">Modem_open_gprs_9</a> from modem.o(.text) referenced 5 times from modem.o(.text)
 <LI><a href="#[aa]">Modem_open_gprs_error_12</a> from modem.o(.text) referenced 3 times from modem.o(.text)
 <LI><a href="#[a8]">Modem_open_gprs_fatal_error_62</a> from modem.o(.text) referenced 2 times from modem.o(.text)
 <LI><a href="#[93]">Modem_power_on_start_up_2</a> from modem.o(.text) referenced 5 times from modem.o(.text)
 <LI><a href="#[c2]">Modem_power_on_start_up_error_3</a> from modem.o(.text) referenced 2 times from modem.o(.text)
 <LI><a href="#[97]">Modem_power_on_start_up_fatal_error_60</a> from modem.o(.text) referenced 2 times from modem.o(.text)
 <LI><a href="#[a4]">Modem_restart_4</a> from modem.o(.text) referenced 4 times from modem.o(.text)
 <LI><a href="#[b5]">Modem_send_packet_22</a> from modem.o(.text) referenced 2 times from modem.o(.text)
 <LI><a href="#[b3]">Modem_send_packet_error_23</a> from modem.o(.text) referenced 2 times from modem.o(.text)
 <LI><a href="#[b2]">Modem_send_packet_fatal_error_65</a> from modem.o(.text) referenced 2 times from modem.o(.text)
 <LI><a href="#[96]">Modem_sim_error_20</a> from modem.o(.text) referenced 8 times from modem.o(.text)
 <LI><a href="#[95]">Modem_sim_fatal_error_66</a> from modem.o(.text) referenced from modem.o(.text)
 <LI><a href="#[c3]">Modem_sim_lock_error_21</a> from modem.o(.text) referenced 2 times from modem.o(.text)
 <LI><a href="#[98]">Modem_sim_lock_fatal_error_67</a> from modem.o(.text) referenced from modem.o(.text)
 <LI><a href="#[a3]">Modem_sms_check_balance_38</a> from modem.o(.text) referenced 2 times from modem.o(.text)
 <LI><a href="#[9c]">Modem_sms_delete_34</a> from modem.o(.text) referenced 3 times from modem.o(.text)
 <LI><a href="#[9d]">Modem_sms_final_39</a> from modem.o(.text) referenced 2 times from modem.o(.text)
 <LI><a href="#[99]">Modem_sms_read_next_31</a> from modem.o(.text) referenced 3 times from modem.o(.text)
 <LI><a href="#[9a]">Modem_sms_super_30</a> from modem.o(.text) referenced 10 times from modem.o(.text)
 <LI><a href="#[9f]">Modem_sms_waiting_read_ok_32</a> from modem.o(.text) referenced 2 times from modem.o(.text)
 <LI><a href="#[a0]">Modem_sms_waiting_unread_ok_33</a> from modem.o(.text) referenced 2 times from modem.o(.text)
 <LI><a href="#[b6]">Modem_tcp_is_open_state_13</a> from modem.o(.text) referenced 3 times from modem.o(.text)
 <LI><a href="#[94]">Modem_top_1</a> from modem.o(.text) referenced 11 times from modem.o(.text)
 <LI><a href="#[be]">Modem_upd_auth_42</a> from modem.o(.text) referenced 2 times from modem.o(.text)
 <LI><a href="#[bd]">Modem_upd_connect_error_47</a> from modem.o(.text) referenced 2 times from modem.o(.text)
 <LI><a href="#[bb]">Modem_upd_get_remain_fw_data_46</a> from modem.o(.text) referenced 2 times from modem.o(.text)
 <LI><a href="#[bf]">Modem_upd_open_conn_41</a> from modem.o(.text) referenced 2 times from modem.o(.text)
 <LI><a href="#[ba]">Modem_upd_ready_44</a> from modem.o(.text) referenced 2 times from modem.o(.text)
 <LI><a href="#[bc]">Modem_upd_send_packet_43</a> from modem.o(.text) referenced 2 times from modem.o(.text)
 <LI><a href="#[b9]">Modem_upd_super_40</a> from modem.o(.text) referenced 4 times from modem.o(.text)
 <LI><a href="#[cc]">Mparser_copy_packet_to_buf</a> from modem_parser.o(.text) referenced 2 times from modem_parser.o(.text)
 <LI><a href="#[cb]">Mparser_copy_unread_sms_to_buf</a> from modem_parser.o(.text) referenced 2 times from modem_parser.o(.text)
 <LI><a href="#[cd]">Mparser_initial</a> from modem_parser.o(.text) referenced from modem_parser.o(.text)
 <LI><a href="#[c9]">Mparser_search_LF</a> from modem_parser.o(.text) referenced 2 times from modem_parser.o(.text)
 <LI><a href="#[ca]">Mparser_search_start_of_message</a> from modem_parser.o(.text) referenced 2 times from modem_parser.o(.text)
 <LI><a href="#[4a]">NMI_Handler</a> from startup_stm32f10x_hd.o(.text) referenced from startup_stm32f10x_hd.o(RESET)
 <LI><a href="#[54]">PVD_IRQHandler</a> from startup_stm32f10x_hd.o(.text) referenced from startup_stm32f10x_hd.o(RESET)
 <LI><a href="#[51]">PendSV_Handler</a> from qk_port.o(.text) referenced from startup_stm32f10x_hd.o(RESET)
 <LI><a href="#[12f]">QActive_post</a> from qa_fifo.o(.text) referenced from qa_ctor.o(.constdata)
 <LI><a href="#[130]">QActive_postLIFO</a> from qa_lifo.o(.text) referenced from qa_ctor.o(.constdata)
 <LI><a href="#[12e]">QActive_start</a> from qk.o(.text) referenced from qa_ctor.o(.constdata)
 <LI><a href="#[132]">QFsm_dispatch</a> from qfsm_dis.o(.text) referenced from qfsm_ini.o(.constdata)
 <LI><a href="#[131]">QFsm_init</a> from qfsm_ini.o(.text) referenced from qfsm_ini.o(.constdata)
 <LI><a href="#[12d]">QHsm_dispatch</a> from qhsm_dis.o(.text) referenced 2 times from qa_ctor.o(.constdata)
 <LI><a href="#[12c]">QHsm_init</a> from qhsm_ini.o(.text) referenced 2 times from qa_ctor.o(.constdata)
 <LI><a href="#[c4]">QHsm_top</a> from qhsm_top.o(.text) referenced 13 times from modem.o(.text)
 <LI><a href="#[91]">QK_sched_</a> from qk_sched.o(.text) referenced from qk_port.o(.text)
 <LI><a href="#[58]">RCC_IRQHandler</a> from startup_stm32f10x_hd.o(.text) referenced from startup_stm32f10x_hd.o(RESET)
 <LI><a href="#[42]">RF10ReadCardId_rx_handler</a> from rf10.o(.text) referenced 2 times from rf10.o(.data)
 <LI><a href="#[41]">RF10ReadCardId_tx_handler</a> from rf10.o(.text) referenced 2 times from rf10.o(.data)
 <LI><a href="#[44]">RF10Rele_rx_handler</a> from rf10.o(.text) referenced 2 times from rf10.o(.data)
 <LI><a href="#[43]">RF10Rele_tx_handler</a> from rf10.o(.text) referenced 2 times from rf10.o(.data)
 <LI><a href="#[46]">RF10WriteAddr_rx_handler</a> from rf10.o(.text) referenced 2 times from rf10.o(.data)
 <LI><a href="#[45]">RF10WriteAddr_tx_handler</a> from rf10.o(.text) referenced 2 times from rf10.o(.data)
 <LI><a href="#[106]">RS485_tx</a> from io.o(.text) referenced from io.o(.text)
 <LI><a href="#[7c]">RTCAlarm_IRQHandler</a> from startup_stm32f10x_hd.o(.text) referenced from startup_stm32f10x_hd.o(RESET)
 <LI><a href="#[56]">RTC_IRQHandler</a> from startup_stm32f10x_hd.o(.text) referenced from startup_stm32f10x_hd.o(RESET)
 <LI><a href="#[23]">Reboot</a> from config.o(.text) referenced 2 times from config.o(.data)
 <LI><a href="#[49]">Reset_Handler</a> from startup_stm32f10x_hd.o(.text) referenced from startup_stm32f10x_hd.o(RESET)
 <LI><a href="#[22]">Rrt</a> from config.o(.text) referenced 2 times from config.o(.data)
 <LI><a href="#[84]">SDIO_IRQHandler</a> from startup_stm32f10x_hd.o(.text) referenced from startup_stm32f10x_hd.o(RESET)
 <LI><a href="#[76]">SPI1_IRQHandler</a> from startup_stm32f10x_hd.o(.text) referenced from startup_stm32f10x_hd.o(RESET)
 <LI><a href="#[77]">SPI2_IRQHandler</a> from startup_stm32f10x_hd.o(.text) referenced from startup_stm32f10x_hd.o(RESET)
 <LI><a href="#[86]">SPI3_IRQHandler</a> from startup_stm32f10x_hd.o(.text) referenced from startup_stm32f10x_hd.o(RESET)
 <LI><a href="#[4f]">SVC_Handler</a> from qk_port.o(.text) referenced from startup_stm32f10x_hd.o(RESET)
 <LI><a href="#[28]">Set1FinMode</a> from config.o(.text) referenced 2 times from config.o(.data)
 <LI><a href="#[31]">Set1RS485Addr</a> from config.o(.text) referenced 2 times from config.o(.data)
 <LI><a href="#[2b]">Set1RS485Dev</a> from config.o(.text) referenced 2 times from config.o(.data)
 <LI><a href="#[37]">Set1RS485Out</a> from config.o(.text) referenced 2 times from config.o(.data)
 <LI><a href="#[29]">Set2FinMode</a> from config.o(.text) referenced 2 times from config.o(.data)
 <LI><a href="#[32]">Set2RS485Addr</a> from config.o(.text) referenced 2 times from config.o(.data)
 <LI><a href="#[2c]">Set2RS485Dev</a> from config.o(.text) referenced 2 times from config.o(.data)
 <LI><a href="#[38]">Set2RS485Out</a> from config.o(.text) referenced 2 times from config.o(.data)
 <LI><a href="#[33]">Set3RS485Addr</a> from config.o(.text) referenced 2 times from config.o(.data)
 <LI><a href="#[2d]">Set3RS485Dev</a> from config.o(.text) referenced 2 times from config.o(.data)
 <LI><a href="#[39]">Set3RS485Out</a> from config.o(.text) referenced 2 times from config.o(.data)
 <LI><a href="#[34]">Set4RS485Addr</a> from config.o(.text) referenced 2 times from config.o(.data)
 <LI><a href="#[2e]">Set4RS485Dev</a> from config.o(.text) referenced 2 times from config.o(.data)
 <LI><a href="#[3a]">Set4RS485Out</a> from config.o(.text) referenced 2 times from config.o(.data)
 <LI><a href="#[35]">Set5RS485Addr</a> from config.o(.text) referenced 2 times from config.o(.data)
 <LI><a href="#[2f]">Set5RS485Dev</a> from config.o(.text) referenced 2 times from config.o(.data)
 <LI><a href="#[3b]">Set5RS485Out</a> from config.o(.text) referenced 2 times from config.o(.data)
 <LI><a href="#[36]">Set6RS485Addr</a> from config.o(.text) referenced 2 times from config.o(.data)
 <LI><a href="#[30]">Set6RS485Dev</a> from config.o(.text) referenced 2 times from config.o(.data)
 <LI><a href="#[3c]">Set6RS485Out</a> from config.o(.text) referenced 2 times from config.o(.data)
 <LI><a href="#[20]">SetFwVerNew</a> from config.o(.text) referenced 2 times from config.o(.data)
 <LI><a href="#[d]">SetGprsApn1</a> from config.o(.text) referenced 2 times from config.o(.data)
 <LI><a href="#[11]">SetGprsApn2</a> from config.o(.text) referenced 2 times from config.o(.data)
 <LI><a href="#[f]">SetGprsPsw1</a> from config.o(.text) referenced 2 times from config.o(.data)
 <LI><a href="#[13]">SetGprsPsw2</a> from config.o(.text) referenced 2 times from config.o(.data)
 <LI><a href="#[e]">SetGprsUname1</a> from config.o(.text) referenced 2 times from config.o(.data)
 <LI><a href="#[12]">SetGprsUname2</a> from config.o(.text) referenced 2 times from config.o(.data)
 <LI><a href="#[15]">SetMainIp</a> from config.o(.text) referenced 2 times from config.o(.data)
 <LI><a href="#[16]">SetMainPort</a> from config.o(.text) referenced 2 times from config.o(.data)
 <LI><a href="#[1c]">SetNavFilter</a> from config.o(.text) referenced 2 times from config.o(.data)
 <LI><a href="#[1f]">SetPacketPrioFilter</a> from config.o(.text) referenced 2 times from config.o(.data)
 <LI><a href="#[1e]">SetPacketSendDist</a> from config.o(.text) referenced 2 times from config.o(.data)
 <LI><a href="#[1d]">SetPacketSendTime</a> from config.o(.text) referenced 2 times from config.o(.data)
 <LI><a href="#[1b]">SetPointStoreAngle</a> from config.o(.text) referenced 2 times from config.o(.data)
 <LI><a href="#[1a]">SetPointStoreDist</a> from config.o(.text) referenced 2 times from config.o(.data)
 <LI><a href="#[19]">SetPointStoreTime</a> from config.o(.text) referenced 2 times from config.o(.data)
 <LI><a href="#[24]">SetProtocol</a> from config.o(.text) referenced 2 times from config.o(.data)
 <LI><a href="#[17]">SetServiceIp</a> from config.o(.text) referenced 2 times from config.o(.data)
 <LI><a href="#[18]">SetServicePort</a> from config.o(.text) referenced 2 times from config.o(.data)
 <LI><a href="#[25]">SetSim</a> from config.o(.text) referenced 2 times from config.o(.data)
 <LI><a href="#[10]">SetUssdBalance1</a> from config.o(.text) referenced 2 times from config.o(.data)
 <LI><a href="#[14]">SetUssdBalance2</a> from config.o(.text) referenced 2 times from config.o(.data)
 <LI><a href="#[26]">Start</a> from config.o(.text) referenced 2 times from config.o(.data)
 <LI><a href="#[27]">Stop</a> from config.o(.text) referenced 2 times from config.o(.data)
 <LI><a href="#[52]">SysTick_Handler</a> from bsp.o(.text) referenced from startup_stm32f10x_hd.o(RESET)
 <LI><a href="#[8f]">SystemInit_ExtMemCtl</a> from startup_stm32f10x_hd.o(.text) referenced from startup_stm32f10x_hd.o(.text)
 <LI><a href="#[55]">TAMPER_IRQHandler</a> from startup_stm32f10x_hd.o(.text) referenced from startup_stm32f10x_hd.o(RESET)
 <LI><a href="#[6b]">TIM1_BRK_IRQHandler</a> from startup_stm32f10x_hd.o(.text) referenced from startup_stm32f10x_hd.o(RESET)
 <LI><a href="#[6e]">TIM1_CC_IRQHandler</a> from startup_stm32f10x_hd.o(.text) referenced from startup_stm32f10x_hd.o(RESET)
 <LI><a href="#[6d]">TIM1_TRG_COM_IRQHandler</a> from startup_stm32f10x_hd.o(.text) referenced from startup_stm32f10x_hd.o(RESET)
 <LI><a href="#[6c]">TIM1_UP_IRQHandler</a> from io.o(.text) referenced from startup_stm32f10x_hd.o(RESET)
 <LI><a href="#[6f]">TIM2_IRQHandler</a> from startup_stm32f10x_hd.o(.text) referenced from startup_stm32f10x_hd.o(RESET)
 <LI><a href="#[70]">TIM3_IRQHandler</a> from startup_stm32f10x_hd.o(.text) referenced from startup_stm32f10x_hd.o(RESET)
 <LI><a href="#[71]">TIM4_IRQHandler</a> from startup_stm32f10x_hd.o(.text) referenced from startup_stm32f10x_hd.o(RESET)
 <LI><a href="#[85]">TIM5_IRQHandler</a> from startup_stm32f10x_hd.o(.text) referenced from startup_stm32f10x_hd.o(RESET)
 <LI><a href="#[89]">TIM6_IRQHandler</a> from startup_stm32f10x_hd.o(.text) referenced from startup_stm32f10x_hd.o(RESET)
 <LI><a href="#[8a]">TIM7_IRQHandler</a> from io.o(.text) referenced from startup_stm32f10x_hd.o(RESET)
 <LI><a href="#[7e]">TIM8_BRK_IRQHandler</a> from startup_stm32f10x_hd.o(.text) referenced from startup_stm32f10x_hd.o(RESET)
 <LI><a href="#[81]">TIM8_CC_IRQHandler</a> from startup_stm32f10x_hd.o(.text) referenced from startup_stm32f10x_hd.o(RESET)
 <LI><a href="#[80]">TIM8_TRG_COM_IRQHandler</a> from startup_stm32f10x_hd.o(.text) referenced from startup_stm32f10x_hd.o(RESET)
 <LI><a href="#[7f]">TIM8_UP_IRQHandler</a> from startup_stm32f10x_hd.o(.text) referenced from startup_stm32f10x_hd.o(RESET)
 <LI><a href="#[48]">TL10ReadId_rx_handler</a> from tl10.o(.text) referenced 2 times from tl10.o(.data)
 <LI><a href="#[47]">TL10ReadId_tx_handler</a> from tl10.o(.text) referenced 2 times from tl10.o(.data)
 <LI><a href="#[87]">UART4_IRQHandler</a> from nmea_parser.o(.text) referenced from startup_stm32f10x_hd.o(RESET)
 <LI><a href="#[88]">UART5_IRQHandler</a> from io.o(.text) referenced from startup_stm32f10x_hd.o(RESET)
 <LI><a href="#[78]">USART1_IRQHandler</a> from modem_sim900.o(.text) referenced from startup_stm32f10x_hd.o(RESET)
 <LI><a href="#[79]">USART2_IRQHandler</a> from startup_stm32f10x_hd.o(.text) referenced from startup_stm32f10x_hd.o(RESET)
 <LI><a href="#[7a]">USART3_IRQHandler</a> from startup_stm32f10x_hd.o(.text) referenced from startup_stm32f10x_hd.o(RESET)
 <LI><a href="#[7d]">USBWakeUp_IRQHandler</a> from startup_stm32f10x_hd.o(.text) referenced from startup_stm32f10x_hd.o(RESET)
 <LI><a href="#[66]">USB_HP_CAN1_TX_IRQHandler</a> from startup_stm32f10x_hd.o(.text) referenced from startup_stm32f10x_hd.o(RESET)
 <LI><a href="#[67]">USB_LP_CAN1_RX0_IRQHandler</a> from startup_stm32f10x_hd.o(.text) referenced from startup_stm32f10x_hd.o(RESET)
 <LI><a href="#[4e]">UsageFault_Handler</a> from main.o(.text) referenced from startup_stm32f10x_hd.o(RESET)
 <LI><a href="#[53]">WWDG_IRQHandler</a> from startup_stm32f10x_hd.o(.text) referenced from startup_stm32f10x_hd.o(RESET)
 <LI><a href="#[133]">__main</a> from __main.o(!!!main) referenced from startup_stm32f10x_hd.o(.text)
 <LI><a href="#[123]">_get_lc_ctype</a> from lc_ctype_c.o(locale$$code) referenced from rt_ctype_table.o(.text)
 <LI><a href="#[125]">_printf_input_char</a> from _printf_char_common.o(.text) referenced from _printf_char_common.o(.text)
 <LI><a href="#[127]">_sbackspace</a> from _sgetc.o(.text) referenced from strtod.o(.text)
 <LI><a href="#[126]">_sgetc</a> from _sgetc.o(.text) referenced from strtod.o(.text)
 <LI><a href="#[124]">_sputc</a> from _sputc.o(.text) referenced 2 times from __2sprintf.o(.text)
 <LI><a href="#[128]">isspace</a> from isspace.o(.text) referenced from strtod.o(.text)
 <LI><a href="#[92]">svc_ret</a> from qk_port.o(.text) referenced from qk_port.o(.text)
</UL>
<P>
<H3>
Global Symbols
</H3>
<P><STRONG><a name="[133]"></a>__main</STRONG> (Thumb, 8 bytes, Stack size 0 bytes, __main.o(!!!main))
<BR><BR>[Calls]<UL><LI><a href="#[135]">&gt;&gt;</a>&nbsp;&nbsp;&nbsp;__rt_entry
<LI><a href="#[134]">&gt;&gt;</a>&nbsp;&nbsp;&nbsp;__scatterload
</UL>

<P><STRONG><a name="[134]"></a>__scatterload</STRONG> (Thumb, 0 bytes, Stack size unknown bytes, __scatter.o(!!!scatter))
<BR><BR>[Called By]<UL><LI><a href="#[133]">&gt;&gt;</a>&nbsp;&nbsp;&nbsp;__main
</UL>

<P><STRONG><a name="[136]"></a>__scatterload_rt2</STRONG> (Thumb, 44 bytes, Stack size unknown bytes, __scatter.o(!!!scatter), UNUSED)
<BR><BR>[Calls]<UL><LI><a href="#[135]">&gt;&gt;</a>&nbsp;&nbsp;&nbsp;__rt_entry
</UL>

<P><STRONG><a name="[366]"></a>__scatterload_rt2_thumb_only</STRONG> (Thumb, 0 bytes, Stack size unknown bytes, __scatter.o(!!!scatter), UNUSED)

<P><STRONG><a name="[367]"></a>__scatterload_null</STRONG> (Thumb, 0 bytes, Stack size unknown bytes, __scatter.o(!!!scatter), UNUSED)

<P><STRONG><a name="[368]"></a>__decompress</STRONG> (Thumb, 90 bytes, Stack size unknown bytes, __dczerorl2.o(!!dczerorl2), UNUSED)

<P><STRONG><a name="[369]"></a>__decompress1</STRONG> (Thumb, 0 bytes, Stack size unknown bytes, __dczerorl2.o(!!dczerorl2), UNUSED)

<P><STRONG><a name="[36a]"></a>__scatterload_zeroinit</STRONG> (Thumb, 28 bytes, Stack size unknown bytes, __scatter_zi.o(!!handler_zi), UNUSED)

<P><STRONG><a name="[137]"></a>_printf_n</STRONG> (Thumb, 0 bytes, Stack size unknown bytes, _printf_n.o(.ARM.Collect$$_printf_percent$$00000001))
<BR><BR>[Calls]<UL><LI><a href="#[138]">&gt;&gt;</a>&nbsp;&nbsp;&nbsp;_printf_charcount
</UL>

<P><STRONG><a name="[300]"></a>_printf_percent</STRONG> (Thumb, 0 bytes, Stack size unknown bytes, _printf_percent.o(.ARM.Collect$$_printf_percent$$00000000))
<BR><BR>[Called By]<UL><LI><a href="#[2fe]">&gt;&gt;</a>&nbsp;&nbsp;&nbsp;__printf
</UL>

<P><STRONG><a name="[139]"></a>_printf_p</STRONG> (Thumb, 0 bytes, Stack size unknown bytes, _printf_p.o(.ARM.Collect$$_printf_percent$$00000002))
<BR><BR>[Stack]<UL><LI>Max Depth = 64 + Unknown Stack Size
<LI>Call Chain = _printf_p &rArr; _printf_hex_ptr &rArr; _printf_longlong_hex &rArr; _printf_int_common &rArr; _printf_post_padding
</UL>
<BR>[Calls]<UL><LI><a href="#[13a]">&gt;&gt;</a>&nbsp;&nbsp;&nbsp;_printf_hex_ptr
</UL>

<P><STRONG><a name="[13b]"></a>_printf_f</STRONG> (Thumb, 0 bytes, Stack size unknown bytes, _printf_f.o(.ARM.Collect$$_printf_percent$$00000003))
<BR><BR>[Stack]<UL><LI>Max Depth = 320 + Unknown Stack Size
<LI>Call Chain = _printf_f &rArr; _printf_fp_dec &rArr; _printf_fp_dec_real &rArr; _fp_digits &rArr; _btod_etento &rArr; _btod_emul &rArr; _e2e
</UL>
<BR>[Calls]<UL><LI><a href="#[13c]">&gt;&gt;</a>&nbsp;&nbsp;&nbsp;_printf_fp_dec
</UL>

<P><STRONG><a name="[13d]"></a>_printf_e</STRONG> (Thumb, 0 bytes, Stack size unknown bytes, _printf_e.o(.ARM.Collect$$_printf_percent$$00000004))
<BR><BR>[Stack]<UL><LI>Max Depth = 320 + Unknown Stack Size
<LI>Call Chain = _printf_e &rArr; _printf_fp_dec &rArr; _printf_fp_dec_real &rArr; _fp_digits &rArr; _btod_etento &rArr; _btod_emul &rArr; _e2e
</UL>
<BR>[Calls]<UL><LI><a href="#[13c]">&gt;&gt;</a>&nbsp;&nbsp;&nbsp;_printf_fp_dec
</UL>

<P><STRONG><a name="[13e]"></a>_printf_g</STRONG> (Thumb, 0 bytes, Stack size unknown bytes, _printf_g.o(.ARM.Collect$$_printf_percent$$00000005))
<BR><BR>[Stack]<UL><LI>Max Depth = 320 + Unknown Stack Size
<LI>Call Chain = _printf_g &rArr; _printf_fp_dec &rArr; _printf_fp_dec_real &rArr; _fp_digits &rArr; _btod_etento &rArr; _btod_emul &rArr; _e2e
</UL>
<BR>[Calls]<UL><LI><a href="#[13c]">&gt;&gt;</a>&nbsp;&nbsp;&nbsp;_printf_fp_dec
</UL>

<P><STRONG><a name="[13f]"></a>_printf_a</STRONG> (Thumb, 0 bytes, Stack size unknown bytes, _printf_a.o(.ARM.Collect$$_printf_percent$$00000006))
<BR><BR>[Stack]<UL><LI>Max Depth = 112 + Unknown Stack Size
<LI>Call Chain = _printf_a &rArr; _printf_fp_hex &rArr; _printf_fp_hex_real &rArr; _printf_fp_infnan &rArr; _printf_post_padding
</UL>
<BR>[Calls]<UL><LI><a href="#[140]">&gt;&gt;</a>&nbsp;&nbsp;&nbsp;_printf_fp_hex
</UL>

<P><STRONG><a name="[36b]"></a>_printf_ll</STRONG> (Thumb, 0 bytes, Stack size unknown bytes, _printf_ll.o(.ARM.Collect$$_printf_percent$$00000007))

<P><STRONG><a name="[141]"></a>_printf_i</STRONG> (Thumb, 0 bytes, Stack size unknown bytes, _printf_i.o(.ARM.Collect$$_printf_percent$$00000008))
<BR><BR>[Stack]<UL><LI>Max Depth = 72 + Unknown Stack Size
<LI>Call Chain = _printf_i &rArr; _printf_int_dec &rArr; _printf_int_common &rArr; _printf_post_padding
</UL>
<BR>[Calls]<UL><LI><a href="#[142]">&gt;&gt;</a>&nbsp;&nbsp;&nbsp;_printf_int_dec
</UL>

<P><STRONG><a name="[143]"></a>_printf_d</STRONG> (Thumb, 0 bytes, Stack size unknown bytes, _printf_d.o(.ARM.Collect$$_printf_percent$$00000009))
<BR><BR>[Stack]<UL><LI>Max Depth = 72 + Unknown Stack Size
<LI>Call Chain = _printf_d &rArr; _printf_int_dec &rArr; _printf_int_common &rArr; _printf_post_padding
</UL>
<BR>[Calls]<UL><LI><a href="#[142]">&gt;&gt;</a>&nbsp;&nbsp;&nbsp;_printf_int_dec
</UL>

<P><STRONG><a name="[144]"></a>_printf_u</STRONG> (Thumb, 0 bytes, Stack size unknown bytes, _printf_u.o(.ARM.Collect$$_printf_percent$$0000000A))
<BR><BR>[Stack]<UL><LI>Max Depth = 72 + Unknown Stack Size
<LI>Call Chain = _printf_u &rArr; _printf_int_dec &rArr; _printf_int_common &rArr; _printf_post_padding
</UL>
<BR>[Calls]<UL><LI><a href="#[142]">&gt;&gt;</a>&nbsp;&nbsp;&nbsp;_printf_int_dec
</UL>

<P><STRONG><a name="[145]"></a>_printf_o</STRONG> (Thumb, 0 bytes, Stack size unknown bytes, _printf_o.o(.ARM.Collect$$_printf_percent$$0000000B))
<BR><BR>[Stack]<UL><LI>Max Depth = 64 + Unknown Stack Size
<LI>Call Chain = _printf_o &rArr; _printf_int_oct &rArr; _printf_longlong_oct &rArr; _printf_int_common &rArr; _printf_post_padding
</UL>
<BR>[Calls]<UL><LI><a href="#[146]">&gt;&gt;</a>&nbsp;&nbsp;&nbsp;_printf_int_oct
</UL>

<P><STRONG><a name="[147]"></a>_printf_x</STRONG> (Thumb, 0 bytes, Stack size unknown bytes, _printf_x.o(.ARM.Collect$$_printf_percent$$0000000C))
<BR><BR>[Stack]<UL><LI>Max Depth = 80 + Unknown Stack Size
<LI>Call Chain = _printf_x &rArr; _printf_int_hex &rArr; _printf_longlong_hex &rArr; _printf_int_common &rArr; _printf_post_padding
</UL>
<BR>[Calls]<UL><LI><a href="#[148]">&gt;&gt;</a>&nbsp;&nbsp;&nbsp;_printf_int_hex
</UL>

<P><STRONG><a name="[149]"></a>_printf_lli</STRONG> (Thumb, 0 bytes, Stack size unknown bytes, _printf_lli.o(.ARM.Collect$$_printf_percent$$0000000D))
<BR><BR>[Stack]<UL><LI>Max Depth = 72 + Unknown Stack Size
<LI>Call Chain = _printf_lli &rArr; _printf_longlong_dec &rArr; _printf_int_common &rArr; _printf_post_padding
</UL>
<BR>[Calls]<UL><LI><a href="#[14a]">&gt;&gt;</a>&nbsp;&nbsp;&nbsp;_printf_longlong_dec
</UL>

<P><STRONG><a name="[14b]"></a>_printf_lld</STRONG> (Thumb, 0 bytes, Stack size unknown bytes, _printf_lld.o(.ARM.Collect$$_printf_percent$$0000000E))
<BR><BR>[Stack]<UL><LI>Max Depth = 72 + Unknown Stack Size
<LI>Call Chain = _printf_lld &rArr; _printf_longlong_dec &rArr; _printf_int_common &rArr; _printf_post_padding
</UL>
<BR>[Calls]<UL><LI><a href="#[14a]">&gt;&gt;</a>&nbsp;&nbsp;&nbsp;_printf_longlong_dec
</UL>

<P><STRONG><a name="[14c]"></a>_printf_llu</STRONG> (Thumb, 0 bytes, Stack size unknown bytes, _printf_llu.o(.ARM.Collect$$_printf_percent$$0000000F))
<BR><BR>[Stack]<UL><LI>Max Depth = 72 + Unknown Stack Size
<LI>Call Chain = _printf_llu &rArr; _printf_longlong_dec &rArr; _printf_int_common &rArr; _printf_post_padding
</UL>
<BR>[Calls]<UL><LI><a href="#[14a]">&gt;&gt;</a>&nbsp;&nbsp;&nbsp;_printf_longlong_dec
</UL>

<P><STRONG><a name="[14d]"></a>_printf_llo</STRONG> (Thumb, 0 bytes, Stack size unknown bytes, _printf_llo.o(.ARM.Collect$$_printf_percent$$00000010))
<BR><BR>[Stack]<UL><LI>Max Depth = 56 + Unknown Stack Size
<LI>Call Chain = _printf_llo &rArr; _printf_ll_oct &rArr; _printf_longlong_oct &rArr; _printf_int_common &rArr; _printf_post_padding
</UL>
<BR>[Calls]<UL><LI><a href="#[14e]">&gt;&gt;</a>&nbsp;&nbsp;&nbsp;_printf_ll_oct
</UL>

<P><STRONG><a name="[14f]"></a>_printf_llx</STRONG> (Thumb, 0 bytes, Stack size unknown bytes, _printf_llx.o(.ARM.Collect$$_printf_percent$$00000011))
<BR><BR>[Stack]<UL><LI>Max Depth = 64 + Unknown Stack Size
<LI>Call Chain = _printf_llx &rArr; _printf_ll_hex &rArr; _printf_longlong_hex &rArr; _printf_int_common &rArr; _printf_post_padding
</UL>
<BR>[Calls]<UL><LI><a href="#[150]">&gt;&gt;</a>&nbsp;&nbsp;&nbsp;_printf_ll_hex
</UL>

<P><STRONG><a name="[36c]"></a>_printf_l</STRONG> (Thumb, 0 bytes, Stack size unknown bytes, _printf_l.o(.ARM.Collect$$_printf_percent$$00000012))

<P><STRONG><a name="[151]"></a>_printf_c</STRONG> (Thumb, 0 bytes, Stack size unknown bytes, _printf_c.o(.ARM.Collect$$_printf_percent$$00000013))
<BR><BR>[Stack]<UL><LI>Max Depth = 40 + Unknown Stack Size
<LI>Call Chain = _printf_c &rArr; _printf_char &rArr; _printf_cs_common &rArr; _printf_str &rArr; _printf_post_padding
</UL>
<BR>[Calls]<UL><LI><a href="#[152]">&gt;&gt;</a>&nbsp;&nbsp;&nbsp;_printf_char
</UL>

<P><STRONG><a name="[153]"></a>_printf_s</STRONG> (Thumb, 0 bytes, Stack size unknown bytes, _printf_s.o(.ARM.Collect$$_printf_percent$$00000014))
<BR><BR>[Stack]<UL><LI>Max Depth = 40 + Unknown Stack Size
<LI>Call Chain = _printf_s &rArr; _printf_string &rArr; _printf_cs_common &rArr; _printf_str &rArr; _printf_post_padding
</UL>
<BR>[Calls]<UL><LI><a href="#[154]">&gt;&gt;</a>&nbsp;&nbsp;&nbsp;_printf_string
</UL>

<P><STRONG><a name="[155]"></a>_printf_lc</STRONG> (Thumb, 0 bytes, Stack size unknown bytes, _printf_lc.o(.ARM.Collect$$_printf_percent$$00000015))
<BR><BR>[Stack]<UL><LI>Max Depth = 88 + Unknown Stack Size
<LI>Call Chain = _printf_lc &rArr; _printf_wchar &rArr; _printf_lcs_common &rArr; _printf_wctomb &rArr; _wcrtomb &rArr; __rt_ctype_table
</UL>
<BR>[Calls]<UL><LI><a href="#[156]">&gt;&gt;</a>&nbsp;&nbsp;&nbsp;_printf_wchar
</UL>

<P><STRONG><a name="[157]"></a>_printf_ls</STRONG> (Thumb, 0 bytes, Stack size unknown bytes, _printf_ls.o(.ARM.Collect$$_printf_percent$$00000016))
<BR><BR>[Stack]<UL><LI>Max Depth = 88 + Unknown Stack Size
<LI>Call Chain = _printf_ls &rArr; _printf_wstring &rArr; _printf_lcs_common &rArr; _printf_wctomb &rArr; _wcrtomb &rArr; __rt_ctype_table
</UL>
<BR>[Calls]<UL><LI><a href="#[158]">&gt;&gt;</a>&nbsp;&nbsp;&nbsp;_printf_wstring
</UL>

<P><STRONG><a name="[36d]"></a>_printf_percent_end</STRONG> (Thumb, 0 bytes, Stack size unknown bytes, _printf_percent_end.o(.ARM.Collect$$_printf_percent$$00000017))

<P><STRONG><a name="[163]"></a>__rt_lib_init</STRONG> (Thumb, 0 bytes, Stack size unknown bytes, libinit.o(.ARM.Collect$$libinit$$00000000))
<BR><BR>[Called By]<UL><LI><a href="#[162]">&gt;&gt;</a>&nbsp;&nbsp;&nbsp;__rt_entry_li
</UL>

<P><STRONG><a name="[36e]"></a>__rt_lib_init_fp_1</STRONG> (Thumb, 0 bytes, Stack size unknown bytes, libinit2.o(.ARM.Collect$$libinit$$00000002))

<P><STRONG><a name="[36f]"></a>__rt_lib_init_heap_1</STRONG> (Thumb, 0 bytes, Stack size unknown bytes, libinit2.o(.ARM.Collect$$libinit$$0000000A))

<P><STRONG><a name="[159]"></a>__rt_lib_init_lc_common</STRONG> (Thumb, 0 bytes, Stack size unknown bytes, libinit2.o(.ARM.Collect$$libinit$$0000000F))
<BR><BR>[Calls]<UL><LI><a href="#[15a]">&gt;&gt;</a>&nbsp;&nbsp;&nbsp;__rt_locale
</UL>

<P><STRONG><a name="[370]"></a>__rt_lib_init_preinit_1</STRONG> (Thumb, 0 bytes, Stack size unknown bytes, libinit2.o(.ARM.Collect$$libinit$$00000004))

<P><STRONG><a name="[371]"></a>__rt_lib_init_rand_1</STRONG> (Thumb, 0 bytes, Stack size unknown bytes, libinit2.o(.ARM.Collect$$libinit$$0000000E))

<P><STRONG><a name="[372]"></a>__rt_lib_init_user_alloc_1</STRONG> (Thumb, 0 bytes, Stack size unknown bytes, libinit2.o(.ARM.Collect$$libinit$$0000000C))

<P><STRONG><a name="[373]"></a>__rt_lib_init_lc_collate_1</STRONG> (Thumb, 0 bytes, Stack size unknown bytes, libinit2.o(.ARM.Collect$$libinit$$00000011))

<P><STRONG><a name="[15b]"></a>__rt_lib_init_lc_ctype_2</STRONG> (Thumb, 0 bytes, Stack size unknown bytes, libinit2.o(.ARM.Collect$$libinit$$00000012))
<BR><BR>[Stack]<UL><LI>Max Depth = 8 + Unknown Stack Size
<LI>Call Chain = __rt_lib_init_lc_ctype_2 &rArr; _get_lc_ctype
</UL>
<BR>[Calls]<UL><LI><a href="#[123]">&gt;&gt;</a>&nbsp;&nbsp;&nbsp;_get_lc_ctype
</UL>

<P><STRONG><a name="[374]"></a>__rt_lib_init_lc_ctype_1</STRONG> (Thumb, 0 bytes, Stack size unknown bytes, libinit2.o(.ARM.Collect$$libinit$$00000013))

<P><STRONG><a name="[375]"></a>__rt_lib_init_lc_monetary_1</STRONG> (Thumb, 0 bytes, Stack size unknown bytes, libinit2.o(.ARM.Collect$$libinit$$00000015))

<P><STRONG><a name="[15c]"></a>__rt_lib_init_lc_numeric_2</STRONG> (Thumb, 0 bytes, Stack size unknown bytes, libinit2.o(.ARM.Collect$$libinit$$00000016))
<BR><BR>[Stack]<UL><LI>Max Depth = 8 + Unknown Stack Size
<LI>Call Chain = __rt_lib_init_lc_numeric_2 &rArr; _get_lc_numeric
</UL>
<BR>[Calls]<UL><LI><a href="#[15d]">&gt;&gt;</a>&nbsp;&nbsp;&nbsp;_get_lc_numeric
</UL>

<P><STRONG><a name="[376]"></a>__rt_lib_init_lc_numeric_1</STRONG> (Thumb, 0 bytes, Stack size unknown bytes, libinit2.o(.ARM.Collect$$libinit$$00000017))

<P><STRONG><a name="[15e]"></a>__rt_lib_init_lc_time_2</STRONG> (Thumb, 0 bytes, Stack size unknown bytes, libinit2.o(.ARM.Collect$$libinit$$00000018))
<BR><BR>[Stack]<UL><LI>Max Depth = 8 + Unknown Stack Size
<LI>Call Chain = __rt_lib_init_lc_time_2 &rArr; _get_lc_time
</UL>
<BR>[Calls]<UL><LI><a href="#[15f]">&gt;&gt;</a>&nbsp;&nbsp;&nbsp;_get_lc_time
</UL>

<P><STRONG><a name="[377]"></a>__rt_lib_init_alloca_1</STRONG> (Thumb, 0 bytes, Stack size unknown bytes, libinit2.o(.ARM.Collect$$libinit$$0000002E))

<P><STRONG><a name="[378]"></a>__rt_lib_init_argv_1</STRONG> (Thumb, 0 bytes, Stack size unknown bytes, libinit2.o(.ARM.Collect$$libinit$$0000002C))

<P><STRONG><a name="[379]"></a>__rt_lib_init_atexit_1</STRONG> (Thumb, 0 bytes, Stack size unknown bytes, libinit2.o(.ARM.Collect$$libinit$$0000001B))

<P><STRONG><a name="[37a]"></a>__rt_lib_init_clock_1</STRONG> (Thumb, 0 bytes, Stack size unknown bytes, libinit2.o(.ARM.Collect$$libinit$$00000021))

<P><STRONG><a name="[37b]"></a>__rt_lib_init_cpp_1</STRONG> (Thumb, 0 bytes, Stack size unknown bytes, libinit2.o(.ARM.Collect$$libinit$$00000032))

<P><STRONG><a name="[37c]"></a>__rt_lib_init_exceptions_1</STRONG> (Thumb, 0 bytes, Stack size unknown bytes, libinit2.o(.ARM.Collect$$libinit$$00000030))

<P><STRONG><a name="[37d]"></a>__rt_lib_init_fp_trap_1</STRONG> (Thumb, 0 bytes, Stack size unknown bytes, libinit2.o(.ARM.Collect$$libinit$$0000001F))

<P><STRONG><a name="[37e]"></a>__rt_lib_init_getenv_1</STRONG> (Thumb, 0 bytes, Stack size unknown bytes, libinit2.o(.ARM.Collect$$libinit$$00000023))

<P><STRONG><a name="[37f]"></a>__rt_lib_init_lc_time_1</STRONG> (Thumb, 0 bytes, Stack size unknown bytes, libinit2.o(.ARM.Collect$$libinit$$00000019))

<P><STRONG><a name="[380]"></a>__rt_lib_init_return</STRONG> (Thumb, 0 bytes, Stack size unknown bytes, libinit2.o(.ARM.Collect$$libinit$$00000033))

<P><STRONG><a name="[381]"></a>__rt_lib_init_signal_1</STRONG> (Thumb, 0 bytes, Stack size unknown bytes, libinit2.o(.ARM.Collect$$libinit$$0000001D))

<P><STRONG><a name="[382]"></a>__rt_lib_init_stdio_1</STRONG> (Thumb, 0 bytes, Stack size unknown bytes, libinit2.o(.ARM.Collect$$libinit$$00000025))

<P><STRONG><a name="[168]"></a>__rt_lib_shutdown</STRONG> (Thumb, 0 bytes, Stack size unknown bytes, libshutdown.o(.ARM.Collect$$libshutdown$$00000000))
<BR><BR>[Called By]<UL><LI><a href="#[167]">&gt;&gt;</a>&nbsp;&nbsp;&nbsp;__rt_exit_ls
</UL>

<P><STRONG><a name="[383]"></a>__rt_lib_shutdown_fp_trap_1</STRONG> (Thumb, 0 bytes, Stack size unknown bytes, libshutdown2.o(.ARM.Collect$$libshutdown$$00000006))

<P><STRONG><a name="[384]"></a>__rt_lib_shutdown_heap_1</STRONG> (Thumb, 0 bytes, Stack size unknown bytes, libshutdown2.o(.ARM.Collect$$libshutdown$$0000000E))

<P><STRONG><a name="[385]"></a>__rt_lib_shutdown_return</STRONG> (Thumb, 0 bytes, Stack size unknown bytes, libshutdown2.o(.ARM.Collect$$libshutdown$$0000000F))

<P><STRONG><a name="[386]"></a>__rt_lib_shutdown_signal_1</STRONG> (Thumb, 0 bytes, Stack size unknown bytes, libshutdown2.o(.ARM.Collect$$libshutdown$$00000009))

<P><STRONG><a name="[387]"></a>__rt_lib_shutdown_stdio_1</STRONG> (Thumb, 0 bytes, Stack size unknown bytes, libshutdown2.o(.ARM.Collect$$libshutdown$$00000003))

<P><STRONG><a name="[388]"></a>__rt_lib_shutdown_user_alloc_1</STRONG> (Thumb, 0 bytes, Stack size unknown bytes, libshutdown2.o(.ARM.Collect$$libshutdown$$0000000B))

<P><STRONG><a name="[135]"></a>__rt_entry</STRONG> (Thumb, 0 bytes, Stack size unknown bytes, __rtentry.o(.ARM.Collect$$rtentry$$00000000))
<BR><BR>[Called By]<UL><LI><a href="#[133]">&gt;&gt;</a>&nbsp;&nbsp;&nbsp;__main
<LI><a href="#[136]">&gt;&gt;</a>&nbsp;&nbsp;&nbsp;__scatterload_rt2
</UL>

<P><STRONG><a name="[389]"></a>__rt_entry_presh_1</STRONG> (Thumb, 0 bytes, Stack size unknown bytes, __rtentry2.o(.ARM.Collect$$rtentry$$00000002))

<P><STRONG><a name="[160]"></a>__rt_entry_sh</STRONG> (Thumb, 0 bytes, Stack size unknown bytes, __rtentry4.o(.ARM.Collect$$rtentry$$00000004))
<BR><BR>[Stack]<UL><LI>Max Depth = 8 + Unknown Stack Size
<LI>Call Chain = __rt_entry_sh &rArr; __user_setup_stackheap
</UL>
<BR>[Calls]<UL><LI><a href="#[161]">&gt;&gt;</a>&nbsp;&nbsp;&nbsp;__user_setup_stackheap
</UL>

<P><STRONG><a name="[162]"></a>__rt_entry_li</STRONG> (Thumb, 0 bytes, Stack size unknown bytes, __rtentry2.o(.ARM.Collect$$rtentry$$0000000A))
<BR><BR>[Calls]<UL><LI><a href="#[163]">&gt;&gt;</a>&nbsp;&nbsp;&nbsp;__rt_lib_init
</UL>

<P><STRONG><a name="[38a]"></a>__rt_entry_postsh_1</STRONG> (Thumb, 0 bytes, Stack size unknown bytes, __rtentry2.o(.ARM.Collect$$rtentry$$00000009))

<P><STRONG><a name="[164]"></a>__rt_entry_main</STRONG> (Thumb, 0 bytes, Stack size unknown bytes, __rtentry2.o(.ARM.Collect$$rtentry$$0000000D))
<BR><BR>[Stack]<UL><LI>Max Depth = 228 + Unknown Stack Size
<LI>Call Chain = __rt_entry_main &rArr; main &rArr; Bsp_init &rArr; QS_onStartup &rArr; QS_initBuf &rArr; Q_onAssert &rArr; strcpy
</UL>
<BR>[Calls]<UL><LI><a href="#[165]">&gt;&gt;</a>&nbsp;&nbsp;&nbsp;main
<LI><a href="#[166]">&gt;&gt;</a>&nbsp;&nbsp;&nbsp;exit
</UL>

<P><STRONG><a name="[38b]"></a>__rt_entry_postli_1</STRONG> (Thumb, 0 bytes, Stack size unknown bytes, __rtentry2.o(.ARM.Collect$$rtentry$$0000000C))

<P><STRONG><a name="[327]"></a>__rt_exit</STRONG> (Thumb, 0 bytes, Stack size unknown bytes, rtexit.o(.ARM.Collect$$rtexit$$00000000))
<BR><BR>[Called By]<UL><LI><a href="#[166]">&gt;&gt;</a>&nbsp;&nbsp;&nbsp;exit
</UL>

<P><STRONG><a name="[167]"></a>__rt_exit_ls</STRONG> (Thumb, 0 bytes, Stack size unknown bytes, rtexit2.o(.ARM.Collect$$rtexit$$00000003))
<BR><BR>[Calls]<UL><LI><a href="#[168]">&gt;&gt;</a>&nbsp;&nbsp;&nbsp;__rt_lib_shutdown
</UL>

<P><STRONG><a name="[38c]"></a>__rt_exit_prels_1</STRONG> (Thumb, 0 bytes, Stack size unknown bytes, rtexit2.o(.ARM.Collect$$rtexit$$00000002))

<P><STRONG><a name="[169]"></a>__rt_exit_exit</STRONG> (Thumb, 0 bytes, Stack size unknown bytes, rtexit2.o(.ARM.Collect$$rtexit$$00000004))
<BR><BR>[Calls]<UL><LI><a href="#[16a]">&gt;&gt;</a>&nbsp;&nbsp;&nbsp;_sys_exit
</UL>

<P><STRONG><a name="[8f]"></a>SystemInit_ExtMemCtl</STRONG> (Thumb, 2 bytes, Stack size 0 bytes, startup_stm32f10x_hd.o(.text))
<BR>[Address Reference Count : 1]<UL><LI> startup_stm32f10x_hd.o(.text)
</UL>
<P><STRONG><a name="[49]"></a>Reset_Handler</STRONG> (Thumb, 14 bytes, Stack size 0 bytes, startup_stm32f10x_hd.o(.text))
<BR>[Address Reference Count : 1]<UL><LI> startup_stm32f10x_hd.o(RESET)
</UL>
<P><STRONG><a name="[4a]"></a>NMI_Handler</STRONG> (Thumb, 2 bytes, Stack size 0 bytes, startup_stm32f10x_hd.o(.text))
<BR><BR>[Calls]<UL><LI><a href="#[4a]">&gt;&gt;</a>&nbsp;&nbsp;&nbsp;NMI_Handler
</UL>
<BR>[Called By]<UL><LI><a href="#[4a]">&gt;&gt;</a>&nbsp;&nbsp;&nbsp;NMI_Handler
</UL>
<BR>[Address Reference Count : 1]<UL><LI> startup_stm32f10x_hd.o(RESET)
</UL>
<P><STRONG><a name="[50]"></a>DebugMon_Handler</STRONG> (Thumb, 2 bytes, Stack size 0 bytes, startup_stm32f10x_hd.o(.text))
<BR><BR>[Calls]<UL><LI><a href="#[50]">&gt;&gt;</a>&nbsp;&nbsp;&nbsp;DebugMon_Handler
</UL>
<BR>[Called By]<UL><LI><a href="#[50]">&gt;&gt;</a>&nbsp;&nbsp;&nbsp;DebugMon_Handler
</UL>
<BR>[Address Reference Count : 1]<UL><LI> startup_stm32f10x_hd.o(RESET)
</UL>
<P><STRONG><a name="[65]"></a>ADC1_2_IRQHandler</STRONG> (Thumb, 0 bytes, Stack size 0 bytes, startup_stm32f10x_hd.o(.text))
<BR><BR>[Calls]<UL><LI><a href="#[65]">&gt;&gt;</a>&nbsp;&nbsp;&nbsp;ADC1_2_IRQHandler
</UL>
<BR>[Called By]<UL><LI><a href="#[65]">&gt;&gt;</a>&nbsp;&nbsp;&nbsp;ADC1_2_IRQHandler
</UL>
<BR>[Address Reference Count : 1]<UL><LI> startup_stm32f10x_hd.o(RESET)
</UL>
<P><STRONG><a name="[82]"></a>ADC3_IRQHandler</STRONG> (Thumb, 0 bytes, Stack size 0 bytes, startup_stm32f10x_hd.o(.text))
<BR>[Address Reference Count : 1]<UL><LI> startup_stm32f10x_hd.o(RESET)
</UL>
<P><STRONG><a name="[68]"></a>CAN1_RX1_IRQHandler</STRONG> (Thumb, 0 bytes, Stack size 0 bytes, startup_stm32f10x_hd.o(.text))
<BR>[Address Reference Count : 1]<UL><LI> startup_stm32f10x_hd.o(RESET)
</UL>
<P><STRONG><a name="[69]"></a>CAN1_SCE_IRQHandler</STRONG> (Thumb, 0 bytes, Stack size 0 bytes, startup_stm32f10x_hd.o(.text))
<BR>[Address Reference Count : 1]<UL><LI> startup_stm32f10x_hd.o(RESET)
</UL>
<P><STRONG><a name="[5e]"></a>DMA1_Channel1_IRQHandler</STRONG> (Thumb, 0 bytes, Stack size 0 bytes, startup_stm32f10x_hd.o(.text))
<BR>[Address Reference Count : 1]<UL><LI> startup_stm32f10x_hd.o(RESET)
</UL>
<P><STRONG><a name="[5f]"></a>DMA1_Channel2_IRQHandler</STRONG> (Thumb, 0 bytes, Stack size 0 bytes, startup_stm32f10x_hd.o(.text))
<BR>[Address Reference Count : 1]<UL><LI> startup_stm32f10x_hd.o(RESET)
</UL>
<P><STRONG><a name="[60]"></a>DMA1_Channel3_IRQHandler</STRONG> (Thumb, 0 bytes, Stack size 0 bytes, startup_stm32f10x_hd.o(.text))
<BR>[Address Reference Count : 1]<UL><LI> startup_stm32f10x_hd.o(RESET)
</UL>
<P><STRONG><a name="[62]"></a>DMA1_Channel5_IRQHandler</STRONG> (Thumb, 0 bytes, Stack size 0 bytes, startup_stm32f10x_hd.o(.text))
<BR>[Address Reference Count : 1]<UL><LI> startup_stm32f10x_hd.o(RESET)
</UL>
<P><STRONG><a name="[63]"></a>DMA1_Channel6_IRQHandler</STRONG> (Thumb, 0 bytes, Stack size 0 bytes, startup_stm32f10x_hd.o(.text))
<BR>[Address Reference Count : 1]<UL><LI> startup_stm32f10x_hd.o(RESET)
</UL>
<P><STRONG><a name="[64]"></a>DMA1_Channel7_IRQHandler</STRONG> (Thumb, 0 bytes, Stack size 0 bytes, startup_stm32f10x_hd.o(.text))
<BR>[Address Reference Count : 1]<UL><LI> startup_stm32f10x_hd.o(RESET)
</UL>
<P><STRONG><a name="[8b]"></a>DMA2_Channel1_IRQHandler</STRONG> (Thumb, 0 bytes, Stack size 0 bytes, startup_stm32f10x_hd.o(.text))
<BR>[Address Reference Count : 1]<UL><LI> startup_stm32f10x_hd.o(RESET)
</UL>
<P><STRONG><a name="[8c]"></a>DMA2_Channel2_IRQHandler</STRONG> (Thumb, 0 bytes, Stack size 0 bytes, startup_stm32f10x_hd.o(.text))
<BR>[Address Reference Count : 1]<UL><LI> startup_stm32f10x_hd.o(RESET)
</UL>
<P><STRONG><a name="[8d]"></a>DMA2_Channel3_IRQHandler</STRONG> (Thumb, 0 bytes, Stack size 0 bytes, startup_stm32f10x_hd.o(.text))
<BR>[Address Reference Count : 1]<UL><LI> startup_stm32f10x_hd.o(RESET)
</UL>
<P><STRONG><a name="[8e]"></a>DMA2_Channel4_5_IRQHandler</STRONG> (Thumb, 0 bytes, Stack size 0 bytes, startup_stm32f10x_hd.o(.text))
<BR>[Address Reference Count : 1]<UL><LI> startup_stm32f10x_hd.o(RESET)
</UL>
<P><STRONG><a name="[59]"></a>EXTI0_IRQHandler</STRONG> (Thumb, 0 bytes, Stack size 0 bytes, startup_stm32f10x_hd.o(.text))
<BR>[Address Reference Count : 1]<UL><LI> startup_stm32f10x_hd.o(RESET)
</UL>
<P><STRONG><a name="[7b]"></a>EXTI15_10_IRQHandler</STRONG> (Thumb, 0 bytes, Stack size 0 bytes, startup_stm32f10x_hd.o(.text))
<BR>[Address Reference Count : 1]<UL><LI> startup_stm32f10x_hd.o(RESET)
</UL>
<P><STRONG><a name="[5a]"></a>EXTI1_IRQHandler</STRONG> (Thumb, 0 bytes, Stack size 0 bytes, startup_stm32f10x_hd.o(.text))
<BR>[Address Reference Count : 1]<UL><LI> startup_stm32f10x_hd.o(RESET)
</UL>
<P><STRONG><a name="[5b]"></a>EXTI2_IRQHandler</STRONG> (Thumb, 0 bytes, Stack size 0 bytes, startup_stm32f10x_hd.o(.text))
<BR>[Address Reference Count : 1]<UL><LI> startup_stm32f10x_hd.o(RESET)
</UL>
<P><STRONG><a name="[5c]"></a>EXTI3_IRQHandler</STRONG> (Thumb, 0 bytes, Stack size 0 bytes, startup_stm32f10x_hd.o(.text))
<BR>[Address Reference Count : 1]<UL><LI> startup_stm32f10x_hd.o(RESET)
</UL>
<P><STRONG><a name="[5d]"></a>EXTI4_IRQHandler</STRONG> (Thumb, 0 bytes, Stack size 0 bytes, startup_stm32f10x_hd.o(.text))
<BR>[Address Reference Count : 1]<UL><LI> startup_stm32f10x_hd.o(RESET)
</UL>
<P><STRONG><a name="[83]"></a>FSMC_IRQHandler</STRONG> (Thumb, 0 bytes, Stack size 0 bytes, startup_stm32f10x_hd.o(.text))
<BR>[Address Reference Count : 1]<UL><LI> startup_stm32f10x_hd.o(RESET)
</UL>
<P><STRONG><a name="[73]"></a>I2C1_ER_IRQHandler</STRONG> (Thumb, 0 bytes, Stack size 0 bytes, startup_stm32f10x_hd.o(.text))
<BR>[Address Reference Count : 1]<UL><LI> startup_stm32f10x_hd.o(RESET)
</UL>
<P><STRONG><a name="[72]"></a>I2C1_EV_IRQHandler</STRONG> (Thumb, 0 bytes, Stack size 0 bytes, startup_stm32f10x_hd.o(.text))
<BR>[Address Reference Count : 1]<UL><LI> startup_stm32f10x_hd.o(RESET)
</UL>
<P><STRONG><a name="[75]"></a>I2C2_ER_IRQHandler</STRONG> (Thumb, 0 bytes, Stack size 0 bytes, startup_stm32f10x_hd.o(.text))
<BR>[Address Reference Count : 1]<UL><LI> startup_stm32f10x_hd.o(RESET)
</UL>
<P><STRONG><a name="[74]"></a>I2C2_EV_IRQHandler</STRONG> (Thumb, 0 bytes, Stack size 0 bytes, startup_stm32f10x_hd.o(.text))
<BR>[Address Reference Count : 1]<UL><LI> startup_stm32f10x_hd.o(RESET)
</UL>
<P><STRONG><a name="[54]"></a>PVD_IRQHandler</STRONG> (Thumb, 0 bytes, Stack size 0 bytes, startup_stm32f10x_hd.o(.text))
<BR>[Address Reference Count : 1]<UL><LI> startup_stm32f10x_hd.o(RESET)
</UL>
<P><STRONG><a name="[58]"></a>RCC_IRQHandler</STRONG> (Thumb, 0 bytes, Stack size 0 bytes, startup_stm32f10x_hd.o(.text))
<BR>[Address Reference Count : 1]<UL><LI> startup_stm32f10x_hd.o(RESET)
</UL>
<P><STRONG><a name="[7c]"></a>RTCAlarm_IRQHandler</STRONG> (Thumb, 0 bytes, Stack size 0 bytes, startup_stm32f10x_hd.o(.text))
<BR>[Address Reference Count : 1]<UL><LI> startup_stm32f10x_hd.o(RESET)
</UL>
<P><STRONG><a name="[56]"></a>RTC_IRQHandler</STRONG> (Thumb, 0 bytes, Stack size 0 bytes, startup_stm32f10x_hd.o(.text))
<BR>[Address Reference Count : 1]<UL><LI> startup_stm32f10x_hd.o(RESET)
</UL>
<P><STRONG><a name="[84]"></a>SDIO_IRQHandler</STRONG> (Thumb, 0 bytes, Stack size 0 bytes, startup_stm32f10x_hd.o(.text))
<BR>[Address Reference Count : 1]<UL><LI> startup_stm32f10x_hd.o(RESET)
</UL>
<P><STRONG><a name="[76]"></a>SPI1_IRQHandler</STRONG> (Thumb, 0 bytes, Stack size 0 bytes, startup_stm32f10x_hd.o(.text))
<BR>[Address Reference Count : 1]<UL><LI> startup_stm32f10x_hd.o(RESET)
</UL>
<P><STRONG><a name="[77]"></a>SPI2_IRQHandler</STRONG> (Thumb, 0 bytes, Stack size 0 bytes, startup_stm32f10x_hd.o(.text))
<BR>[Address Reference Count : 1]<UL><LI> startup_stm32f10x_hd.o(RESET)
</UL>
<P><STRONG><a name="[86]"></a>SPI3_IRQHandler</STRONG> (Thumb, 0 bytes, Stack size 0 bytes, startup_stm32f10x_hd.o(.text))
<BR>[Address Reference Count : 1]<UL><LI> startup_stm32f10x_hd.o(RESET)
</UL>
<P><STRONG><a name="[55]"></a>TAMPER_IRQHandler</STRONG> (Thumb, 0 bytes, Stack size 0 bytes, startup_stm32f10x_hd.o(.text))
<BR>[Address Reference Count : 1]<UL><LI> startup_stm32f10x_hd.o(RESET)
</UL>
<P><STRONG><a name="[6b]"></a>TIM1_BRK_IRQHandler</STRONG> (Thumb, 0 bytes, Stack size 0 bytes, startup_stm32f10x_hd.o(.text))
<BR>[Address Reference Count : 1]<UL><LI> startup_stm32f10x_hd.o(RESET)
</UL>
<P><STRONG><a name="[6e]"></a>TIM1_CC_IRQHandler</STRONG> (Thumb, 0 bytes, Stack size 0 bytes, startup_stm32f10x_hd.o(.text))
<BR>[Address Reference Count : 1]<UL><LI> startup_stm32f10x_hd.o(RESET)
</UL>
<P><STRONG><a name="[6d]"></a>TIM1_TRG_COM_IRQHandler</STRONG> (Thumb, 0 bytes, Stack size 0 bytes, startup_stm32f10x_hd.o(.text))
<BR>[Address Reference Count : 1]<UL><LI> startup_stm32f10x_hd.o(RESET)
</UL>
<P><STRONG><a name="[6f]"></a>TIM2_IRQHandler</STRONG> (Thumb, 0 bytes, Stack size 0 bytes, startup_stm32f10x_hd.o(.text))
<BR>[Address Reference Count : 1]<UL><LI> startup_stm32f10x_hd.o(RESET)
</UL>
<P><STRONG><a name="[70]"></a>TIM3_IRQHandler</STRONG> (Thumb, 0 bytes, Stack size 0 bytes, startup_stm32f10x_hd.o(.text))
<BR>[Address Reference Count : 1]<UL><LI> startup_stm32f10x_hd.o(RESET)
</UL>
<P><STRONG><a name="[71]"></a>TIM4_IRQHandler</STRONG> (Thumb, 0 bytes, Stack size 0 bytes, startup_stm32f10x_hd.o(.text))
<BR>[Address Reference Count : 1]<UL><LI> startup_stm32f10x_hd.o(RESET)
</UL>
<P><STRONG><a name="[85]"></a>TIM5_IRQHandler</STRONG> (Thumb, 0 bytes, Stack size 0 bytes, startup_stm32f10x_hd.o(.text))
<BR>[Address Reference Count : 1]<UL><LI> startup_stm32f10x_hd.o(RESET)
</UL>
<P><STRONG><a name="[89]"></a>TIM6_IRQHandler</STRONG> (Thumb, 0 bytes, Stack size 0 bytes, startup_stm32f10x_hd.o(.text))
<BR>[Address Reference Count : 1]<UL><LI> startup_stm32f10x_hd.o(RESET)
</UL>
<P><STRONG><a name="[7e]"></a>TIM8_BRK_IRQHandler</STRONG> (Thumb, 0 bytes, Stack size 0 bytes, startup_stm32f10x_hd.o(.text))
<BR>[Address Reference Count : 1]<UL><LI> startup_stm32f10x_hd.o(RESET)
</UL>
<P><STRONG><a name="[81]"></a>TIM8_CC_IRQHandler</STRONG> (Thumb, 0 bytes, Stack size 0 bytes, startup_stm32f10x_hd.o(.text))
<BR>[Address Reference Count : 1]<UL><LI> startup_stm32f10x_hd.o(RESET)
</UL>
<P><STRONG><a name="[80]"></a>TIM8_TRG_COM_IRQHandler</STRONG> (Thumb, 0 bytes, Stack size 0 bytes, startup_stm32f10x_hd.o(.text))
<BR>[Address Reference Count : 1]<UL><LI> startup_stm32f10x_hd.o(RESET)
</UL>
<P><STRONG><a name="[7f]"></a>TIM8_UP_IRQHandler</STRONG> (Thumb, 0 bytes, Stack size 0 bytes, startup_stm32f10x_hd.o(.text))
<BR>[Address Reference Count : 1]<UL><LI> startup_stm32f10x_hd.o(RESET)
</UL>
<P><STRONG><a name="[79]"></a>USART2_IRQHandler</STRONG> (Thumb, 0 bytes, Stack size 0 bytes, startup_stm32f10x_hd.o(.text))
<BR>[Address Reference Count : 1]<UL><LI> startup_stm32f10x_hd.o(RESET)
</UL>
<P><STRONG><a name="[7a]"></a>USART3_IRQHandler</STRONG> (Thumb, 0 bytes, Stack size 0 bytes, startup_stm32f10x_hd.o(.text))
<BR>[Address Reference Count : 1]<UL><LI> startup_stm32f10x_hd.o(RESET)
</UL>
<P><STRONG><a name="[7d]"></a>USBWakeUp_IRQHandler</STRONG> (Thumb, 0 bytes, Stack size 0 bytes, startup_stm32f10x_hd.o(.text))
<BR>[Address Reference Count : 1]<UL><LI> startup_stm32f10x_hd.o(RESET)
</UL>
<P><STRONG><a name="[66]"></a>USB_HP_CAN1_TX_IRQHandler</STRONG> (Thumb, 0 bytes, Stack size 0 bytes, startup_stm32f10x_hd.o(.text))
<BR>[Address Reference Count : 1]<UL><LI> startup_stm32f10x_hd.o(RESET)
</UL>
<P><STRONG><a name="[67]"></a>USB_LP_CAN1_RX0_IRQHandler</STRONG> (Thumb, 0 bytes, Stack size 0 bytes, startup_stm32f10x_hd.o(.text))
<BR>[Address Reference Count : 1]<UL><LI> startup_stm32f10x_hd.o(RESET)
</UL>
<P><STRONG><a name="[53]"></a>WWDG_IRQHandler</STRONG> (Thumb, 0 bytes, Stack size 0 bytes, startup_stm32f10x_hd.o(.text))
<BR>[Address Reference Count : 1]<UL><LI> startup_stm32f10x_hd.o(RESET)
</UL>
<P><STRONG><a name="[31c]"></a>__user_initial_stackheap</STRONG> (Thumb, 0 bytes, Stack size unknown bytes, startup_stm32f10x_hd.o(.text))
<BR><BR>[Called By]<UL><LI><a href="#[161]">&gt;&gt;</a>&nbsp;&nbsp;&nbsp;__user_setup_stackheap
</UL>

<P><STRONG><a name="[38d]"></a>catch_handler</STRONG> (Thumb, 2 bytes, Stack size 0 bytes, main.o(.text), UNUSED)

<P><STRONG><a name="[4b]"></a>HardFault_Handler</STRONG> (Thumb, 30 bytes, Stack size 0 bytes, main.o(.text))
<BR>[Address Reference Count : 1]<UL><LI> startup_stm32f10x_hd.o(RESET)
</UL>
<P><STRONG><a name="[4c]"></a>MemManage_Handler</STRONG> (Thumb, 30 bytes, Stack size 0 bytes, main.o(.text))
<BR>[Address Reference Count : 1]<UL><LI> startup_stm32f10x_hd.o(RESET)
</UL>
<P><STRONG><a name="[4d]"></a>BusFault_Handler</STRONG> (Thumb, 30 bytes, Stack size 0 bytes, main.o(.text))
<BR>[Address Reference Count : 1]<UL><LI> startup_stm32f10x_hd.o(RESET)
</UL>
<P><STRONG><a name="[4e]"></a>UsageFault_Handler</STRONG> (Thumb, 30 bytes, Stack size 0 bytes, main.o(.text))
<BR>[Address Reference Count : 1]<UL><LI> startup_stm32f10x_hd.o(RESET)
</UL>
<P><STRONG><a name="[16b]"></a>CauseOfReset</STRONG> (Thumb, 26 bytes, Stack size 0 bytes, main.o(.text))
<BR><BR>[Called By]<UL><LI><a href="#[165]">&gt;&gt;</a>&nbsp;&nbsp;&nbsp;main
</UL>

<P><STRONG><a name="[165]"></a>main</STRONG> (Thumb, 282 bytes, Stack size 24 bytes, main.o(.text))
<BR><BR>[Stack]<UL><LI>Max Depth = 228 + Unknown Stack Size
<LI>Call Chain = main &rArr; Bsp_init &rArr; QS_onStartup &rArr; QS_initBuf &rArr; Q_onAssert &rArr; strcpy
</UL>
<BR>[Calls]<UL><LI><a href="#[175]">&gt;&gt;</a>&nbsp;&nbsp;&nbsp;QS_obj_dict
<LI><a href="#[178]">&gt;&gt;</a>&nbsp;&nbsp;&nbsp;QF_run
<LI><a href="#[177]">&gt;&gt;</a>&nbsp;&nbsp;&nbsp;QF_psInit
<LI><a href="#[176]">&gt;&gt;</a>&nbsp;&nbsp;&nbsp;QF_poolInit
<LI><a href="#[173]">&gt;&gt;</a>&nbsp;&nbsp;&nbsp;QF_init
<LI><a href="#[12e]">&gt;&gt;</a>&nbsp;&nbsp;&nbsp;QActive_start
<LI><a href="#[171]">&gt;&gt;</a>&nbsp;&nbsp;&nbsp;NavFilter_ctor
<LI><a href="#[170]">&gt;&gt;</a>&nbsp;&nbsp;&nbsp;Mparser_ctor
<LI><a href="#[16f]">&gt;&gt;</a>&nbsp;&nbsp;&nbsp;Modem_ctor
<LI><a href="#[16c]">&gt;&gt;</a>&nbsp;&nbsp;&nbsp;Io_ctor
<LI><a href="#[16e]">&gt;&gt;</a>&nbsp;&nbsp;&nbsp;GpsParser_ctor
<LI><a href="#[172]">&gt;&gt;</a>&nbsp;&nbsp;&nbsp;Fdisk_ctor
<LI><a href="#[16d]">&gt;&gt;</a>&nbsp;&nbsp;&nbsp;Control_ctor
<LI><a href="#[174]">&gt;&gt;</a>&nbsp;&nbsp;&nbsp;Bsp_init
<LI><a href="#[16b]">&gt;&gt;</a>&nbsp;&nbsp;&nbsp;CauseOfReset
</UL>
<BR>[Called By]<UL><LI><a href="#[164]">&gt;&gt;</a>&nbsp;&nbsp;&nbsp;__rt_entry_main
</UL>

<P><STRONG><a name="[17b]"></a>Q_onAssert</STRONG> (Thumb, 24 bytes, Stack size 104 bytes, bsp.o(.text))
<BR><BR>[Stack]<UL><LI>Max Depth = 116<LI>Call Chain = Q_onAssert &rArr; strcpy
</UL>
<BR>[Calls]<UL><LI><a href="#[17c]">&gt;&gt;</a>&nbsp;&nbsp;&nbsp;strcpy
</UL>
<BR>[Called By]<UL><LI><a href="#[17e]">&gt;&gt;</a>&nbsp;&nbsp;&nbsp;QS_initBuf
<LI><a href="#[184]">&gt;&gt;</a>&nbsp;&nbsp;&nbsp;QS_filterOn
<LI><a href="#[185]">&gt;&gt;</a>&nbsp;&nbsp;&nbsp;QS_filterOff
<LI><a href="#[195]">&gt;&gt;</a>&nbsp;&nbsp;&nbsp;QF_tickX
<LI><a href="#[193]">&gt;&gt;</a>&nbsp;&nbsp;&nbsp;QF_publish
<LI><a href="#[176]">&gt;&gt;</a>&nbsp;&nbsp;&nbsp;QF_poolInit
<LI><a href="#[12e]">&gt;&gt;</a>&nbsp;&nbsp;&nbsp;QActive_start
<LI><a href="#[174]">&gt;&gt;</a>&nbsp;&nbsp;&nbsp;Bsp_init
<LI><a href="#[233]">&gt;&gt;</a>&nbsp;&nbsp;&nbsp;QMPool_init
<LI><a href="#[232]">&gt;&gt;</a>&nbsp;&nbsp;&nbsp;QMPool_get
<LI><a href="#[231]">&gt;&gt;</a>&nbsp;&nbsp;&nbsp;QMPool_put
<LI><a href="#[230]">&gt;&gt;</a>&nbsp;&nbsp;&nbsp;QF_gc
<LI><a href="#[22f]">&gt;&gt;</a>&nbsp;&nbsp;&nbsp;QF_remove_
<LI><a href="#[22e]">&gt;&gt;</a>&nbsp;&nbsp;&nbsp;QF_add_
<LI><a href="#[22c]">&gt;&gt;</a>&nbsp;&nbsp;&nbsp;QF_getQueueMin
<LI><a href="#[22b]">&gt;&gt;</a>&nbsp;&nbsp;&nbsp;QActive_get_
<LI><a href="#[225]">&gt;&gt;</a>&nbsp;&nbsp;&nbsp;QEQueue_post
<LI><a href="#[227]">&gt;&gt;</a>&nbsp;&nbsp;&nbsp;QEQueue_get
<LI><a href="#[226]">&gt;&gt;</a>&nbsp;&nbsp;&nbsp;QActive_recall
<LI><a href="#[12c]">&gt;&gt;</a>&nbsp;&nbsp;&nbsp;QHsm_init
<LI><a href="#[12d]">&gt;&gt;</a>&nbsp;&nbsp;&nbsp;QHsm_dispatch
<LI><a href="#[130]">&gt;&gt;</a>&nbsp;&nbsp;&nbsp;QActive_postLIFO
<LI><a href="#[12f]">&gt;&gt;</a>&nbsp;&nbsp;&nbsp;QActive_post
<LI><a href="#[c9]">&gt;&gt;</a>&nbsp;&nbsp;&nbsp;Mparser_search_LF
<LI><a href="#[1fe]">&gt;&gt;</a>&nbsp;&nbsp;&nbsp;QTimeEvt_ctorX
<LI><a href="#[1e4]">&gt;&gt;</a>&nbsp;&nbsp;&nbsp;QTimeEvt_armX
<LI><a href="#[131]">&gt;&gt;</a>&nbsp;&nbsp;&nbsp;QFsm_init
<LI><a href="#[132]">&gt;&gt;</a>&nbsp;&nbsp;&nbsp;QFsm_dispatch
<LI><a href="#[1f4]">&gt;&gt;</a>&nbsp;&nbsp;&nbsp;QF_newX_
<LI><a href="#[1fa]">&gt;&gt;</a>&nbsp;&nbsp;&nbsp;QActive_subscribe
<LI><a href="#[235]">&gt;&gt;</a>&nbsp;&nbsp;&nbsp;QF_getPoolMin
<LI><a href="#[234]">&gt;&gt;</a>&nbsp;&nbsp;&nbsp;QF_noTimeEvtsActiveX
</UL>

<P><STRONG><a name="[17d]"></a>QS_onStartup</STRONG> (Thumb, 388 bytes, Stack size 64 bytes, bsp.o(.text))
<BR><BR>[Stack]<UL><LI>Max Depth = 196<LI>Call Chain = QS_onStartup &rArr; QS_initBuf &rArr; Q_onAssert &rArr; strcpy
</UL>
<BR>[Calls]<UL><LI><a href="#[180]">&gt;&gt;</a>&nbsp;&nbsp;&nbsp;USART_Init
<LI><a href="#[182]">&gt;&gt;</a>&nbsp;&nbsp;&nbsp;USART_Cmd
<LI><a href="#[181]">&gt;&gt;</a>&nbsp;&nbsp;&nbsp;USART_ClockInit
<LI><a href="#[183]">&gt;&gt;</a>&nbsp;&nbsp;&nbsp;RCC_GetClocksFreq
<LI><a href="#[17e]">&gt;&gt;</a>&nbsp;&nbsp;&nbsp;QS_initBuf
<LI><a href="#[184]">&gt;&gt;</a>&nbsp;&nbsp;&nbsp;QS_filterOn
<LI><a href="#[185]">&gt;&gt;</a>&nbsp;&nbsp;&nbsp;QS_filterOff
<LI><a href="#[17f]">&gt;&gt;</a>&nbsp;&nbsp;&nbsp;GPIO_Init
</UL>
<BR>[Called By]<UL><LI><a href="#[174]">&gt;&gt;</a>&nbsp;&nbsp;&nbsp;Bsp_init
</UL>

<P><STRONG><a name="[174]"></a>Bsp_init</STRONG> (Thumb, 94 bytes, Stack size 8 bytes, bsp.o(.text))
<BR><BR>[Stack]<UL><LI>Max Depth = 204<LI>Call Chain = Bsp_init &rArr; QS_onStartup &rArr; QS_initBuf &rArr; Q_onAssert &rArr; strcpy
</UL>
<BR>[Calls]<UL><LI><a href="#[18f]">&gt;&gt;</a>&nbsp;&nbsp;&nbsp;SystemInit
<LI><a href="#[190]">&gt;&gt;</a>&nbsp;&nbsp;&nbsp;LedIndicator_init
<LI><a href="#[191]">&gt;&gt;</a>&nbsp;&nbsp;&nbsp;GPIO_PinRemapConfig
<LI><a href="#[192]">&gt;&gt;</a>&nbsp;&nbsp;&nbsp;FLASH_ClearFlag
<LI><a href="#[17d]">&gt;&gt;</a>&nbsp;&nbsp;&nbsp;QS_onStartup
<LI><a href="#[17b]">&gt;&gt;</a>&nbsp;&nbsp;&nbsp;Q_onAssert
<LI><a href="#[18b]">&gt;&gt;</a>&nbsp;&nbsp;&nbsp;Clock_init
<LI><a href="#[18a]">&gt;&gt;</a>&nbsp;&nbsp;&nbsp;Dout_init
<LI><a href="#[189]">&gt;&gt;</a>&nbsp;&nbsp;&nbsp;NetLight_init
<LI><a href="#[188]">&gt;&gt;</a>&nbsp;&nbsp;&nbsp;RS232_init
<LI><a href="#[187]">&gt;&gt;</a>&nbsp;&nbsp;&nbsp;LSM303_init
<LI><a href="#[186]">&gt;&gt;</a>&nbsp;&nbsp;&nbsp;LedGsm2_init
<LI><a href="#[179]">&gt;&gt;</a>&nbsp;&nbsp;&nbsp;WatchDog_init
</UL>
<BR>[Called By]<UL><LI><a href="#[165]">&gt;&gt;</a>&nbsp;&nbsp;&nbsp;main
</UL>

<P><STRONG><a name="[52]"></a>SysTick_Handler</STRONG> (Thumb, 222 bytes, Stack size 24 bytes, bsp.o(.text))
<BR><BR>[Stack]<UL><LI>Max Depth = 204<LI>Call Chain = SysTick_Handler &rArr; QF_publish &rArr; QF_gc &rArr; QMPool_put &rArr; Q_onAssert &rArr; strcpy
</UL>
<BR>[Calls]<UL><LI><a href="#[195]">&gt;&gt;</a>&nbsp;&nbsp;&nbsp;QF_tickX
<LI><a href="#[193]">&gt;&gt;</a>&nbsp;&nbsp;&nbsp;QF_publish
<LI><a href="#[194]">&gt;&gt;</a>&nbsp;&nbsp;&nbsp;LedIndicator
</UL>
<BR>[Address Reference Count : 1]<UL><LI> startup_stm32f10x_hd.o(RESET)
</UL>
<P><STRONG><a name="[196]"></a>QK_onIdle</STRONG> (Thumb, 40 bytes, Stack size 8 bytes, bsp.o(.text))
<BR><BR>[Stack]<UL><LI>Max Depth = 16<LI>Call Chain = QK_onIdle &rArr; QS_getByte
</UL>
<BR>[Calls]<UL><LI><a href="#[197]">&gt;&gt;</a>&nbsp;&nbsp;&nbsp;QS_getByte
</UL>
<BR>[Called By]<UL><LI><a href="#[178]">&gt;&gt;</a>&nbsp;&nbsp;&nbsp;QF_run
</UL>

<P><STRONG><a name="[238]"></a>QF_onCleanup</STRONG> (Thumb, 2 bytes, Stack size 0 bytes, bsp.o(.text), UNUSED)
<BR><BR>[Called By]<UL><LI><a href="#[237]">&gt;&gt;</a>&nbsp;&nbsp;&nbsp;QF_stop
</UL>

<P><STRONG><a name="[198]"></a>QF_onStartup</STRONG> (Thumb, 68 bytes, Stack size 32 bytes, bsp.o(.text))
<BR><BR>[Stack]<UL><LI>Max Depth = 40<LI>Call Chain = QF_onStartup &rArr; RCC_GetClocksFreq
</UL>
<BR>[Calls]<UL><LI><a href="#[183]">&gt;&gt;</a>&nbsp;&nbsp;&nbsp;RCC_GetClocksFreq
<LI><a href="#[199]">&gt;&gt;</a>&nbsp;&nbsp;&nbsp;NVIC_SetPriority
</UL>
<BR>[Called By]<UL><LI><a href="#[178]">&gt;&gt;</a>&nbsp;&nbsp;&nbsp;QF_run
</UL>

<P><STRONG><a name="[38e]"></a>QS_onCleanup</STRONG> (Thumb, 2 bytes, Stack size 0 bytes, bsp.o(.text), UNUSED)

<P><STRONG><a name="[1a7]"></a>QS_onGetTime</STRONG> (Thumb, 30 bytes, Stack size 0 bytes, bsp.o(.text))
<BR><BR>[Called By]<UL><LI><a href="#[91]">&gt;&gt;</a>&nbsp;&nbsp;&nbsp;QK_sched_
<LI><a href="#[21]">&gt;&gt;</a>&nbsp;&nbsp;&nbsp;Config
<LI><a href="#[d]">&gt;&gt;</a>&nbsp;&nbsp;&nbsp;SetGprsApn1
<LI><a href="#[195]">&gt;&gt;</a>&nbsp;&nbsp;&nbsp;QF_tickX
<LI><a href="#[193]">&gt;&gt;</a>&nbsp;&nbsp;&nbsp;QF_publish
<LI><a href="#[232]">&gt;&gt;</a>&nbsp;&nbsp;&nbsp;QMPool_get
<LI><a href="#[231]">&gt;&gt;</a>&nbsp;&nbsp;&nbsp;QMPool_put
<LI><a href="#[230]">&gt;&gt;</a>&nbsp;&nbsp;&nbsp;QF_gc
<LI><a href="#[22f]">&gt;&gt;</a>&nbsp;&nbsp;&nbsp;QF_remove_
<LI><a href="#[22e]">&gt;&gt;</a>&nbsp;&nbsp;&nbsp;QF_add_
<LI><a href="#[22b]">&gt;&gt;</a>&nbsp;&nbsp;&nbsp;QActive_get_
<LI><a href="#[225]">&gt;&gt;</a>&nbsp;&nbsp;&nbsp;QEQueue_post
<LI><a href="#[227]">&gt;&gt;</a>&nbsp;&nbsp;&nbsp;QEQueue_get
<LI><a href="#[12c]">&gt;&gt;</a>&nbsp;&nbsp;&nbsp;QHsm_init
<LI><a href="#[12d]">&gt;&gt;</a>&nbsp;&nbsp;&nbsp;QHsm_dispatch
<LI><a href="#[130]">&gt;&gt;</a>&nbsp;&nbsp;&nbsp;QActive_postLIFO
<LI><a href="#[12f]">&gt;&gt;</a>&nbsp;&nbsp;&nbsp;QActive_post
<LI><a href="#[203]">&gt;&gt;</a>&nbsp;&nbsp;&nbsp;OutDebugModemParser
<LI><a href="#[200]">&gt;&gt;</a>&nbsp;&nbsp;&nbsp;OutDebugModemParserSprintf
<LI><a href="#[1e6]">&gt;&gt;</a>&nbsp;&nbsp;&nbsp;QTimeEvt_disarm
<LI><a href="#[1e4]">&gt;&gt;</a>&nbsp;&nbsp;&nbsp;QTimeEvt_armX
<LI><a href="#[131]">&gt;&gt;</a>&nbsp;&nbsp;&nbsp;QFsm_init
<LI><a href="#[132]">&gt;&gt;</a>&nbsp;&nbsp;&nbsp;QFsm_dispatch
<LI><a href="#[1f4]">&gt;&gt;</a>&nbsp;&nbsp;&nbsp;QF_newX_
<LI><a href="#[1fa]">&gt;&gt;</a>&nbsp;&nbsp;&nbsp;QActive_subscribe
<LI><a href="#[1df]">&gt;&gt;</a>&nbsp;&nbsp;&nbsp;OutDebugModemSprintf1
<LI><a href="#[1dd]">&gt;&gt;</a>&nbsp;&nbsp;&nbsp;OutDebugModemSprintf2
<LI><a href="#[1db]">&gt;&gt;</a>&nbsp;&nbsp;&nbsp;OutDebugModem
<LI><a href="#[2da]">&gt;&gt;</a>&nbsp;&nbsp;&nbsp;OutDebugNavFilterSprintf
[...]
<LI><a href="#[2c8]">&gt;&gt;</a>&nbsp;&nbsp;&nbsp;ProcessGPGGA
<LI><a href="#[2c7]">&gt;&gt;</a>&nbsp;&nbsp;&nbsp;ProcessGPGSA
<LI><a href="#[2c4]">&gt;&gt;</a>&nbsp;&nbsp;&nbsp;ProcessGNGSA
<LI><a href="#[2c3]">&gt;&gt;</a>&nbsp;&nbsp;&nbsp;ProcessGPGSV
<LI><a href="#[2c1]">&gt;&gt;</a>&nbsp;&nbsp;&nbsp;ProcessGLGSV
</UL>
<BR>[Called By]<UL><LI><a href="#[2d2]">&gt;&gt;</a>&nbsp;&nbsp;&nbsp;NmeaParser
</UL>

<P><STRONG><a name="[2d3]"></a>axtoi</STRONG> (Thumb, 110 bytes, Stack size 36 bytes, nmea_parser.o(.text))
<BR><BR>[Stack]<UL><LI>Max Depth = 36<LI>Call Chain = axtoi
</UL>
<BR>[Called By]<UL><LI><a href="#[2d2]">&gt;&gt;</a>&nbsp;&nbsp;&nbsp;NmeaParser
</UL>

<P><STRONG><a name="[2d2]"></a>NmeaParser</STRONG> (Thumb, 510 bytes, Stack size 40 bytes, nmea_parser.o(.text))
<BR><BR>[Stack]<UL><LI>Max Depth = 656 + Unknown Stack Size
<LI>Call Chain = NmeaParser &rArr; ParseNMEASentence &rArr; ProcessGNRMC &rArr; WriteMagneticVariation &rArr; atof &rArr; __strtod_int &rArr; _local_sscanf &rArr; _scanf_real &rArr; _scanf_really_real &rArr; _fp_value &rArr; _btod_etento &rArr; _btod_emul &rArr; _e2e
</UL>
<BR>[Calls]<UL><LI><a href="#[208]">&gt;&gt;</a>&nbsp;&nbsp;&nbsp;strstr
<LI><a href="#[19c]">&gt;&gt;</a>&nbsp;&nbsp;&nbsp;__rt_ctype_table
<LI><a href="#[2d3]">&gt;&gt;</a>&nbsp;&nbsp;&nbsp;axtoi
<LI><a href="#[2d1]">&gt;&gt;</a>&nbsp;&nbsp;&nbsp;ParseNMEASentence
</UL>
<BR>[Called By]<UL><LI><a href="#[11a]">&gt;&gt;</a>&nbsp;&nbsp;&nbsp;Gparser_work
</UL>

<P><STRONG><a name="[11a]"></a>Gparser_work</STRONG> (Thumb, 130 bytes, Stack size 16 bytes, nmea_parser.o(.text))
<BR><BR>[Stack]<UL><LI>Max Depth = 672 + Unknown Stack Size
<LI>Call Chain = Gparser_work &rArr; NmeaParser &rArr; ParseNMEASentence &rArr; ProcessGNRMC &rArr; WriteMagneticVariation &rArr; atof &rArr; __strtod_int &rArr; _local_sscanf &rArr; _scanf_real &rArr; _scanf_really_real &rArr; _fp_value &rArr; _btod_etento &rArr; _btod_emul &rArr; _e2e
</UL>
<BR>[Calls]<UL><LI><a href="#[2d5]">&gt;&gt;</a>&nbsp;&nbsp;&nbsp;ring_buf_pop_byte
<LI><a href="#[2d4]">&gt;&gt;</a>&nbsp;&nbsp;&nbsp;GpsRingBuf_count
<LI><a href="#[2d2]">&gt;&gt;</a>&nbsp;&nbsp;&nbsp;NmeaParser
</UL>
<BR>[Address Reference Count : 1]<UL><LI> nmea_parser.o(.text)
</UL>
<P><STRONG><a name="[2d6]"></a>GpsParser_hwinit</STRONG> (Thumb, 174 bytes, Stack size 40 bytes, nmea_parser.o(.text))
<BR><BR>[Stack]<UL><LI>Max Depth = 80<LI>Call Chain = GpsParser_hwinit &rArr; USART_Init &rArr; RCC_GetClocksFreq
</UL>
<BR>[Calls]<UL><LI><a href="#[180]">&gt;&gt;</a>&nbsp;&nbsp;&nbsp;USART_Init
<LI><a href="#[182]">&gt;&gt;</a>&nbsp;&nbsp;&nbsp;USART_Cmd
<LI><a href="#[17f]">&gt;&gt;</a>&nbsp;&nbsp;&nbsp;GPIO_Init
<LI><a href="#[215]">&gt;&gt;</a>&nbsp;&nbsp;&nbsp;NVIC_Init
<LI><a href="#[216]">&gt;&gt;</a>&nbsp;&nbsp;&nbsp;USART_ITConfig
</UL>
<BR>[Called By]<UL><LI><a href="#[119]">&gt;&gt;</a>&nbsp;&nbsp;&nbsp;Gparser_power_on_start
</UL>

<P><STRONG><a name="[119]"></a>Gparser_power_on_start</STRONG> (Thumb, 78 bytes, Stack size 8 bytes, nmea_parser.o(.text))
<BR><BR>[Stack]<UL><LI>Max Depth = 88<LI>Call Chain = Gparser_power_on_start &rArr; GpsParser_hwinit &rArr; USART_Init &rArr; RCC_GetClocksFreq
</UL>
<BR>[Calls]<UL><LI><a href="#[2d6]">&gt;&gt;</a>&nbsp;&nbsp;&nbsp;GpsParser_hwinit
</UL>
<BR>[Address Reference Count : 1]<UL><LI> nmea_parser.o(.text)
</UL>
<P><STRONG><a name="[11b]"></a>Gparser_initial</STRONG> (Thumb, 110 bytes, Stack size 16 bytes, nmea_parser.o(.text))
<BR><BR>[Stack]<UL><LI>Max Depth = 156<LI>Call Chain = Gparser_initial &rArr; QActive_subscribe &rArr; Q_onAssert &rArr; strcpy
</UL>
<BR>[Calls]<UL><LI><a href="#[175]">&gt;&gt;</a>&nbsp;&nbsp;&nbsp;QS_obj_dict
<LI><a href="#[1f8]">&gt;&gt;</a>&nbsp;&nbsp;&nbsp;QS_fun_dict
<LI><a href="#[1fa]">&gt;&gt;</a>&nbsp;&nbsp;&nbsp;QActive_subscribe
<LI><a href="#[2d7]">&gt;&gt;</a>&nbsp;&nbsp;&nbsp;GpsRingBuf_init
</UL>
<BR>[Address Reference Count : 1]<UL><LI> nmea_parser.o(.text)
</UL>
<P><STRONG><a name="[2db]"></a>SendPointOrEvent</STRONG> (Thumb, 1080 bytes, Stack size 32 bytes, nav_filter.o(.text))
<BR><BR>[Stack]<UL><LI>Max Depth = 204<LI>Call Chain = SendPointOrEvent &rArr; QF_newX_ &rArr; QMPool_get &rArr; Q_onAssert &rArr; strcpy
</UL>
<BR>[Calls]<UL><LI><a href="#[1f4]">&gt;&gt;</a>&nbsp;&nbsp;&nbsp;QF_newX_
<LI><a href="#[2dc]">&gt;&gt;</a>&nbsp;&nbsp;&nbsp;__aeabi_d2iz
<LI><a href="#[29a]">&gt;&gt;</a>&nbsp;&nbsp;&nbsp;__aeabi_fmul
<LI><a href="#[295]">&gt;&gt;</a>&nbsp;&nbsp;&nbsp;__aeabi_f2uiz
<LI><a href="#[2dd]">&gt;&gt;</a>&nbsp;&nbsp;&nbsp;__aeabi_f2iz
<LI><a href="#[2ce]">&gt;&gt;</a>&nbsp;&nbsp;&nbsp;__aeabi_dmul
</UL>
<BR>[Called By]<UL><LI><a href="#[11d]">&gt;&gt;</a>&nbsp;&nbsp;&nbsp;Gfilter_off
<LI><a href="#[121]">&gt;&gt;</a>&nbsp;&nbsp;&nbsp;Gfilter_waiting_hdop
<LI><a href="#[11e]">&gt;&gt;</a>&nbsp;&nbsp;&nbsp;Gfilter_move
<LI><a href="#[120]">&gt;&gt;</a>&nbsp;&nbsp;&nbsp;Gfilter_short_stop
<LI><a href="#[11f]">&gt;&gt;</a>&nbsp;&nbsp;&nbsp;Gfilter_long_stop
</UL>

<P><STRONG><a name="[2de]"></a>DeltaCource</STRONG> (Thumb, 58 bytes, Stack size 8 bytes, nav_filter.o(.text))
<BR><BR>[Stack]<UL><LI>Max Depth = 24<LI>Call Chain = DeltaCource &rArr; __aeabi_fsub
</UL>
<BR>[Calls]<UL><LI><a href="#[2e1]">&gt;&gt;</a>&nbsp;&nbsp;&nbsp;__aeabi_fsub
<LI><a href="#[2df]">&gt;&gt;</a>&nbsp;&nbsp;&nbsp;__aeabi_frsub
<LI><a href="#[293]">&gt;&gt;</a>&nbsp;&nbsp;&nbsp;__aeabi_fadd
<LI><a href="#[29b]">&gt;&gt;</a>&nbsp;&nbsp;&nbsp;__aeabi_f2d
<LI><a href="#[2e0]">&gt;&gt;</a>&nbsp;&nbsp;&nbsp;__aeabi_cdrcmple
</UL>
<BR>[Called By]<UL><LI><a href="#[11e]">&gt;&gt;</a>&nbsp;&nbsp;&nbsp;Gfilter_move
</UL>

<P><STRONG><a name="[2e2]"></a>CalcDistance</STRONG> (Thumb, 104 bytes, Stack size 32 bytes, nav_filter.o(.text))
<BR><BR>[Stack]<UL><LI>Max Depth = 208<LI>Call Chain = CalcDistance &rArr; pow &rArr; sqrt &rArr; _dsqrt &rArr; __fpl_dnaninf
</UL>
<BR>[Calls]<UL><LI><a href="#[2e3]">&gt;&gt;</a>&nbsp;&nbsp;&nbsp;__aeabi_dsub
<LI><a href="#[2cd]">&gt;&gt;</a>&nbsp;&nbsp;&nbsp;__aeabi_dadd
<LI><a href="#[2e5]">&gt;&gt;</a>&nbsp;&nbsp;&nbsp;sqrt
<LI><a href="#[2e4]">&gt;&gt;</a>&nbsp;&nbsp;&nbsp;pow
</UL>
<BR>[Called By]<UL><LI><a href="#[11e]">&gt;&gt;</a>&nbsp;&nbsp;&nbsp;Gfilter_move
<LI><a href="#[120]">&gt;&gt;</a>&nbsp;&nbsp;&nbsp;Gfilter_short_stop
<LI><a href="#[11f]">&gt;&gt;</a>&nbsp;&nbsp;&nbsp;Gfilter_long_stop
</UL>

<P><STRONG><a name="[2ed]"></a>TimeValid</STRONG> (Thumb, 18 bytes, Stack size 0 bytes, nav_filter.o(.text))
<BR><BR>[Called By]<UL><LI><a href="#[11c]">&gt;&gt;</a>&nbsp;&nbsp;&nbsp;Gfilter_waiting_fix
<LI><a href="#[11d]">&gt;&gt;</a>&nbsp;&nbsp;&nbsp;Gfilter_off
<LI><a href="#[121]">&gt;&gt;</a>&nbsp;&nbsp;&nbsp;Gfilter_waiting_hdop
<LI><a href="#[11e]">&gt;&gt;</a>&nbsp;&nbsp;&nbsp;Gfilter_move
<LI><a href="#[120]">&gt;&gt;</a>&nbsp;&nbsp;&nbsp;Gfilter_short_stop
<LI><a href="#[11f]">&gt;&gt;</a>&nbsp;&nbsp;&nbsp;Gfilter_long_stop
</UL>

<P><STRONG><a name="[2e7]"></a>GpsToDec</STRONG> (Thumb, 328 bytes, Stack size 88 bytes, nav_filter.o(.text))
<BR><BR>[Stack]<UL><LI>Max Depth = 280<LI>Call Chain = GpsToDec &rArr; sin &rArr; __ieee754_rem_pio2 &rArr; __aeabi_d2iz
</UL>
<BR>[Calls]<UL><LI><a href="#[2cc]">&gt;&gt;</a>&nbsp;&nbsp;&nbsp;__aeabi_ddiv
<LI><a href="#[2e3]">&gt;&gt;</a>&nbsp;&nbsp;&nbsp;__aeabi_dsub
<LI><a href="#[2e9]">&gt;&gt;</a>&nbsp;&nbsp;&nbsp;__aeabi_drsub
<LI><a href="#[2cd]">&gt;&gt;</a>&nbsp;&nbsp;&nbsp;__aeabi_dadd
<LI><a href="#[2eb]">&gt;&gt;</a>&nbsp;&nbsp;&nbsp;__aeabi_memcpy4
<LI><a href="#[2e6]">&gt;&gt;</a>&nbsp;&nbsp;&nbsp;DegrToRad
<LI><a href="#[2e5]">&gt;&gt;</a>&nbsp;&nbsp;&nbsp;sqrt
<LI><a href="#[2e8]">&gt;&gt;</a>&nbsp;&nbsp;&nbsp;sin
<LI><a href="#[2e4]">&gt;&gt;</a>&nbsp;&nbsp;&nbsp;pow
<LI><a href="#[2ea]">&gt;&gt;</a>&nbsp;&nbsp;&nbsp;cos
<LI><a href="#[2ce]">&gt;&gt;</a>&nbsp;&nbsp;&nbsp;__aeabi_dmul
</UL>
<BR>[Called By]<UL><LI><a href="#[2ec]">&gt;&gt;</a>&nbsp;&nbsp;&nbsp;SaveCurrentPoint
</UL>

<P><STRONG><a name="[2ec]"></a>SaveCurrentPoint</STRONG> (Thumb, 40 bytes, Stack size 32 bytes, nav_filter.o(.text))
<BR><BR>[Stack]<UL><LI>Max Depth = 312<LI>Call Chain = SaveCurrentPoint &rArr; GpsToDec &rArr; sin &rArr; __ieee754_rem_pio2 &rArr; __aeabi_d2iz
</UL>
<BR>[Calls]<UL><LI><a href="#[2eb]">&gt;&gt;</a>&nbsp;&nbsp;&nbsp;__aeabi_memcpy4
<LI><a href="#[2e7]">&gt;&gt;</a>&nbsp;&nbsp;&nbsp;GpsToDec
</UL>
<BR>[Called By]<UL><LI><a href="#[11c]">&gt;&gt;</a>&nbsp;&nbsp;&nbsp;Gfilter_waiting_fix
<LI><a href="#[11d]">&gt;&gt;</a>&nbsp;&nbsp;&nbsp;Gfilter_off
<LI><a href="#[121]">&gt;&gt;</a>&nbsp;&nbsp;&nbsp;Gfilter_waiting_hdop
<LI><a href="#[11e]">&gt;&gt;</a>&nbsp;&nbsp;&nbsp;Gfilter_move
<LI><a href="#[120]">&gt;&gt;</a>&nbsp;&nbsp;&nbsp;Gfilter_short_stop
<LI><a href="#[11f]">&gt;&gt;</a>&nbsp;&nbsp;&nbsp;Gfilter_long_stop
</UL>

<P><STRONG><a name="[11f]"></a>Gfilter_long_stop</STRONG> (Thumb, 764 bytes, Stack size 88 bytes, nav_filter.o(.text))
<BR><BR>[Stack]<UL><LI>Max Depth = 400 + Unknown Stack Size
<LI>Call Chain = Gfilter_long_stop &rArr; SaveCurrentPoint &rArr; GpsToDec &rArr; sin &rArr; __ieee754_rem_pio2 &rArr; __aeabi_d2iz
</UL>
<BR>[Calls]<UL><LI><a href="#[2c6]">&gt;&gt;</a>&nbsp;&nbsp;&nbsp;__aeabi_d2f
<LI><a href="#[2ee]">&gt;&gt;</a>&nbsp;&nbsp;&nbsp;localtime
<LI><a href="#[2ef]">&gt;&gt;</a>&nbsp;&nbsp;&nbsp;asctime
<LI><a href="#[2eb]">&gt;&gt;</a>&nbsp;&nbsp;&nbsp;__aeabi_memcpy4
<LI><a href="#[1a5]">&gt;&gt;</a>&nbsp;&nbsp;&nbsp;__2sprintf
<LI><a href="#[2da]">&gt;&gt;</a>&nbsp;&nbsp;&nbsp;OutDebugNavFilterSprintf
<LI><a href="#[2d9]">&gt;&gt;</a>&nbsp;&nbsp;&nbsp;OutDebugNavFilter
<LI><a href="#[2ec]">&gt;&gt;</a>&nbsp;&nbsp;&nbsp;SaveCurrentPoint
<LI><a href="#[2ed]">&gt;&gt;</a>&nbsp;&nbsp;&nbsp;TimeValid
<LI><a href="#[2e2]">&gt;&gt;</a>&nbsp;&nbsp;&nbsp;CalcDistance
<LI><a href="#[2db]">&gt;&gt;</a>&nbsp;&nbsp;&nbsp;SendPointOrEvent
<LI><a href="#[29a]">&gt;&gt;</a>&nbsp;&nbsp;&nbsp;__aeabi_fmul
<LI><a href="#[2f0]">&gt;&gt;</a>&nbsp;&nbsp;&nbsp;__aeabi_cfcmple
<LI><a href="#[293]">&gt;&gt;</a>&nbsp;&nbsp;&nbsp;__aeabi_fadd
</UL>
<BR>[Address Reference Count : 1]<UL><LI> nav_filter.o(.text)
</UL>
<P><STRONG><a name="[120]"></a>Gfilter_short_stop</STRONG> (Thumb, 998 bytes, Stack size 88 bytes, nav_filter.o(.text))
<BR><BR>[Stack]<UL><LI>Max Depth = 400 + Unknown Stack Size
<LI>Call Chain = Gfilter_short_stop &rArr; SaveCurrentPoint &rArr; GpsToDec &rArr; sin &rArr; __ieee754_rem_pio2 &rArr; __aeabi_d2iz
</UL>
<BR>[Calls]<UL><LI><a href="#[2c6]">&gt;&gt;</a>&nbsp;&nbsp;&nbsp;__aeabi_d2f
<LI><a href="#[2ee]">&gt;&gt;</a>&nbsp;&nbsp;&nbsp;localtime
<LI><a href="#[2ef]">&gt;&gt;</a>&nbsp;&nbsp;&nbsp;asctime
<LI><a href="#[2eb]">&gt;&gt;</a>&nbsp;&nbsp;&nbsp;__aeabi_memcpy4
<LI><a href="#[1a5]">&gt;&gt;</a>&nbsp;&nbsp;&nbsp;__2sprintf
<LI><a href="#[2da]">&gt;&gt;</a>&nbsp;&nbsp;&nbsp;OutDebugNavFilterSprintf
<LI><a href="#[2d9]">&gt;&gt;</a>&nbsp;&nbsp;&nbsp;OutDebugNavFilter
<LI><a href="#[2ec]">&gt;&gt;</a>&nbsp;&nbsp;&nbsp;SaveCurrentPoint
<LI><a href="#[2ed]">&gt;&gt;</a>&nbsp;&nbsp;&nbsp;TimeValid
<LI><a href="#[2e2]">&gt;&gt;</a>&nbsp;&nbsp;&nbsp;CalcDistance
<LI><a href="#[2db]">&gt;&gt;</a>&nbsp;&nbsp;&nbsp;SendPointOrEvent
<LI><a href="#[29a]">&gt;&gt;</a>&nbsp;&nbsp;&nbsp;__aeabi_fmul
<LI><a href="#[2f0]">&gt;&gt;</a>&nbsp;&nbsp;&nbsp;__aeabi_cfcmple
<LI><a href="#[293]">&gt;&gt;</a>&nbsp;&nbsp;&nbsp;__aeabi_fadd
</UL>
<BR>[Address Reference Count : 1]<UL><LI> nav_filter.o(.text)
</UL>
<P><STRONG><a name="[11e]"></a>Gfilter_move</STRONG> (Thumb, 896 bytes, Stack size 88 bytes, nav_filter.o(.text))
<BR><BR>[Stack]<UL><LI>Max Depth = 400 + Unknown Stack Size
<LI>Call Chain = Gfilter_move &rArr; SaveCurrentPoint &rArr; GpsToDec &rArr; sin &rArr; __ieee754_rem_pio2 &rArr; __aeabi_d2iz
</UL>
<BR>[Calls]<UL><LI><a href="#[2c6]">&gt;&gt;</a>&nbsp;&nbsp;&nbsp;__aeabi_d2f
<LI><a href="#[2ee]">&gt;&gt;</a>&nbsp;&nbsp;&nbsp;localtime
<LI><a href="#[2ef]">&gt;&gt;</a>&nbsp;&nbsp;&nbsp;asctime
<LI><a href="#[2eb]">&gt;&gt;</a>&nbsp;&nbsp;&nbsp;__aeabi_memcpy4
<LI><a href="#[1a5]">&gt;&gt;</a>&nbsp;&nbsp;&nbsp;__2sprintf
<LI><a href="#[2da]">&gt;&gt;</a>&nbsp;&nbsp;&nbsp;OutDebugNavFilterSprintf
<LI><a href="#[2d9]">&gt;&gt;</a>&nbsp;&nbsp;&nbsp;OutDebugNavFilter
<LI><a href="#[2ec]">&gt;&gt;</a>&nbsp;&nbsp;&nbsp;SaveCurrentPoint
<LI><a href="#[2ed]">&gt;&gt;</a>&nbsp;&nbsp;&nbsp;TimeValid
<LI><a href="#[2e2]">&gt;&gt;</a>&nbsp;&nbsp;&nbsp;CalcDistance
<LI><a href="#[2de]">&gt;&gt;</a>&nbsp;&nbsp;&nbsp;DeltaCource
<LI><a href="#[2db]">&gt;&gt;</a>&nbsp;&nbsp;&nbsp;SendPointOrEvent
<LI><a href="#[2f0]">&gt;&gt;</a>&nbsp;&nbsp;&nbsp;__aeabi_cfcmple
<LI><a href="#[292]">&gt;&gt;</a>&nbsp;&nbsp;&nbsp;__aeabi_ui2f
<LI><a href="#[293]">&gt;&gt;</a>&nbsp;&nbsp;&nbsp;__aeabi_fadd
<LI><a href="#[29b]">&gt;&gt;</a>&nbsp;&nbsp;&nbsp;__aeabi_f2d
<LI><a href="#[2e0]">&gt;&gt;</a>&nbsp;&nbsp;&nbsp;__aeabi_cdrcmple
<LI><a href="#[296]">&gt;&gt;</a>&nbsp;&nbsp;&nbsp;__aeabi_ui2d
</UL>
<BR>[Address Reference Count : 1]<UL><LI> nav_filter.o(.text)
</UL>
<P><STRONG><a name="[121]"></a>Gfilter_waiting_hdop</STRONG> (Thumb, 584 bytes, Stack size 80 bytes, nav_filter.o(.text))
<BR><BR>[Stack]<UL><LI>Max Depth = 392 + Unknown Stack Size
<LI>Call Chain = Gfilter_waiting_hdop &rArr; SaveCurrentPoint &rArr; GpsToDec &rArr; sin &rArr; __ieee754_rem_pio2 &rArr; __aeabi_d2iz
</UL>
<BR>[Calls]<UL><LI><a href="#[2ee]">&gt;&gt;</a>&nbsp;&nbsp;&nbsp;localtime
<LI><a href="#[2ef]">&gt;&gt;</a>&nbsp;&nbsp;&nbsp;asctime
<LI><a href="#[1a5]">&gt;&gt;</a>&nbsp;&nbsp;&nbsp;__2sprintf
<LI><a href="#[2da]">&gt;&gt;</a>&nbsp;&nbsp;&nbsp;OutDebugNavFilterSprintf
<LI><a href="#[2d9]">&gt;&gt;</a>&nbsp;&nbsp;&nbsp;OutDebugNavFilter
<LI><a href="#[2ec]">&gt;&gt;</a>&nbsp;&nbsp;&nbsp;SaveCurrentPoint
<LI><a href="#[2ed]">&gt;&gt;</a>&nbsp;&nbsp;&nbsp;TimeValid
<LI><a href="#[2db]">&gt;&gt;</a>&nbsp;&nbsp;&nbsp;SendPointOrEvent
<LI><a href="#[2f0]">&gt;&gt;</a>&nbsp;&nbsp;&nbsp;__aeabi_cfcmple
<LI><a href="#[2e1]">&gt;&gt;</a>&nbsp;&nbsp;&nbsp;__aeabi_fsub
</UL>
<BR>[Address Reference Count : 1]<UL><LI> nav_filter.o(.text)
</UL>
<P><STRONG><a name="[11d]"></a>Gfilter_off</STRONG> (Thumb, 410 bytes, Stack size 72 bytes, nav_filter.o(.text))
<BR><BR>[Stack]<UL><LI>Max Depth = 384 + Unknown Stack Size
<LI>Call Chain = Gfilter_off &rArr; SaveCurrentPoint &rArr; GpsToDec &rArr; sin &rArr; __ieee754_rem_pio2 &rArr; __aeabi_d2iz
</UL>
<BR>[Calls]<UL><LI><a href="#[2ee]">&gt;&gt;</a>&nbsp;&nbsp;&nbsp;localtime
<LI><a href="#[2ef]">&gt;&gt;</a>&nbsp;&nbsp;&nbsp;asctime
<LI><a href="#[2eb]">&gt;&gt;</a>&nbsp;&nbsp;&nbsp;__aeabi_memcpy4
<LI><a href="#[1a5]">&gt;&gt;</a>&nbsp;&nbsp;&nbsp;__2sprintf
<LI><a href="#[2da]">&gt;&gt;</a>&nbsp;&nbsp;&nbsp;OutDebugNavFilterSprintf
<LI><a href="#[2d9]">&gt;&gt;</a>&nbsp;&nbsp;&nbsp;OutDebugNavFilter
<LI><a href="#[2ec]">&gt;&gt;</a>&nbsp;&nbsp;&nbsp;SaveCurrentPoint
<LI><a href="#[2ed]">&gt;&gt;</a>&nbsp;&nbsp;&nbsp;TimeValid
<LI><a href="#[2db]">&gt;&gt;</a>&nbsp;&nbsp;&nbsp;SendPointOrEvent
</UL>
<BR>[Address Reference Count : 1]<UL><LI> nav_filter.o(.text)
</UL>
<P><STRONG><a name="[11c]"></a>Gfilter_waiting_fix</STRONG> (Thumb, 144 bytes, Stack size 16 bytes, nav_filter.o(.text))
<BR><BR>[Stack]<UL><LI>Max Depth = 328<LI>Call Chain = Gfilter_waiting_fix &rArr; SaveCurrentPoint &rArr; GpsToDec &rArr; sin &rArr; __ieee754_rem_pio2 &rArr; __aeabi_d2iz
</UL>
<BR>[Calls]<UL><LI><a href="#[2ee]">&gt;&gt;</a>&nbsp;&nbsp;&nbsp;localtime
<LI><a href="#[2da]">&gt;&gt;</a>&nbsp;&nbsp;&nbsp;OutDebugNavFilterSprintf
<LI><a href="#[2d9]">&gt;&gt;</a>&nbsp;&nbsp;&nbsp;OutDebugNavFilter
<LI><a href="#[2ec]">&gt;&gt;</a>&nbsp;&nbsp;&nbsp;SaveCurrentPoint
<LI><a href="#[2ed]">&gt;&gt;</a>&nbsp;&nbsp;&nbsp;TimeValid
</UL>
<BR>[Address Reference Count : 1]<UL><LI> nav_filter.o(.text)
</UL>
<P><STRONG><a name="[122]"></a>Gfilter_initial</STRONG> (Thumb, 138 bytes, Stack size 16 bytes, nav_filter.o(.text))
<BR><BR>[Stack]<UL><LI>Max Depth = 56<LI>Call Chain = Gfilter_initial &rArr; QS_obj_dict &rArr; QS_onFlush &rArr; QS_getByte
</UL>
<BR>[Calls]<UL><LI><a href="#[175]">&gt;&gt;</a>&nbsp;&nbsp;&nbsp;QS_obj_dict
<LI><a href="#[1f8]">&gt;&gt;</a>&nbsp;&nbsp;&nbsp;QS_fun_dict
</UL>
<BR>[Address Reference Count : 1]<UL><LI> nav_filter.o(.text)
</UL>
<P><STRONG><a name="[2f1]"></a>ring_buf_push</STRONG> (Thumb, 32 bytes, Stack size 0 bytes, gps_ring_buf.o(.text))
<BR><BR>[Called By]<UL><LI><a href="#[2d8]">&gt;&gt;</a>&nbsp;&nbsp;&nbsp;GpsRingBuf_push
</UL>

<P><STRONG><a name="[2f2]"></a>ring_buf_pop</STRONG> (Thumb, 32 bytes, Stack size 0 bytes, gps_ring_buf.o(.text))
<BR><BR>[Called By]<UL><LI><a href="#[2d5]">&gt;&gt;</a>&nbsp;&nbsp;&nbsp;ring_buf_pop_byte
</UL>

<P><STRONG><a name="[308]"></a>_tm_carry</STRONG> (Thumb, 62 bytes, Stack size 8 bytes, mktime.o(.text))
<BR><BR>[Stack]<UL><LI>Max Depth = 8<LI>Call Chain = _tm_carry
</UL>
<BR>[Called By]<UL><LI><a href="#[2cf]">&gt;&gt;</a>&nbsp;&nbsp;&nbsp;mktime
</UL>

<P><STRONG><a name="[355]"></a>_dadd1</STRONG> (Thumb, 0 bytes, Stack size unknown bytes, daddsub_clz.o(x$fpl$dadd), UNUSED)
<BR><BR>[Called By]<UL><LI><a href="#[356]">&gt;&gt;</a>&nbsp;&nbsp;&nbsp;_dsub
<LI><a href="#[354]">&gt;&gt;</a>&nbsp;&nbsp;&nbsp;_drsb
</UL>

<P><STRONG><a name="[347]"></a>_dsub1</STRONG> (Thumb, 0 bytes, Stack size unknown bytes, daddsub_clz.o(x$fpl$dsub), UNUSED)
<BR><BR>[Called By]<UL><LI><a href="#[354]">&gt;&gt;</a>&nbsp;&nbsp;&nbsp;_drsb
<LI><a href="#[346]">&gt;&gt;</a>&nbsp;&nbsp;&nbsp;_dadd
</UL>

<P><STRONG><a name="[362]"></a>_fadd1</STRONG> (Thumb, 0 bytes, Stack size unknown bytes, faddsub_clz.o(x$fpl$fadd), UNUSED)
<BR><BR>[Called By]<UL><LI><a href="#[363]">&gt;&gt;</a>&nbsp;&nbsp;&nbsp;_fsub
<LI><a href="#[361]">&gt;&gt;</a>&nbsp;&nbsp;&nbsp;_frsb
</UL>

<P><STRONG><a name="[35a]"></a>_fsub1</STRONG> (Thumb, 0 bytes, Stack size unknown bytes, faddsub_clz.o(x$fpl$fsub), UNUSED)
<BR><BR>[Called By]<UL><LI><a href="#[361]">&gt;&gt;</a>&nbsp;&nbsp;&nbsp;_frsb
<LI><a href="#[359]">&gt;&gt;</a>&nbsp;&nbsp;&nbsp;_fadd
</UL>

<P><STRONG><a name="[30b]"></a>_fp_digits</STRONG> (Thumb, 428 bytes, Stack size 96 bytes, _printf_fp_dec.o(.text))
<BR><BR>[Stack]<UL><LI>Max Depth = 216<LI>Call Chain = _fp_digits &rArr; _btod_etento &rArr; _btod_emul &rArr; _e2e
</UL>
<BR>[Calls]<UL><LI><a href="#[30f]">&gt;&gt;</a>&nbsp;&nbsp;&nbsp;_btod_emul
<LI><a href="#[30e]">&gt;&gt;</a>&nbsp;&nbsp;&nbsp;_btod_ediv
<LI><a href="#[30d]">&gt;&gt;</a>&nbsp;&nbsp;&nbsp;_btod_d2e
<LI><a href="#[30c]">&gt;&gt;</a>&nbsp;&nbsp;&nbsp;_btod_etento
<LI><a href="#[310]">&gt;&gt;</a>&nbsp;&nbsp;&nbsp;_ll_udiv10
</UL>
<BR>[Called By]<UL><LI><a href="#[311]">&gt;&gt;</a>&nbsp;&nbsp;&nbsp;_printf_fp_dec_real
</UL>

<P><STRONG><a name="[125]"></a>_printf_input_char</STRONG> (Thumb, 10 bytes, Stack size 0 bytes, _printf_char_common.o(.text))
<BR>[Address Reference Count : 1]<UL><LI> _printf_char_common.o(.text)
</UL>
<P><STRONG><a name="[315]"></a>_local_sscanf</STRONG> (Thumb, 60 bytes, Stack size 56 bytes, strtod.o(.text))
<BR><BR>[Stack]<UL><LI>Max Depth = 384<LI>Call Chain = _local_sscanf &rArr; _scanf_real &rArr; _scanf_really_real &rArr; _fp_value &rArr; _btod_etento &rArr; _btod_emul &rArr; _e2e
</UL>
<BR>[Calls]<UL><LI><a href="#[316]">&gt;&gt;</a>&nbsp;&nbsp;&nbsp;_scanf_real
</UL>
<BR>[Called By]<UL><LI><a href="#[317]">&gt;&gt;</a>&nbsp;&nbsp;&nbsp;__strtod_int
</UL>

<P><STRONG><a name="[320]"></a>_fp_value</STRONG> (Thumb, 508 bytes, Stack size 88 bytes, scanf_fp.o(.text))
<BR><BR>[Stack]<UL><LI>Max Depth = 208<LI>Call Chain = _fp_value &rArr; _btod_etento &rArr; _btod_emul &rArr; _e2e
</UL>
<BR>[Calls]<UL><LI><a href="#[321]">&gt;&gt;</a>&nbsp;&nbsp;&nbsp;_btod_emuld
<LI><a href="#[322]">&gt;&gt;</a>&nbsp;&nbsp;&nbsp;_btod_edivd
<LI><a href="#[30c]">&gt;&gt;</a>&nbsp;&nbsp;&nbsp;_btod_etento
<LI><a href="#[301]">&gt;&gt;</a>&nbsp;&nbsp;&nbsp;__aeabi_errno_addr
</UL>
<BR>[Called By]<UL><LI><a href="#[323]">&gt;&gt;</a>&nbsp;&nbsp;&nbsp;_scanf_really_real
</UL>
<P>
<H3>
Undefined Global Symbols
</H3><HR></body></html>
