Component: ARM Compiler 5.05 update 1 (build 106) Tool: armlink [4d0efa]

==============================================================================

Section Cross References

    startup_stm32f10x_hd.o(STACK) refers (Special) to heapauxi.o(.text) for __use_two_region_memory
    startup_stm32f10x_hd.o(HEAP) refers (Special) to heapauxi.o(.text) for __use_two_region_memory
    startup_stm32f10x_hd.o(RESET) refers (Special) to heapauxi.o(.text) for __use_two_region_memory
    startup_stm32f10x_hd.o(RESET) refers to startup_stm32f10x_hd.o(.text) for Reset_Handler
    startup_stm32f10x_hd.o(RESET) refers to main.o(.text) for HardFault_Handler
    startup_stm32f10x_hd.o(RESET) refers to qk_port.o(.text) for SVC_Handler
    startup_stm32f10x_hd.o(RESET) refers to bsp.o(.text) for SysTick_Handler
    startup_stm32f10x_hd.o(RESET) refers to control_new.o(.text) for FLASH_IRQHandler
    startup_stm32f10x_hd.o(RESET) refers to modem_sim900.o(.text) for DMA1_Channel4_IRQHandler
    startup_stm32f10x_hd.o(RESET) refers to io.o(.text) for EXTI9_5_IRQHandler
    startup_stm32f10x_hd.o(RESET) refers to nmea_parser.o(.text) for UART4_IRQHandler
    startup_stm32f10x_hd.o(.text) refers (Special) to heapauxi.o(.text) for __use_two_region_memory
    startup_stm32f10x_hd.o(.text) refers to startup_stm32f10x_hd.o(STACK) for __initial_sp
    startup_stm32f10x_hd.o(.text) refers to __main.o(!!!main) for __main
    startup_stm32f10x_hd.o(.text) refers to startup_stm32f10x_hd.o(HEAP) for Heap_Mem
    main.o(.text) refers to io.o(.text) for Io_ctor
    main.o(.text) refers to control_new.o(.text) for Control_ctor
    main.o(.text) refers to nmea_parser.o(.text) for GpsParser_ctor
    main.o(.text) refers to modem.o(.text) for Modem_ctor
    main.o(.text) refers to modem_parser.o(.text) for Mparser_ctor
    main.o(.text) refers to nav_filter.o(.text) for NavFilter_ctor
    main.o(.text) refers to disk.o(.text) for Fdisk_ctor
    main.o(.text) refers to qk.o(.text) for QF_init
    main.o(.text) refers to bsp.o(.text) for Bsp_init
    main.o(.text) refers to qs_dict.o(.text) for QS_obj_dict
    main.o(.text) refers to qf_pool.o(.text) for QF_poolInit
    main.o(.text) refers to qf_psini.o(.text) for QF_psInit
    main.o(.text) refers to main.o(.bss) for .bss
    main.o(.text) refers to qs.o(.bss) for QS_priv_
    main.o(.text) refers to main.o(.constdata) for .constdata
    main.o(.text) refers to disk.o(.constdata) for AO_Disk
    main.o(.text) refers to control_new.o(.constdata) for AO_Control
    main.o(.text) refers to nav_filter.o(.constdata) for AO_NavFilter
    main.o(.text) refers to nmea_parser.o(.constdata) for AO_GpsParser
    main.o(.text) refers to modem_parser.o(.constdata) for AO_ModemParser
    main.o(.text) refers to modem.o(.constdata) for AO_Modem
    main.o(.text) refers to io.o(.constdata) for AO_Io
    bsp.o(.text) refers to stm32f10x_iwdg.o(.text) for IWDG_SetPrescaler
    bsp.o(.text) refers to strcpy.o(.text) for strcpy
    bsp.o(.text) refers to qs.o(.text) for QS_initBuf
    bsp.o(.text) refers to stm32f10x_gpio.o(.text) for GPIO_Init
    bsp.o(.text) refers to stm32f10x_usart.o(.text) for USART_Init
    bsp.o(.text) refers to stm32f10x_rcc.o(.text) for RCC_GetClocksFreq
    bsp.o(.text) refers to system_stm32f10x.o(.text) for SystemInit
    bsp.o(.text) refers to ledindicator.o(.text) for LedIndicator_init
    bsp.o(.text) refers to stm32f10x_flash.o(.text) for FLASH_ClearFlag
    bsp.o(.text) refers to qf_pspub.o(.text) for QF_publish
    bsp.o(.text) refers to qf_tick.o(.text) for QF_tickX
    bsp.o(.text) refers to bsp.o(.data) for .data
    bsp.o(.text) refers to bsp.o(.bss) for .bss
    bsp.o(.text) refers to main.o(.bss) for SysInfo
    bsp.o(.text) refers to bsp.o(.constdata) for .constdata
    bsp.o(.text) refers to qk.o(.data) for QK_intNest_
    bsp.o(.text) refers to main.o(.data) for watch_flag
    bsp.o(.text) refers to qs_byte.o(.text) for QS_getByte
    config.o(.text) refers to _printf_percent.o(.ARM.Collect$$_printf_percent$$00000000) for _printf_percent
    config.o(.text) refers to _printf_s.o(.ARM.Collect$$_printf_percent$$00000014) for _printf_s
    config.o(.text) refers to _printf_str.o(.text) for _printf_str
    config.o(.text) refers to _printf_u.o(.ARM.Collect$$_printf_percent$$0000000A) for _printf_u
    config.o(.text) refers to _printf_dec.o(.text) for _printf_int_dec
    config.o(.text) refers to rt_ctype_table.o(.text) for __rt_ctype_table
    config.o(.text) refers to toupper.o(.text) for toupper
    config.o(.text) refers to strcmpv7m.o(.text) for strcmp
    config.o(.text) refers to atoi.o(.text) for atoi
    config.o(.text) refers to strlcpy.o(.text) for strlcpy
    config.o(.text) refers to modem.o(.bss) for parser_sms_answer
    config.o(.text) refers to config.o(.bss) for .bss
    config.o(.text) refers to strncpy.o(.text) for strncpy
    config.o(.text) refers to __2sprintf.o(.text) for __2sprintf
    config.o(.text) refers to qs.o(.text) for QS_beginRec
[...]
    OutDebugNavFilterSprintf                 0x080155b7   Thumb Code    72  nav_filter.o(.text)
    DegrToRad                                0x08015aeb   Thumb Code    22  nav_filter.o(.text)
    NavFilter_ctor                           0x08016bcf   Thumb Code     8  nav_filter.o(.text)
    LSM303DLHC_TIMEOUT_UserCallback          0x08016bd7   Thumb Code     4  nav_filter.o(.text)
    GpsRingBuf_init                          0x08016d31   Thumb Code    26  gps_ring_buf.o(.text)
    GpsRingBuf_push                          0x08016d6b   Thumb Code    24  gps_ring_buf.o(.text)
    ring_buf_pop_byte                        0x08016da3   Thumb Code    34  gps_ring_buf.o(.text)
    GpsRingBuf_count                         0x08016dc5   Thumb Code     6  gps_ring_buf.o(.text)
    RF10ReadCardId_tx_handler                0x08016dd1   Thumb Code    56  rf10.o(.text)
    RF10ReadCardId_rx_handler                0x08016e09   Thumb Code   126  rf10.o(.text)
    RF10Rele_tx_handler                      0x08016e87   Thumb Code    60  rf10.o(.text)
    RF10Rele_rx_handler                      0x08016ec3   Thumb Code    32  rf10.o(.text)
    RF10WriteAddr_tx_handler                 0x08016ee3   Thumb Code    60  rf10.o(.text)
    RF10WriteAddr_rx_handler                 0x08016f1f   Thumb Code    46  rf10.o(.text)
    TL10ReadId_tx_handler                    0x08016f51   Thumb Code    56  tl10.o(.text)
    TL10ReadId_rx_handler                    0x08016f89   Thumb Code    58  tl10.o(.text)
    TL10WriteAddr_tx_handler                 0x08016fc3   Thumb Code    60  tl10.o(.text)
    TL10WriteAddr_rx_handler                 0x08016fff   Thumb Code    38  tl10.o(.text)
    crc16_teltonika                          0x0801702d   Thumb Code    46  crc16_teltonika.o(.text)
    __rt_ctype_table                         0x0801705d   Thumb Code    16  rt_ctype_table.o(.text)
    toupper                                  0x0801706d   Thumb Code    30  toupper.o(.text)
    __2sprintf                               0x0801708d   Thumb Code    38  __2sprintf.o(.text)
    _printf_pre_padding                      0x080170b9   Thumb Code    44  _printf_pad.o(.text)
    _printf_post_padding                     0x080170e5   Thumb Code    34  _printf_pad.o(.text)
    _printf_str                              0x08017107   Thumb Code    82  _printf_str.o(.text)
    _printf_int_dec                          0x08017159   Thumb Code   104  _printf_dec.o(.text)
    _printf_longlong_hex                     0x080171d1   Thumb Code    86  _printf_hex_int_ll_ptr.o(.text)
    _printf_int_hex                          0x08017227   Thumb Code    28  _printf_hex_int_ll_ptr.o(.text)
    _printf_ll_hex                           0x08017243   Thumb Code    12  _printf_hex_int_ll_ptr.o(.text)
    _printf_hex_ptr                          0x0801724f   Thumb Code    18  _printf_hex_int_ll_ptr.o(.text)
    __printf                                 0x08017265   Thumb Code   388  __printf_flags_ss_wp.o(.text)
    atoi                                     0x080173ed   Thumb Code    26  atoi.o(.text)
    strchr                                   0x08017407   Thumb Code    20  strchr.o(.text)
    strstr                                   0x0801741b   Thumb Code    36  strstr.o(.text)
    strlcpy                                  0x0801743f   Thumb Code   142  strlcpy.o(.text)
    memcmp                                   0x080174cd   Thumb Code    88  memcmp.o(.text)
    strcpy                                   0x08017525   Thumb Code    72  strcpy.o(.text)
    strlen                                   0x0801756d   Thumb Code    62  strlen.o(.text)
    strncmp                                  0x080175ab   Thumb Code   150  strncmp.o(.text)
    strcat                                   0x08017641   Thumb Code    24  strcat.o(.text)
    __aeabi_memcpy                           0x08017659   Thumb Code     0  rt_memcpy_v6.o(.text)
    __rt_memcpy                              0x08017659   Thumb Code   138  rt_memcpy_v6.o(.text)
    _memcpy_lastbytes                        0x080176bf   Thumb Code     0  rt_memcpy_v6.o(.text)
    __aeabi_memcpy4                          0x080176e3   Thumb Code     0  rt_memcpy_w.o(.text)
    __aeabi_memcpy8                          0x080176e3   Thumb Code     0  rt_memcpy_w.o(.text)
    __rt_memcpy_w                            0x080176e3   Thumb Code   100  rt_memcpy_w.o(.text)
    _memcpy_lastbytes_aligned                0x0801772b   Thumb Code     0  rt_memcpy_w.o(.text)
    __aeabi_memclr                           0x08017747   Thumb Code     0  rt_memclr.o(.text)
    __rt_memclr                              0x08017747   Thumb Code    68  rt_memclr.o(.text)
    _memset                                  0x0801774b   Thumb Code     0  rt_memclr.o(.text)
    __aeabi_memclr4                          0x0801778b   Thumb Code     0  rt_memclr_w.o(.text)
    __aeabi_memclr8                          0x0801778b   Thumb Code     0  rt_memclr_w.o(.text)
    __rt_memclr_w                            0x0801778b   Thumb Code    78  rt_memclr_w.o(.text)
    _memset_w                                0x0801778f   Thumb Code     0  rt_memclr_w.o(.text)
    strncpy                                  0x080177d9   Thumb Code    86  strncpy.o(.text)
    strcmp                                   0x08017831   Thumb Code   128  strcmpv7m.o(.text)
    asctime                                  0x080178b1   Thumb Code     6  asctime.o(.text)
    localtime                                0x080178bd   Thumb Code     6  localtime.o(.text)
    mktime                                   0x08017907   Thumb Code   352  mktime.o(.text)
    __use_two_region_memory                  0x08017a71   Thumb Code     2  heapauxi.o(.text)
    __rt_heap_escrow$2region                 0x08017a73   Thumb Code     2  heapauxi.o(.text)
    __rt_heap_expand$2region                 0x08017a75   Thumb Code     2  heapauxi.o(.text)
    __rt_locale                              0x08017a79   Thumb Code     8  rt_locale_intlibspace.o(.text)
    __aeabi_errno_addr                       0x08017a81   Thumb Code     8  rt_errno_addr_intlibspace.o(.text)
    __errno$intlibspace                      0x08017a81   Thumb Code     0  rt_errno_addr_intlibspace.o(.text)
    __rt_errno_addr$intlibspace              0x08017a81   Thumb Code     0  rt_errno_addr_intlibspace.o(.text)
    __read_errno                             0x08017a89   Thumb Code    10  _rserrno.o(.text)
    __set_errno                              0x08017a93   Thumb Code    12  _rserrno.o(.text)
    _printf_int_common                       0x08017a9f   Thumb Code   178  _printf_intcommon.o(.text)
    __lib_sel_fp_printf                      0x08017b51   Thumb Code     2  _printf_fp_dec.o(.text)
    _printf_fp_dec_real                      0x08017cff   Thumb Code   620  _printf_fp_dec.o(.text)
    _printf_char_common                      0x08017f77   Thumb Code    32  _printf_char_common.o(.text)
    _sputc                                   0x08017f9d   Thumb Code    10  _sputc.o(.text)
    _printf_cs_common                        0x08017fa7   Thumb Code    20  _printf_char.o(.text)
    _printf_char                             0x08017fbb   Thumb Code    16  _printf_char.o(.text)
    _printf_string                           0x08017fcb   Thumb Code     8  _printf_char.o(.text)
    __strtod_int                             0x08018011   Thumb Code    88  strtod.o(.text)
    strtol                                   0x08018075   Thumb Code   112  strtol.o(.text)
    _asctime_r                               0x080180e5   Thumb Code    74  asctime_internal.o(.text)
    _n$asctime_r                             0x080180e5   Thumb Code     0  asctime_internal.o(.text)
    _localtime_r                             0x0801814d   Thumb Code   178  localtime_internal.o(.text)
    _n$localtime_r                           0x0801814d   Thumb Code     0  localtime_internal.o(.text)
    __user_libspace                          0x08018205   Thumb Code     8  libspace.o(.text)
    __user_perproc_libspace                  0x08018205   Thumb Code     0  libspace.o(.text)
    __user_perthread_libspace                0x08018205   Thumb Code     0  libspace.o(.text)
    _ll_udiv10                               0x0801820d   Thumb Code   138  lludiv10.o(.text)
    isspace                                  0x08018297   Thumb Code    18  isspace.o(.text)
    sprintf                                  0x080182a9   Thumb Code    38  sprintf.o(.text)
    _printf_fp_infnan                        0x080182d5   Thumb Code   112  _printf_fp_infnan.o(.text)
    _sgetc                                   0x08018355   Thumb Code    30  _sgetc.o(.text)
    _sbackspace                              0x08018373   Thumb Code    34  _sgetc.o(.text)
    _strtoul                                 0x08018395   Thumb Code   158  _strtoul.o(.text)
    _btod_etento                             0x08018435   Thumb Code   216  bigflt0.o(.text)
    __user_setup_stackheap                   0x08018511   Thumb Code    74  sys_stackheap_outer.o(.text)
    _printf_truncate_signed                  0x0801855b   Thumb Code    18  _printf_truncate.o(.text)
    _printf_truncate_unsigned                0x0801856d   Thumb Code    18  _printf_truncate.o(.text)
    _printf_charcount                        0x0801857f   Thumb Code    40  _printf_charcount.o(.text)
    _printf_wctomb                           0x080185a9   Thumb Code   182  _printf_wctomb.o(.text)
    _printf_longlong_dec                     0x08018665   Thumb Code   108  _printf_longlong_dec.o(.text)
    _printf_longlong_oct                     0x080186e1   Thumb Code    68  _printf_oct_int_ll.o(.text)
    _printf_int_oct                          0x08018725   Thumb Code    24  _printf_oct_int_ll.o(.text)
    _printf_ll_oct                           0x0801873d   Thumb Code    12  _printf_oct_int_ll.o(.text)
    _chval                                   0x08018751   Thumb Code    28  _chval.o(.text)
    _scanf_really_real                       0x08018969   Thumb Code   668  scanf_fp.o(.text)
    exit                                     0x08018c11   Thumb Code    12  exit.o(.text)
    _printf_fp_hex_real                      0x08018c1d   Thumb Code   754  _printf_fp_hex.o(.text)
    _printf_lcs_common                       0x08018f19   Thumb Code    20  _printf_wchar.o(.text)
    _printf_wchar                            0x08018f2d   Thumb Code    16  _printf_wchar.o(.text)
    _printf_wstring                          0x08018f3d   Thumb Code     8  _printf_wchar.o(.text)
    _wcrtomb                                 0x08018f45   Thumb Code    64  _wcrtomb.o(.text)
    _scanf_really_hex_real                   0x08018f85   Thumb Code   778  scanf_hexfp.o(.text)
    _scanf_really_infnan                     0x0801929d   Thumb Code   292  scanf_infnan.o(.text)
    _sys_exit                                0x080193d1   Thumb Code     8  sys_exit.o(.text)
    __I$use$semihosting                      0x080193dd   Thumb Code     0  use_no_semi.o(.text)
    __use_no_semihosting_swi                 0x080193dd   Thumb Code     2  use_no_semi.o(.text)
    __aeabi_llsl                             0x080193df   Thumb Code     0  llshl.o(.text)
    __semihosting_library_function           0x080193df   Thumb Code     0  indicate_semi.o(.text)
    _ll_shift_l                              0x080193df   Thumb Code    38  llshl.o(.text)
    _btod_d2e                                0x08019405   Thumb Code    62  btod.o(CL$$btod_d2e)
    _d2e_denorm_low                          0x08019443   Thumb Code    70  btod.o(CL$$btod_d2e_denorm_low)
    _d2e_norm_op1                            0x08019489   Thumb Code    96  btod.o(CL$$btod_d2e_norm_op1)
    __btod_div_common                        0x080194e9   Thumb Code   696  btod.o(CL$$btod_div_common)
    _e2d                                     0x08019821   Thumb Code    80  btod.o(CL$$btod_e2d)
    _e2e                                     0x08019875   Thumb Code   198  btod.o(CL$$btod_e2e)
    _btod_ediv                               0x0801993b   Thumb Code    40  btod.o(CL$$btod_ediv)
    _btod_edivd                              0x08019963   Thumb Code    40  btod.o(CL$$btod_edivd)
    _btod_emul                               0x0801998b   Thumb Code    40  btod.o(CL$$btod_emul)
    _btod_emuld                              0x080199b3   Thumb Code    40  btod.o(CL$$btod_emuld)
    __btod_mult_common                       0x080199db   Thumb Code   580  btod.o(CL$$btod_mult_common)
    __ARM_fpclassify                         0x08019c1f   Thumb Code    40  fpclassify.o(i.__ARM_fpclassify)
    __ieee754_rem_pio2                       0x08019c49   Thumb Code   828  rred.o(i.__ieee754_rem_pio2)
    __kernel_cos                             0x08019fd1   Thumb Code   230  cos_i.o(i.__kernel_cos)
    __kernel_poly                            0x0801a0cd   Thumb Code   170  poly.o(i.__kernel_poly)
    __kernel_sin                             0x0801a179   Thumb Code   224  sin_i.o(i.__kernel_sin)
    __mathlib_dbl_divzero                    0x0801a265   Thumb Code    12  dunder.o(i.__mathlib_dbl_divzero)
    __mathlib_dbl_infnan                     0x0801a275   Thumb Code     6  dunder.o(i.__mathlib_dbl_infnan)
    __mathlib_dbl_infnan2                    0x0801a27b   Thumb Code     4  dunder.o(i.__mathlib_dbl_infnan2)
    __mathlib_dbl_invalid                    0x0801a27f   Thumb Code    12  dunder.o(i.__mathlib_dbl_invalid)
    __mathlib_dbl_overflow                   0x0801a28b   Thumb Code    14  dunder.o(i.__mathlib_dbl_overflow)
    __mathlib_dbl_underflow                  0x0801a299   Thumb Code    10  dunder.o(i.__mathlib_dbl_underflow)
    __mathlib_narrow                         0x0801a2a9   Thumb Code    16  narrow.o(i.__mathlib_narrow)
    __mathlib_tofloat                        0x0801a2b9   Thumb Code   132  narrow.o(i.__mathlib_tofloat)
    __support_ldexp                          0x0801a341   Thumb Code    22  ldexp.o(i.__support_ldexp)
    _is_digit                                0x0801a357   Thumb Code    14  __printf_wp.o(i._is_digit)
    atof                                     0x0801a365   Thumb Code    42  atof.o(i.atof)
    cos                                      0x0801a391   Thumb Code   148  cos.o(i.cos)
    frexp                                    0x0801a42d   Thumb Code    80  frexp.o(i.frexp)
    ldexp                                    0x0801a485   Thumb Code   116  ldexp.o(i.ldexp)
    pow                                      0x0801a4f9   Thumb Code  2478  pow.o(i.pow)
    sin                                      0x0801aeb1   Thumb Code   150  sin.o(i.sin)
    sqrt                                     0x0801af51   Thumb Code    76  sqrt.o(i.sqrt)
    _get_lc_ctype                            0x0801af9d   Thumb Code    44  lc_ctype_c.o(locale$$code)
    _get_lc_numeric                          0x0801afc9   Thumb Code    44  lc_numeric_c.o(locale$$code)
    _get_lc_time                             0x0801aff5   Thumb Code    44  lc_time_c.o(locale$$code)
    __aeabi_d2f                              0x0801b021   Thumb Code     0  d2f.o(x$fpl$d2f)
    _d2f                                     0x0801b021   Thumb Code    98  d2f.o(x$fpl$d2f)
    __aeabi_dadd                             0x0801b085   Thumb Code     0  daddsub_clz.o(x$fpl$dadd)
    _dadd                                    0x0801b085   Thumb Code   332  daddsub_clz.o(x$fpl$dadd)
    __fpl_dcheck_NaN1                        0x0801b1d5   Thumb Code    10  dcheck1.o(x$fpl$dcheck1)
    __fpl_dcmp_Inf                           0x0801b1e5   Thumb Code    24  dcmpi.o(x$fpl$dcmpinf)
    __aeabi_ddiv                             0x0801b1fd   Thumb Code     0  ddiv.o(x$fpl$ddiv)
    _ddiv                                    0x0801b1fd   Thumb Code   552  ddiv.o(x$fpl$ddiv)
    __aeabi_cdcmpeq                          0x0801b4ad   Thumb Code     0  deqf.o(x$fpl$deqf)
    _dcmpeq                                  0x0801b4ad   Thumb Code   120  deqf.o(x$fpl$deqf)
    __aeabi_d2iz                             0x0801b525   Thumb Code     0  dfix.o(x$fpl$dfix)
    _dfix                                    0x0801b525   Thumb Code    94  dfix.o(x$fpl$dfix)
    __aeabi_d2uiz                            0x0801b585   Thumb Code     0  dfixu.o(x$fpl$dfixu)
    _dfixu                                   0x0801b585   Thumb Code    90  dfixu.o(x$fpl$dfixu)
    __aeabi_i2d                              0x0801b5df   Thumb Code     0  dflt_clz.o(x$fpl$dflt)
    _dflt                                    0x0801b5df   Thumb Code    46  dflt_clz.o(x$fpl$dflt)
    __aeabi_ui2d                             0x0801b60d   Thumb Code     0  dflt_clz.o(x$fpl$dfltu)
    _dfltu                                   0x0801b60d   Thumb Code    38  dflt_clz.o(x$fpl$dfltu)
    __aeabi_cdcmple                          0x0801b635   Thumb Code     0  dleqf.o(x$fpl$dleqf)
    _dcmple                                  0x0801b635   Thumb Code   120  dleqf.o(x$fpl$dleqf)
    __fpl_dcmple_InfNaN                      0x0801b697   Thumb Code     0  dleqf.o(x$fpl$dleqf)
    __aeabi_dmul                             0x0801b6ad   Thumb Code     0  dmul.o(x$fpl$dmul)
    _dmul                                    0x0801b6ad   Thumb Code   332  dmul.o(x$fpl$dmul)
    __fpl_dnaninf                            0x0801b801   Thumb Code   156  dnaninf.o(x$fpl$dnaninf)
    __fpl_dretinf                            0x0801b89d   Thumb Code    12  dretinf.o(x$fpl$dretinf)
    __aeabi_cdrcmple                         0x0801b8a9   Thumb Code     0  drleqf.o(x$fpl$drleqf)
    _drcmple                                 0x0801b8a9   Thumb Code   108  drleqf.o(x$fpl$drleqf)
    __aeabi_drsub                            0x0801b915   Thumb Code     0  daddsub_clz.o(x$fpl$drsb)
    _drsb                                    0x0801b915   Thumb Code    22  daddsub_clz.o(x$fpl$drsb)
    _dsqrt                                   0x0801b92d   Thumb Code   456  dsqrt_noumaal.o(x$fpl$dsqrt)
    __aeabi_dsub                             0x0801baf9   Thumb Code     0  daddsub_clz.o(x$fpl$dsub)
    _dsub                                    0x0801baf9   Thumb Code   464  daddsub_clz.o(x$fpl$dsub)
    __aeabi_f2d                              0x0801bccd   Thumb Code     0  f2d.o(x$fpl$f2d)
    _f2d                                     0x0801bccd   Thumb Code    86  f2d.o(x$fpl$f2d)
    __aeabi_fadd                             0x0801bd25   Thumb Code     0  faddsub_clz.o(x$fpl$fadd)
    _fadd                                    0x0801bd25   Thumb Code   196  faddsub_clz.o(x$fpl$fadd)
    __fpl_fcheck_NaN1                        0x0801bde9   Thumb Code     6  fcheck1.o(x$fpl$fcheck1)
    __fpl_fcmp_Inf                           0x0801bdf5   Thumb Code    24  fcmpi.o(x$fpl$fcmpinf)
    __aeabi_f2iz                             0x0801be0d   Thumb Code     0  ffix.o(x$fpl$ffix)
    _ffix                                    0x0801be0d   Thumb Code    54  ffix.o(x$fpl$ffix)
    __aeabi_f2uiz                            0x0801be45   Thumb Code     0  ffixu.o(x$fpl$ffixu)
    _ffixu                                   0x0801be45   Thumb Code    62  ffixu.o(x$fpl$ffixu)
    __aeabi_ui2f                             0x0801be85   Thumb Code     0  fflt_clz.o(x$fpl$ffltu)
    _ffltu                                   0x0801be85   Thumb Code    38  fflt_clz.o(x$fpl$ffltu)
    __aeabi_cfcmple                          0x0801bead   Thumb Code     0  fleqf.o(x$fpl$fleqf)
    _fcmple                                  0x0801bead   Thumb Code   104  fleqf.o(x$fpl$fleqf)
    __fpl_fcmple_InfNaN                      0x0801beff   Thumb Code     0  fleqf.o(x$fpl$fleqf)
    __aeabi_fmul                             0x0801bf15   Thumb Code     0  fmul.o(x$fpl$fmul)
    _fmul                                    0x0801bf15   Thumb Code   258  fmul.o(x$fpl$fmul)
    __fpl_fnaninf                            0x0801c017   Thumb Code   140  fnaninf.o(x$fpl$fnaninf)
    __fpl_fretinf                            0x0801c0a3   Thumb Code    10  fretinf.o(x$fpl$fretinf)
    __aeabi_frsub                            0x0801c0ad   Thumb Code     0  faddsub_clz.o(x$fpl$frsb)
    _frsb                                    0x0801c0ad   Thumb Code    20  faddsub_clz.o(x$fpl$frsb)
    __aeabi_fsub                             0x0801c0c1   Thumb Code     0  faddsub_clz.o(x$fpl$fsub)
    _fsub                                    0x0801c0c1   Thumb Code   234  faddsub_clz.o(x$fpl$fsub)
    _printf_fp_dec                           0x0801c1ab   Thumb Code     4  printf1.o(x$fpl$printf1)
    _printf_fp_hex                           0x0801c1af   Thumb Code     4  printf2.o(x$fpl$printf2)
    __fpl_return_NaN                         0x0801c1b3   Thumb Code   100  retnan.o(x$fpl$retnan)
    __ARM_scalbn                             0x0801c217   Thumb Code    92  scalbn.o(x$fpl$scalbn)
    __ARM_scalbnf                            0x0801c273   Thumb Code    76  scalbnf.o(x$fpl$scalbnf)
    _scanf_real                              0x0801c2bf   Thumb Code     4  scanf1.o(x$fpl$scanf1)
    _scanf_hex_real                          0x0801c2c3   Thumb Code     4  scanf2.o(x$fpl$scanf2)
    _scanf_infnan                            0x0801c2c7   Thumb Code     4  scanf2.o(x$fpl$scanf2)
    __fpl_cmpreturn                          0x0801c2cb   Thumb Code    48  trapv.o(x$fpl$trapveneer)
    FwVer                                    0x0801c2fa   Data           2  main.o(.constdata)
    __I$use$fp                               0x0801c2fa   Number         0  usenofp.o(x$fpl$usenofp)
    config_gprs_default                      0x0801c322   Data         212  config.o(.constdata)
    config_server_default                    0x0801c3f6   Data          74  config.o(.constdata)
    Crc32EthTable                            0x0801c444   Data        1024  crc32.o(.constdata)
    mpbCRCHi                                 0x0801c844   Data         256  crc16.o(.constdata)
    mpbCRCLo                                 0x0801c944   Data         256  crc16.o(.constdata)
    AO_Modem                                 0x0801ca44   Data           4  modem.o(.constdata)
    AO_ModemParser                           0x0801cfbc   Data           4  modem_parser.o(.constdata)
    QF_pwr2Lkup                              0x0801d5e6   Data          65  qf_pwr2.o(.constdata)
    QF_invPwr2Lkup                           0x0801d627   Data          65  qf_pwr2.o(.constdata)
    QF_div8Lkup                              0x0801d668   Data          65  qf_pwr2.o(.constdata)
    QEP_reservedEvt_                         0x0801d6e2   Data          16  qep.o(.constdata)
    AO_Disk                                  0x0801d734   Data           4  disk.o(.constdata)
    DiskSaveConfigEvt                        0x0801d738   Data           4  disk.o(.constdata)
    AO_Io                                    0x0801d85c   Data           4  io.o(.constdata)
    crc_table                                0x0801d8b1   Data         256  crc8.o(.constdata)
    AO_Control                               0x0801d9b4   Data           4  control_new.o(.constdata)
    CtrlRebootEvt                            0x0801d9b8   Data           4  control_new.o(.constdata)
    AO_GpsParser                             0x0801db50   Data           4  nmea_parser.o(.constdata)
    AO_NavFilter                             0x0801db94   Data           4  nav_filter.o(.constdata)
    _monlen                                  0x0801dcd8   Data          12  _monlen.o(.constdata)
    __mathlib_zero                           0x0801dd18   Data           8  qnan.o(.constdata)
    Region$$Table$$Base                      0x0801e3ec   Number         0  anon$$obj.o(Region$$Table)
    Region$$Table$$Limit                     0x0801e40c   Number         0  anon$$obj.o(Region$$Table)
    __aeabi_HUGE_VAL                         0x0801e40c   Data           0  fpconst.o(c$$dinf)
    __aeabi_HUGE_VALL                        0x0801e40c   Data           0  fpconst.o(c$$dinf)
    __aeabi_INFINITY                         0x0801e40c   Data           0  fpconst.o(c$$dinf)
    __dInf                                   0x0801e40c   Data           0  fpconst.o(c$$dinf)
    __huge_val                               0x0801e40c   Data           0  fpconst.o(c$$dinf)
    __ctype                                  0x0801e421   Data           0  lc_ctype_c.o(locale$$data)
    watch_flag                               0x20000000   Data           4  main.o(.data)
    tick_counter                             0x20000008   Data           4  bsp.o(.data)
    QS_tickTime_                             0x2000000c   Data           4  bsp.o(.data)
    QS_tickPeriod_                           0x20000010   Data           4  bsp.o(.data)
    line_num                                 0x20000014   Data           4  bsp.o(.data)
    sms_cmd_tbl                              0x20000018   Data         696  config.o(.data)
    gprs_ptr                                 0x200002d4   Data           4  config.o(.data)
    bCRCHi                                   0x200002d8   Data           1  crc16.o(.data)
    bCRCLo                                   0x200002d9   Data           1  crc16.o(.data)
    GsmState                                 0x200002ee   Data           1  modem.o(.data)
    GprsState                                0x200002ef   Data           1  modem.o(.data)
    ServerState                              0x200002f0   Data           1  modem.o(.data)
    debug_answer                             0x200002f8   Data           1  modem.o(.data)
    msg_tbl                                  0x20000300   Data         360  modem_parser.o(.data)
    debug_ptr2                               0x20000474   Data           4  modem_sim900.o(.data)
    debug_size                               0x20000478   Data           4  modem_sim900.o(.data)
    count                                    0x20000486   Data           2  modemringbuf.o(.data)
    size                                     0x20000488   Data           2  modemringbuf.o(.data)
    tail                                     0x2000048a   Data           2  modemringbuf.o(.data)
    head                                     0x2000048c   Data           2  modemringbuf.o(.data)
    debug_ptr                                0x20000494   Data           4  qa_fifo.o(.data)
    QF_maxPool_                              0x20000498   Data           4  qf_pool.o(.data)
    QF_subscrList_                           0x2000049c   Data           4  qf_psini.o(.data)
    QF_maxSignal_                            0x200004a0   Data           4  qf_psini.o(.data)
    QK_currPrio_                             0x200004a4   Data           1  qk.o(.data)
    QK_intNest_                              0x200004a5   Data           1  qk.o(.data)
    QK_ceilingPrio_                          0x200004a6   Data           1  qk_mutex.o(.data)
    debug_spi                                0x200004ad   Data           1  fm25cl64.o(.data)
    debug_id                                 0x200004ba   Data           1  disk.o(.data)
    debug_din                                0x200004bb   Data           1  disk.o(.data)
    write_point_angle_evt_flag               0x200004bc   Data           4  disk.o(.data)
    debug_data_arr                           0x200004c0   Data           8  disk.o(.data)
    RS485State                               0x200004d4   Data           1  io.o(.data)
    polling_sensor                           0x200004d6   Data           1  io.o(.data)
    sensors_in_config                        0x200004d7   Data           1  io.o(.data)
    debug_dev                                0x200004d8   Data           1  io.o(.data)
    TxIndex                                  0x200004dc   Data           4  io.o(.data)
    RxIndex                                  0x200004e0   Data           4  io.o(.data)
    fin_counter                              0x200004f4   Data           8  io.o(.data)
    ind_flag                                 0x20000510   Data           4  ledindicator.o(.data)
    fm_ptr                                   0x20000514   Data           4  control_new.o(.data)
    fw_state                                 0x20000518   Data           1  control_new.o(.data)
    ufw_cont_state                           0x20000522   Data           1  control_new.o(.data)
    debug_erase_page                         0x20000523   Data           1  control_new.o(.data)
    dst                                      0x20000524   Data           1  control_new.o(.data)
    start_val                                0x2000052c   Data           4  control_new.o(.data)
    end_val                                  0x20000530   Data           4  control_new.o(.data)
    complete_time                            0x20000534   Data           4  control_new.o(.data)
    word_counter                             0x20000540   Data           4  control_new.o(.data)
    page_counter                             0x20000544   Data           4  control_new.o(.data)
    byte_counter                             0x20000548   Data           4  control_new.o(.data)
    Epsilon_cmd_table                        0x2000054c   Data          16  epsilon.o(.data)
    debug_ch                                 0x20000564   Data           1  nmea_parser.o(.data)
    dbg_field                                0x20000565   Data           1  nmea_parser.o(.data)
    point_ptr                                0x2000057c   Data           4  nmea_parser.o(.data)
    debug_sensor_id                          0x20000588   Data           1  nav_filter.o(.data)
    not_event_debug_card_id                  0x20000598   Data           5  nav_filter.o(.data)
    RF10_cmd_table                           0x200005b8   Data          24  rf10.o(.data)
    TL10_cmd_table                           0x200005d0   Data           8  tl10.o(.data)
    ModemParserQueueSto                      0x20000690   Data          40  main.o(.bss)
    SysInfo                                  0x200008ac   Data          73  main.o(.bss)
    conf_nav_filter                          0x200010f5   Data           9  config.o(.bss)
    conf_rs485_sensor                        0x200010fe   Data          36  config.o(.bss)
    conf                                     0x20001122   Data         368  config.o(.bss)
    send_sms                                 0x200012d0   Data         170  modem.o(.bss)
    parser_sms_answer                        0x20001504   Data          12  modem.o(.bss)
    modem_state_history                      0x20001510   Data          20  modem.o(.bss)
    modem_ring_buf                           0x20001b12   Data        2000  modem_parser.o(.bss)
    mpar                                     0x200024a4   Data         244  modem_parser.o(.bss)
    QF_active_                               0x200025fc   Data         132  qf_act.o(.bss)
    QF_pool_                                 0x20002680   Data          60  qf_pool.o(.bss)
    QF_timeEvtHead_                          0x200026bc   Data          32  qf_tick.o(.bss)
    QK_readySet_                             0x200026dc   Data           9  qk.o(.bss)
    QS_priv_                                 0x200026e8   Data          64  qs.o(.bss)
    send_pack_buf                            0x200033f4   Data        1000  disk.o(.bss)
    flash_disk_image                         0x200037dc   Data          10  disk.o(.bss)
    points_ram_buf                           0x200037e6   Data        3091  disk.o(.bss)
    dbg_sens                                 0x2000498d   Data          54  disk.o(.bss)
    IoData                                   0x200049c4   Data          42  io.o(.bss)
    rs485_rx_buf                             0x20004ab2   Data          50  io.o(.bss)
    point1                                   0x20005178   Data          56  nmea_parser.o(.bss)
    point2                                   0x200051b0   Data          56  nmea_parser.o(.bss)
    gps_rx_buf                               0x20005260   Data         500  nmea_parser.o(.bss)
    field_buf                                0x20005478   Data          25  nmea_parser.o(.bss)
    nav_dbg_sens                             0x20005775   Data          54  nav_filter.o(.bss)
    __libspace_start                         0x2000581c   Data          96  libspace.o(.bss)
    __temporary_stack_top$libspace           0x2000587c   Data           0  libspace.o(.bss)



==============================================================================

Memory Map of the image

  Image Entry point : 0x08002131

  Load Region LR_IROM1 (Base: 0x08002000, Size: 0x0001cc9c, Max: 0x00040000, ABSOLUTE, COMPRESSED[0x0001c94c])

    Execution Region ER_IROM1 (Base: 0x08002000, Size: 0x0001c6c0, Max: 0x00040000, ABSOLUTE)

    Base Addr    Size         Type   Attr      Idx    E Section Name        Object

    0x08002000   0x00000130   Data   RO            3    RESET               startup_stm32f10x_hd.o
    0x08002130   0x00000008   Code   RO         1963  * !!!main             c_w.l(__main.o)
    0x08002138   0x00000034   Code   RO         2451    !!!scatter          c_w.l(__scatter.o)
    0x0800216c   0x0000005a   Code   RO         2449    !!dczerorl2         c_w.l(__dczerorl2.o)
    0x080021c6   0x00000002   PAD
    0x080021c8   0x0000001c   Code   RO         2453    !!handler_zi        c_w.l(__scatter_zi.o)
    0x080021e4   0x00000000   Code   RO         1922    .ARM.Collect$$_printf_percent$$00000000  c_w.l(_printf_percent.o)
    0x080021e4   0x00000006   Code   RO         2287    .ARM.Collect$$_printf_percent$$00000001  c_w.l(_printf_n.o)
    0x080021ea   0x00000006   Code   RO         2288    .ARM.Collect$$_printf_percent$$00000002  c_w.l(_printf_p.o)
    0x080021f0   0x00000006   Code   RO         1921    .ARM.Collect$$_printf_percent$$00000003  c_w.l(_printf_f.o)
    0x080021f6   0x00000006   Code   RO         2291    .ARM.Collect$$_printf_percent$$00000004  c_w.l(_printf_e.o)
    0x080021fc   0x00000006   Code   RO         2292    .ARM.Collect$$_printf_percent$$00000005  c_w.l(_printf_g.o)
    0x08002202   0x00000006   Code   RO         2293    .ARM.Collect$$_printf_percent$$00000006  c_w.l(_printf_a.o)
    0x08002208   0x0000000a   Code   RO         2297    .ARM.Collect$$_printf_percent$$00000007  c_w.l(_printf_ll.o)
    0x08002212   0x00000006   Code   RO         2290    .ARM.Collect$$_printf_percent$$00000008  c_w.l(_printf_i.o)
    0x08002218   0x00000006   Code   RO         1919    .ARM.Collect$$_printf_percent$$00000009  c_w.l(_printf_d.o)
    0x0800221e   0x00000006   Code   RO         1920    .ARM.Collect$$_printf_percent$$0000000A  c_w.l(_printf_u.o)
    0x08002224   0x00000006   Code   RO         2289    .ARM.Collect$$_printf_percent$$0000000B  c_w.l(_printf_o.o)
    0x0800222a   0x00000006   Code   RO         1918    .ARM.Collect$$_printf_percent$$0000000C  c_w.l(_printf_x.o)
    0x08002230   0x00000006   Code   RO         2294    .ARM.Collect$$_printf_percent$$0000000D  c_w.l(_printf_lli.o)
    0x08002236   0x00000006   Code   RO         2295    .ARM.Collect$$_printf_percent$$0000000E  c_w.l(_printf_lld.o)
    0x0800223c   0x00000006   Code   RO         2296    .ARM.Collect$$_printf_percent$$0000000F  c_w.l(_printf_llu.o)
    0x08002242   0x00000006   Code   RO         2301    .ARM.Collect$$_printf_percent$$00000010  c_w.l(_printf_llo.o)
    0x08002248   0x00000006   Code   RO         2302    .ARM.Collect$$_printf_percent$$00000011  c_w.l(_printf_llx.o)
    0x0800224e   0x0000000a   Code   RO         2298    .ARM.Collect$$_printf_percent$$00000012  c_w.l(_printf_l.o)
    0x08002258   0x00000006   Code   RO         2286    .ARM.Collect$$_printf_percent$$00000013  c_w.l(_printf_c.o)
    0x0800225e   0x00000006   Code   RO         1917    .ARM.Collect$$_printf_percent$$00000014  c_w.l(_printf_s.o)
    0x08002264   0x00000006   Code   RO         2299    .ARM.Collect$$_printf_percent$$00000015  c_w.l(_printf_lc.o)
    0x0800226a   0x00000006   Code   RO         2300    .ARM.Collect$$_printf_percent$$00000016  c_w.l(_printf_ls.o)
    0x08002270   0x00000004   Code   RO         2088    .ARM.Collect$$_printf_percent$$00000017  c_w.l(_printf_percent_end.o)
    0x08002274   0x00000002   Code   RO         2316    .ARM.Collect$$libinit$$00000000  c_w.l(libinit.o)
    0x08002276   0x00000000   Code   RO         2217    .ARM.Collect$$libinit$$00000002  c_w.l(libinit2.o)
    0x08002276   0x00000000   Code   RO         2219    .ARM.Collect$$libinit$$00000004  c_w.l(libinit2.o)
    0x08002276   0x00000000   Code   RO         2222    .ARM.Collect$$libinit$$0000000A  c_w.l(libinit2.o)
    0x08002276   0x00000000   Code   RO         2224    .ARM.Collect$$libinit$$0000000C  c_w.l(libinit2.o)
    0x08002276   0x00000000   Code   RO         2226    .ARM.Collect$$libinit$$0000000E  c_w.l(libinit2.o)
    0x08002276   0x00000006   Code   RO         2227    .ARM.Collect$$libinit$$0000000F  c_w.l(libinit2.o)
    0x0800227c   0x00000000   Code   RO         2229    .ARM.Collect$$libinit$$00000011  c_w.l(libinit2.o)
    0x0800227c   0x0000000c   Code   RO         2230    .ARM.Collect$$libinit$$00000012  c_w.l(libinit2.o)
    0x08002288   0x00000000   Code   RO         2231    .ARM.Collect$$libinit$$00000013  c_w.l(libinit2.o)
    0x08002288   0x00000000   Code   RO         2233    .ARM.Collect$$libinit$$00000015  c_w.l(libinit2.o)
    0x08002288   0x0000000a   Code   RO         2234    .ARM.Collect$$libinit$$00000016  c_w.l(libinit2.o)
    0x08002292   0x00000000   Code   RO         2235    .ARM.Collect$$libinit$$00000017  c_w.l(libinit2.o)
    0x08002292   0x0000000a   Code   RO         2236    .ARM.Collect$$libinit$$00000018  c_w.l(libinit2.o)
    0x0800229c   0x00000000   Code   RO         2237    .ARM.Collect$$libinit$$00000019  c_w.l(libinit2.o)
    0x0800229c   0x00000000   Code   RO         2239    .ARM.Collect$$libinit$$0000001B  c_w.l(libinit2.o)
    0x0800229c   0x00000000   Code   RO         2241    .ARM.Collect$$libinit$$0000001D  c_w.l(libinit2.o)
    0x0800229c   0x00000000   Code   RO         2243    .ARM.Collect$$libinit$$0000001F  c_w.l(libinit2.o)
    0x0800229c   0x00000000   Code   RO         2245    .ARM.Collect$$libinit$$00000021  c_w.l(libinit2.o)
    0x0800229c   0x00000000   Code   RO         2247    .ARM.Collect$$libinit$$00000023  c_w.l(libinit2.o)
    0x0800229c   0x00000000   Code   RO         2249    .ARM.Collect$$libinit$$00000025  c_w.l(libinit2.o)
    0x0800229c   0x00000000   Code   RO         2253    .ARM.Collect$$libinit$$0000002C  c_w.l(libinit2.o)
    0x0800229c   0x00000000   Code   RO         2255    .ARM.Collect$$libinit$$0000002E  c_w.l(libinit2.o)
    0x0800229c   0x00000000   Code   RO         2257    .ARM.Collect$$libinit$$00000030  c_w.l(libinit2.o)
    0x0800229c   0x00000000   Code   RO         2259    .ARM.Collect$$libinit$$00000032  c_w.l(libinit2.o)
    0x0800229c   0x00000002   Code   RO         2260    .ARM.Collect$$libinit$$00000033  c_w.l(libinit2.o)
    0x0800229e   0x00000002   Code   RO         2395    .ARM.Collect$$libshutdown$$00000000  c_w.l(libshutdown.o)
    0x080022a0   0x00000000   Code   RO         2414    .ARM.Collect$$libshutdown$$00000003  c_w.l(libshutdown2.o)
    0x080022a0   0x00000000   Code   RO         2417    .ARM.Collect$$libshutdown$$00000006  c_w.l(libshutdown2.o)
    0x080022a0   0x00000000   Code   RO         2420    .ARM.Collect$$libshutdown$$00000009  c_w.l(libshutdown2.o)
    0x080022a0   0x00000000   Code   RO         2422    .ARM.Collect$$libshutdown$$0000000B  c_w.l(libshutdown2.o)
    0x080022a0   0x00000000   Code   RO         2425    .ARM.Collect$$libshutdown$$0000000E  c_w.l(libshutdown2.o)
    0x080022a0   0x00000002   Code   RO         2426    .ARM.Collect$$libshutdown$$0000000F  c_w.l(libshutdown2.o)
    0x080022a2   0x00000000   Code   RO         2065    .ARM.Collect$$rtentry$$00000000  c_w.l(__rtentry.o)
    0x080022a2   0x00000000   Code   RO         2157    .ARM.Collect$$rtentry$$00000002  c_w.l(__rtentry2.o)
    0x080022a2   0x00000006   Code   RO         2169    .ARM.Collect$$rtentry$$00000004  c_w.l(__rtentry4.o)
    0x080022a8   0x00000000   Code   RO         2159    .ARM.Collect$$rtentry$$00000009  c_w.l(__rtentry2.o)
    0x080022a8   0x00000004   Code   RO         2160    .ARM.Collect$$rtentry$$0000000A  c_w.l(__rtentry2.o)
    0x080022ac   0x00000000   Code   RO         2162    .ARM.Collect$$rtentry$$0000000C  c_w.l(__rtentry2.o)
    0x080022ac   0x00000008   Code   RO         2163    .ARM.Collect$$rtentry$$0000000D  c_w.l(__rtentry2.o)
    0x080022b4   0x00000002   Code   RO         2327    .ARM.Collect$$rtexit$$00000000  c_w.l(rtexit.o)
    0x080022b6   0x00000000   Code   RO         2358    .ARM.Collect$$rtexit$$00000002  c_w.l(rtexit2.o)
    0x080022b6   0x00000004   Code   RO         2359    .ARM.Collect$$rtexit$$00000003  c_w.l(rtexit2.o)
    0x080022ba   0x00000006   Code   RO         2360    .ARM.Collect$$rtexit$$00000004  c_w.l(rtexit2.o)
    0x080022c0   0x00000048   Code   RO            4    .text               startup_stm32f10x_hd.o
    0x08002308   0x00000200   Code   RO           10    .text               main.o
    0x08002508   0x000004e8   Code   RO          200    .text               bsp.o
    0x080029f0   0x00000b14   Code   RO          238    .text               config.o
    0x08003504   0x000000ec   Code   RO          297    .text               system_stm32f10x.o
    0x080035f0   0x00000028   Code   RO          335    .text               crc32.o
    0x08003618   0x00000060   Code   RO          350    .text               crc16.o
    0x08003678   0x00000068   Code   RO          366    .text               qk_port.o
    0x080036e0   0x000001d4   Code   RO          381    .text               stm32f10x_dma.o
    0x080038b4   0x00000418   Code   RO          393    .text               stm32f10x_flash.o
    0x08003ccc   0x0000026c   Code   RO          405    .text               stm32f10x_gpio.o
    0x08003f38   0x0000003c   Code   RO          417    .text               stm32f10x_iwdg.o
    0x08003f74   0x000002f0   Code   RO          429    .text               stm32f10x_rcc.o
    0x08004264   0x000002ac   Code   RO          443    .text               stm32f10x_spi.o
    0x08004510   0x000009be   Code   RO          455    .text               stm32f10x_tim.o
    0x08004ece   0x00000002   PAD
    0x08004ed0   0x00000328   Code   RO          467    .text               stm32f10x_usart.o
    0x080051f8   0x000000b8   Code   RO          479    .text               misc.o
    0x080052b0   0x000000fc   Code   RO          491    .text               stm32f10x_exti.o
    0x080053ac   0x000044b8   Code   RO          503    .text               modem.o
    0x08009864   0x00000a94   Code   RO          548    .text               modem_parser.o
    0x0800a2f8   0x00001e38   Code   RO          577    .text               modem_sim900.o
    0x0800c130   0x0000009c   Code   RO          604    .text               modemringbuf.o
    0x0800c1cc   0x00000014   Code   RO          628    .text               qa_ctor.o
    0x0800c1e0   0x00000054   Code   RO          649    .text               qa_defer.o
    0x0800c234   0x0000017c   Code   RO          663    .text               qa_fifo.o
    0x0800c3b0   0x0000013c   Code   RO          679    .text               qa_get_.o
    0x0800c4ec   0x000000e8   Code   RO          693    .text               qa_lifo.o
    0x0800c5d4   0x000000a0   Code   RO          707    .text               qa_sub.o
    0x0800c674   0x0000010c   Code   RO          749    .text               qeq_fifo.o
    0x0800c780   0x000000d8   Code   RO          763    .text               qeq_get.o
    0x0800c858   0x00000050   Code   RO          777    .text               qeq_init.o
    0x0800c8a8   0x000000cc   Code   RO          803    .text               qf_act.o
    0x0800c974   0x000000ac   Code   RO          828    .text               qf_gc.o
    0x0800ca20   0x000000a8   Code   RO          848    .text               qf_new.o
    0x0800cac8   0x00000064   Code   RO          862    .text               qf_pool.o
    0x0800cb2c   0x0000000c   Code   RO          883    .text               qf_psini.o
    0x0800cb38   0x000000d8   Code   RO          902    .text               qf_pspub.o
    0x0800cc10   0x00000164   Code   RO          935    .text               qf_tick.o
    0x0800cd74   0x000000f4   Code   RO          968    .text               qmp_get.o
    0x0800ce68   0x000000b4   Code   RO          982    .text               qmp_init.o
    0x0800cf1c   0x0000007c   Code   RO          996    .text               qmp_put.o
    0x0800cf98   0x000000a8   Code   RO         1010    .text               qte_arm.o
    0x0800d040   0x00000034   Code   RO         1024    .text               qte_ctor.o
    0x0800d074   0x0000009c   Code   RO         1050    .text               qte_darm.o
    0x0800d110   0x000000a0   Code   RO         1076    .text               qk.o
    0x0800d1b0   0x00000110   Code   RO         1131    .text               qk_sched.o
    0x0800d2c0   0x00000388   Code   RO         1143    .text               qs.o
    0x0800d648   0x00000260   Code   RO         1166    .text               qs_.o
    0x0800d8a8   0x0000002c   Code   RO         1190    .text               qs_byte.o
    0x0800d8d4   0x000000c8   Code   RO         1202    .text               qs_dict.o
    0x0800d99c   0x000000b4   Code   RO         1250    .text               qs_str.o
    0x0800da50   0x00000208   Code   RO         1280    .text               qfsm_dis.o
    0x0800dc58   0x000000d0   Code   RO         1298    .text               qfsm_ini.o
    0x0800dd28   0x00000520   Code   RO         1312    .text               qhsm_dis.o
    0x0800e248   0x00000158   Code   RO         1340    .text               qhsm_ini.o
    0x0800e3a0   0x00000004   Code   RO         1354    .text               qhsm_top.o
    0x0800e3a4   0x00000254   Code   RO         1403    .text               parsersms.o
    0x0800e5f8   0x00000048   Code   RO         1425    .text               bytestream.o
    0x0800e640   0x00000090   Code   RO         1440    .text               memory_spi.o
    0x0800e6d0   0x00000678   Code   RO         1455    .text               at45db.o
    0x0800ed48   0x00000450   Code   RO         1476    .text               fm25cl64.o
    0x0800f198   0x00000530   Code   RO         1494    .text               framringbuf.o
    0x0800f6c8   0x00002180   Code   RO         1525    .text               disk.o
    0x08011848   0x000009de   Code   RO         1571    .text               io.o
    0x08012226   0x00000002   PAD
    0x08012228   0x00000020   Code   RO         1604    .text               crc8.o
    0x08012248   0x000005e0   Code   RO         1619    .text               ledindicator.o
    0x08012828   0x0000176c   Code   RO         1638    .text               control_new.o
    0x08013f94   0x000000f4   Code   RO         1667    .text               epsilon.o
    0x08014088   0x000014f0   Code   RO         1711    .text               nmea_parser.o
    0x08015578   0x000017b8   Code   RO         1750    .text               nav_filter.o
    0x08016d30   0x000000a0   Code   RO         1776    .text               gps_ring_buf.o
    0x08016dd0   0x00000180   Code   RO         1793    .text               rf10.o
    0x08016f50   0x000000dc   Code   RO         1819    .text               tl10.o
    0x0801702c   0x0000002e   Code   RO         1846    .text               crc16_teltonika.o
    0x0801705a   0x00000002   PAD
    0x0801705c   0x00000010   Code   RO         1860    .text               c_w.l(rt_ctype_table.o)
    0x0801706c   0x0000001e   Code   RO         1862    .text               c_w.l(toupper.o)
    0x0801708a   0x00000002   PAD
    0x0801708c   0x0000002c   Code   RO         1864    .text               c_w.l(__2sprintf.o)
    0x080170b8   0x0000004e   Code   RO         1870    .text               c_w.l(_printf_pad.o)
    0x08017106   0x00000052   Code   RO         1872    .text               c_w.l(_printf_str.o)
    0x08017158   0x00000078   Code   RO         1874    .text               c_w.l(_printf_dec.o)
    0x080171d0   0x00000094   Code   RO         1894    .text               c_w.l(_printf_hex_int_ll_ptr.o)
    0x08017264   0x00000188   Code   RO         1914    .text               c_w.l(__printf_flags_ss_wp.o)
    0x080173ec   0x0000001a   Code   RO         1923    .text               c_w.l(atoi.o)
    0x08017406   0x00000014   Code   RO         1925    .text               c_w.l(strchr.o)
    0x0801741a   0x00000024   Code   RO         1927    .text               c_w.l(strstr.o)
    0x0801743e   0x0000008e   Code   RO         1929    .text               c_w.l(strlcpy.o)
    0x080174cc   0x00000058   Code   RO         1931    .text               c_w.l(memcmp.o)
    0x08017524   0x00000048   Code   RO         1933    .text               c_w.l(strcpy.o)
    0x0801756c   0x0000003e   Code   RO         1935    .text               c_w.l(strlen.o)
    0x080175aa   0x00000096   Code   RO         1937    .text               c_w.l(strncmp.o)
    0x08017640   0x00000018   Code   RO         1939    .text               c_w.l(strcat.o)
    0x08017658   0x0000008a   Code   RO         1941    .text               c_w.l(rt_memcpy_v6.o)
    0x080176e2   0x00000064   Code   RO         1943    .text               c_w.l(rt_memcpy_w.o)
    0x08017746   0x00000044   Code   RO         1945    .text               c_w.l(rt_memclr.o)
    0x0801778a   0x0000004e   Code   RO         1947    .text               c_w.l(rt_memclr_w.o)
    0x080177d8   0x00000056   Code   RO         1949    .text               c_w.l(strncpy.o)
    0x0801782e   0x00000002   PAD
    0x08017830   0x00000080   Code   RO         1951    .text               c_w.l(strcmpv7m.o)
    0x080178b0   0x0000000c   Code   RO         1953    .text               c_w.l(asctime.o)
    0x080178bc   0x0000000c   Code   RO         1956    .text               c_w.l(localtime.o)
    0x080178c8   0x000001a8   Code   RO         1959    .text               c_w.l(mktime.o)
    0x08017a70   0x00000006   Code   RO         1961    .text               c_w.l(heapauxi.o)
    0x08017a76   0x00000002   PAD
    0x08017a78   0x00000008   Code   RO         2069    .text               c_w.l(rt_locale_intlibspace.o)
    0x08017a80   0x00000008   Code   RO         2074    .text               c_w.l(rt_errno_addr_intlibspace.o)
    0x08017a88   0x00000016   Code   RO         2076    .text               c_w.l(_rserrno.o)
    0x08017a9e   0x000000b2   Code   RO         2078    .text               c_w.l(_printf_intcommon.o)
    0x08017b50   0x0000041a   Code   RO         2080    .text               c_w.l(_printf_fp_dec.o)
    0x08017f6a   0x00000002   PAD
    0x08017f6c   0x00000030   Code   RO         2082    .text               c_w.l(_printf_char_common.o)
    0x08017f9c   0x0000000a   Code   RO         2084    .text               c_w.l(_sputc.o)
    0x08017fa6   0x0000002c   Code   RO         2086    .text               c_w.l(_printf_char.o)
    0x08017fd2   0x00000002   PAD
    0x08017fd4   0x000000a0   Code   RO         2089    .text               c_w.l(strtod.o)
    0x08018074   0x00000070   Code   RO         2091    .text               c_w.l(strtol.o)
    0x080180e4   0x00000068   Code   RO         2097    .text               c_w.l(asctime_internal.o)
    0x0801814c   0x000000b8   Code   RO         2099    .text               c_w.l(localtime_internal.o)
    0x08018204   0x00000008   Code   RO         2153    .text               c_w.l(libspace.o)
    0x0801820c   0x0000008a   Code   RO         2171    .text               c_w.l(lludiv10.o)
    0x08018296   0x00000012   Code   RO         2173    .text               c_w.l(isspace.o)
    0x080182a8   0x0000002c   Code   RO         2175    .text               c_w.l(sprintf.o)
    0x080182d4   0x00000080   Code   RO         2177    .text               c_w.l(_printf_fp_infnan.o)
    0x08018354   0x00000040   Code   RO         2181    .text               c_w.l(_sgetc.o)
    0x08018394   0x0000009e   Code   RO         2183    .text               c_w.l(_strtoul.o)
    0x08018432   0x00000002   PAD
    0x08018434   0x000000dc   Code   RO         2185    .text               c_w.l(bigflt0.o)
    0x08018510   0x0000004a   Code   RO         2269    .text               c_w.l(sys_stackheap_outer.o)
    0x0801855a   0x00000024   Code   RO         2271    .text               c_w.l(_printf_truncate.o)
    0x0801857e   0x00000028   Code   RO         2273    .text               c_w.l(_printf_charcount.o)
    0x080185a6   0x00000002   PAD
    0x080185a8   0x000000bc   Code   RO         2275    .text               c_w.l(_printf_wctomb.o)
    0x08018664   0x0000007c   Code   RO         2278    .text               c_w.l(_printf_longlong_dec.o)
    0x080186e0   0x00000070   Code   RO         2284    .text               c_w.l(_printf_oct_int_ll.o)
    0x08018750   0x0000001c   Code   RO         2303    .text               c_w.l(_chval.o)
    0x0801876c   0x000004a4   Code   RO         2305    .text               c_w.l(scanf_fp.o)
    0x08018c10   0x0000000c   Code   RO         2307    .text               c_w.l(exit.o)
    0x08018c1c   0x000002fc   Code   RO         2329    .text               c_w.l(_printf_fp_hex.o)
    0x08018f18   0x0000002c   Code   RO         2332    .text               c_w.l(_printf_wchar.o)
    0x08018f44   0x00000040   Code   RO         2334    .text               c_w.l(_wcrtomb.o)
    0x08018f84   0x00000318   Code   RO         2366    .text               c_w.l(scanf_hexfp.o)
    0x0801929c   0x00000134   Code   RO         2368    .text               c_w.l(scanf_infnan.o)
    0x080193d0   0x0000000c   Code   RO         2380    .text               c_w.l(sys_exit.o)
    0x080193dc   0x00000002   Code   RO         2382    .text               c_w.l(use_no_semi.o)
    0x080193de   0x00000000   Code   RO         2384    .text               c_w.l(indicate_semi.o)
    0x080193de   0x00000026   Code   RO         2387    .text               c_w.l(llshl.o)
    0x08019404   0x0000003e   Code   RO         2188    CL$$btod_d2e        c_w.l(btod.o)
    0x08019442   0x00000046   Code   RO         2190    CL$$btod_d2e_denorm_low  c_w.l(btod.o)
    0x08019488   0x00000060   Code   RO         2189    CL$$btod_d2e_norm_op1  c_w.l(btod.o)
    0x080194e8   0x00000338   Code   RO         2198    CL$$btod_div_common  c_w.l(btod.o)
    0x08019820   0x00000054   Code   RO         2196    CL$$btod_e2d        c_w.l(btod.o)
    0x08019874   0x000000c6   Code   RO         2195    CL$$btod_e2e        c_w.l(btod.o)
    0x0801993a   0x00000028   Code   RO         2192    CL$$btod_ediv       c_w.l(btod.o)
    0x08019962   0x00000028   Code   RO         2194    CL$$btod_edivd      c_w.l(btod.o)
    0x0801998a   0x00000028   Code   RO         2191    CL$$btod_emul       c_w.l(btod.o)
    0x080199b2   0x00000028   Code   RO         2193    CL$$btod_emuld      c_w.l(btod.o)
    0x080199da   0x00000244   Code   RO         2197    CL$$btod_mult_common  c_w.l(btod.o)
    0x08019c1e   0x00000028   Code   RO         2137    i.__ARM_fpclassify  m_ws.l(fpclassify.o)
    0x08019c46   0x00000002   PAD
    0x08019c48   0x00000388   Code   RO         2142    i.__ieee754_rem_pio2  m_ws.l(rred.o)
    0x08019fd0   0x000000fc   Code   RO         2120    i.__kernel_cos      m_ws.l(cos_i.o)
    0x0801a0cc   0x000000aa   Code   RO         2139    i.__kernel_poly     m_ws.l(poly.o)
    0x0801a176   0x00000002   PAD
    0x0801a178   0x000000ec   Code   RO         2147    i.__kernel_sin      m_ws.l(sin_i.o)
    0x0801a264   0x00000010   Code   RO         2123    i.__mathlib_dbl_divzero  m_ws.l(dunder.o)
    0x0801a274   0x00000006   Code   RO         2124    i.__mathlib_dbl_infnan  m_ws.l(dunder.o)
    0x0801a27a   0x00000004   Code   RO         2125    i.__mathlib_dbl_infnan2  m_ws.l(dunder.o)
    0x0801a27e   0x0000000c   Code   RO         2126    i.__mathlib_dbl_invalid  m_ws.l(dunder.o)
    0x0801a28a   0x0000000e   Code   RO         2127    i.__mathlib_dbl_overflow  m_ws.l(dunder.o)
    0x0801a298   0x00000010   Code   RO         2129    i.__mathlib_dbl_underflow  m_ws.l(dunder.o)
    0x0801a2a8   0x00000010   Code   RO         2349    i.__mathlib_narrow  m_ws.l(narrow.o)
    0x0801a2b8   0x00000088   Code   RO         2350    i.__mathlib_tofloat  m_ws.l(narrow.o)
    0x0801a340   0x00000016   Code   RO         2397    i.__support_ldexp   m_ws.l(ldexp.o)
    0x0801a356   0x0000000e   Code   RO         1907    i._is_digit         c_w.l(__printf_wp.o)
    0x0801a364   0x0000002a   Code   RO         2028    i.atof              m_ws.l(atof.o)
    0x0801a38e   0x00000002   PAD
    0x0801a390   0x0000009c   Code   RO         2032    i.cos               m_ws.l(cos.o)
    0x0801a42c   0x00000058   Code   RO         2377    i.frexp             m_ws.l(frexp.o)
    0x0801a484   0x00000074   Code   RO         2398    i.ldexp             m_ws.l(ldexp.o)
    0x0801a4f8   0x000009b8   Code   RO         2040    i.pow               m_ws.l(pow.o)
    0x0801aeb0   0x000000a0   Code   RO         2050    i.sin               m_ws.l(sin.o)
    0x0801af50   0x0000004c   Code   RO         2058    i.sqrt              m_ws.l(sqrt.o)
    0x0801af9c   0x0000002c   Code   RO         2094    locale$$code        c_w.l(lc_ctype_c.o)
    0x0801afc8   0x0000002c   Code   RO         2211    locale$$code        c_w.l(lc_numeric_c.o)
    0x0801aff4   0x0000002c   Code   RO         2214    locale$$code        c_w.l(lc_time_c.o)
    0x0801b020   0x00000062   Code   RO         1965    x$fpl$d2f           fz_ws.l(d2f.o)
    0x0801b082   0x00000002   PAD
    0x0801b084   0x00000150   Code   RO         1967    x$fpl$dadd          fz_ws.l(daddsub_clz.o)
    0x0801b1d4   0x00000010   Code   RO         2101    x$fpl$dcheck1       fz_ws.l(dcheck1.o)
    0x0801b1e4   0x00000018   Code   RO         2261    x$fpl$dcmpinf       fz_ws.l(dcmpi.o)
    0x0801b1fc   0x000002b0   Code   RO         1974    x$fpl$ddiv          fz_ws.l(ddiv.o)
    0x0801b4ac   0x00000078   Code   RO         2374    x$fpl$deqf          fz_ws.l(deqf.o)
    0x0801b524   0x0000005e   Code   RO         1977    x$fpl$dfix          fz_ws.l(dfix.o)
    0x0801b582   0x00000002   PAD
    0x0801b584   0x0000005a   Code   RO         1981    x$fpl$dfixu         fz_ws.l(dfixu.o)
    0x0801b5de   0x0000002e   Code   RO         1986    x$fpl$dflt          fz_ws.l(dflt_clz.o)
    0x0801b60c   0x00000026   Code   RO         1985    x$fpl$dfltu         fz_ws.l(dflt_clz.o)
    0x0801b632   0x00000002   PAD
    0x0801b634   0x00000078   Code   RO         2103    x$fpl$dleqf         fz_ws.l(dleqf.o)
    0x0801b6ac   0x00000154   Code   RO         1991    x$fpl$dmul          fz_ws.l(dmul.o)
    0x0801b800   0x0000009c   Code   RO         2105    x$fpl$dnaninf       fz_ws.l(dnaninf.o)
    0x0801b89c   0x0000000c   Code   RO         2107    x$fpl$dretinf       fz_ws.l(dretinf.o)
    0x0801b8a8   0x0000006c   Code   RO         1993    x$fpl$drleqf        fz_ws.l(drleqf.o)
    0x0801b914   0x00000016   Code   RO         1968    x$fpl$drsb          fz_ws.l(daddsub_clz.o)
    0x0801b92a   0x00000002   PAD
    0x0801b92c   0x000001cc   Code   RO         2109    x$fpl$dsqrt         fz_ws.l(dsqrt_noumaal.o)
    0x0801baf8   0x000001d4   Code   RO         1969    x$fpl$dsub          fz_ws.l(daddsub_clz.o)
    0x0801bccc   0x00000056   Code   RO         1995    x$fpl$f2d           fz_ws.l(f2d.o)
    0x0801bd22   0x00000002   PAD
    0x0801bd24   0x000000c4   Code   RO         1997    x$fpl$fadd          fz_ws.l(faddsub_clz.o)
    0x0801bde8   0x0000000c   Code   RO         2111    x$fpl$fcheck1       fz_ws.l(fcheck1.o)
    0x0801bdf4   0x00000018   Code   RO         2113    x$fpl$fcmpinf       fz_ws.l(fcmpi.o)
    0x0801be0c   0x00000036   Code   RO         2003    x$fpl$ffix          fz_ws.l(ffix.o)
    0x0801be42   0x00000002   PAD
    0x0801be44   0x0000003e   Code   RO         2007    x$fpl$ffixu         fz_ws.l(ffixu.o)
    0x0801be82   0x00000002   PAD
    0x0801be84   0x00000026   Code   RO         2011    x$fpl$ffltu         fz_ws.l(fflt_clz.o)
    0x0801beaa   0x00000002   PAD
    0x0801beac   0x00000068   Code   RO         2017    x$fpl$fleqf         fz_ws.l(fleqf.o)
    0x0801bf14   0x00000102   Code   RO         2019    x$fpl$fmul          fz_ws.l(fmul.o)
    0x0801c016   0x0000008c   Code   RO         2115    x$fpl$fnaninf       fz_ws.l(fnaninf.o)
    0x0801c0a2   0x0000000a   Code   RO         2117    x$fpl$fretinf       fz_ws.l(fretinf.o)
    0x0801c0ac   0x00000014   Code   RO         1998    x$fpl$frsb          fz_ws.l(faddsub_clz.o)
    0x0801c0c0   0x000000ea   Code   RO         1999    x$fpl$fsub          fz_ws.l(faddsub_clz.o)
    0x0801c1aa   0x00000004   Code   RO         2021    x$fpl$printf1       fz_ws.l(printf1.o)
    0x0801c1ae   0x00000004   Code   RO         2319    x$fpl$printf2       fz_ws.l(printf2.o)
    0x0801c1b2   0x00000064   Code   RO         2265    x$fpl$retnan        fz_ws.l(retnan.o)
    0x0801c216   0x0000005c   Code   RO         2023    x$fpl$scalbn        fz_ws.l(scalbn.o)
    0x0801c272   0x0000004c   Code   RO         2025    x$fpl$scalbnf       fz_ws.l(scalbnf.o)
    0x0801c2be   0x00000004   Code   RO         2267    x$fpl$scanf1        fz_ws.l(scanf1.o)
    0x0801c2c2   0x00000008   Code   RO         2343    x$fpl$scanf2        fz_ws.l(scanf2.o)
    0x0801c2ca   0x00000030   Code   RO         2325    x$fpl$trapveneer    fz_ws.l(trapv.o)
    0x0801c2fa   0x00000000   Code   RO         2119    x$fpl$usenofp       fz_ws.l(usenofp.o)
    0x0801c2fa   0x00000002   Data   RO           12    .constdata          main.o
    0x0801c2fc   0x00000018   Data   RO           13    .constdata          main.o
    0x0801c314   0x0000000e   Data   RO          202    .constdata          bsp.o
    0x0801c322   0x000000d4   Data   RO          240    .constdata          config.o
    0x0801c3f6   0x0000004a   Data   RO          241    .constdata          config.o
    0x0801c440   0x00000004   Data   RO          242    .constdata          config.o
    0x0801c444   0x00000400   Data   RO          336    .constdata          crc32.o
    0x0801c844   0x00000200   Data   RO          351    .constdata          crc16.o
    0x0801ca44   0x00000562   Data   RO          505    .constdata          modem.o
    0x0801cfa6   0x00000002   PAD
    0x0801cfa8   0x000000c3   Data   RO          550    .constdata          modem_parser.o
    0x0801d06b   0x00000001   PAD
    0x0801d06c   0x00000505   Data   RO          579    .constdata          modem_sim900.o
    0x0801d571   0x00000003   PAD
    0x0801d574   0x00000014   Data   RO          629    .constdata          qa_ctor.o
    0x0801d588   0x00000009   Data   RO          650    .constdata          qa_defer.o
    0x0801d591   0x00000008   Data   RO          664    .constdata          qa_fifo.o
    0x0801d599   0x00000008   Data   RO          680    .constdata          qa_get_.o
    0x0801d5a1   0x00000008   Data   RO          694    .constdata          qa_lifo.o
    0x0801d5a9   0x00000007   Data   RO          708    .constdata          qa_sub.o
    0x0801d5b0   0x00000009   Data   RO          750    .constdata          qeq_fifo.o
    0x0801d5b9   0x00000008   Data   RO          764    .constdata          qeq_get.o
    0x0801d5c1   0x00000007   Data   RO          805    .constdata          qf_act.o
    0x0801d5c8   0x00000006   Data   RO          829    .constdata          qf_gc.o
    0x0801d5ce   0x00000007   Data   RO          849    .constdata          qf_new.o
    0x0801d5d5   0x00000008   Data   RO          864    .constdata          qf_pool.o
    0x0801d5dd   0x00000009   Data   RO          903    .constdata          qf_pspub.o
    0x0801d5e6   0x00000041   Data   RO          916    .constdata          qf_pwr2.o
    0x0801d627   0x00000041   Data   RO          917    .constdata          qf_pwr2.o
    0x0801d668   0x00000041   Data   RO          918    .constdata          qf_pwr2.o
    0x0801d6a9   0x00000008   Data   RO          937    .constdata          qf_tick.o
    0x0801d6b1   0x00000008   Data   RO          969    .constdata          qmp_get.o
    0x0801d6b9   0x00000009   Data   RO          983    .constdata          qmp_init.o
    0x0801d6c2   0x00000008   Data   RO          997    .constdata          qmp_put.o
    0x0801d6ca   0x00000008   Data   RO         1011    .constdata          qte_arm.o
    0x0801d6d2   0x00000009   Data   RO         1025    .constdata          qte_ctor.o
    0x0801d6db   0x00000003   Data   RO         1078    .constdata          qk.o
    0x0801d6de   0x00000003   Data   RO         1145    .constdata          qs.o
    0x0801d6e1   0x00000001   PAD
    0x0801d6e2   0x00000010   Data   RO         1268    .constdata          qep.o
    0x0801d6f2   0x00000009   Data   RO         1281    .constdata          qfsm_dis.o
    0x0801d6fb   0x00000001   PAD
    0x0801d6fc   0x00000011   Data   RO         1299    .constdata          qfsm_ini.o
    0x0801d70d   0x00000009   Data   RO         1313    .constdata          qhsm_dis.o
    0x0801d716   0x00000002   PAD
    0x0801d718   0x00000011   Data   RO         1341    .constdata          qhsm_ini.o
    0x0801d729   0x00000008   Data   RO         1456    .constdata          at45db.o
    0x0801d731   0x00000003   PAD
    0x0801d734   0x00000004   Data   RO         1527    .constdata          disk.o
    0x0801d738   0x00000004   Data   RO         1528    .constdata          disk.o
    0x0801d73c   0x0000011e   Data   RO         1529    .constdata          disk.o
    0x0801d85a   0x00000002   PAD
    0x0801d85c   0x00000055   Data   RO         1573    .constdata          io.o
    0x0801d8b1   0x00000100   Data   RO         1605    .constdata          crc8.o
    0x0801d9b1   0x00000003   PAD
    0x0801d9b4   0x0000019c   Data   RO         1640    .constdata          control_new.o
    0x0801db50   0x00000004   Data   RO         1713    .constdata          nmea_parser.o
    0x0801db54   0x00000040   Data   RO         1714    .constdata          nmea_parser.o
    0x0801db94   0x00000081   Data   RO         1752    .constdata          nav_filter.o
    0x0801dc15   0x00000028   Data   RO         1895    .constdata          c_w.l(_printf_hex_int_ll_ptr.o)
    0x0801dc3d   0x00000011   Data   RO         1915    .constdata          c_w.l(__printf_flags_ss_wp.o)
    0x0801dc4e   0x00000002   PAD
    0x0801dc50   0x00000088   Data   RO         2041    .constdata          m_ws.l(pow.o)
    0x0801dcd8   0x0000000c   Data   RO         2096    .constdata          c_w.l(_monlen.o)
    0x0801dce4   0x00000004   PAD
    0x0801dce8   0x00000030   Data   RO         2121    .constdata          m_ws.l(cos_i.o)
    0x0801dd18   0x00000008   Data   RO         2141    .constdata          m_ws.l(qnan.o)
    0x0801dd20   0x000000c8   Data   RO         2144    .constdata          m_ws.l(rred.o)
    0x0801dde8   0x00000028   Data   RO         2148    .constdata          m_ws.l(sin_i.o)
    0x0801de10   0x00000094   Data   RO         2186    .constdata          c_w.l(bigflt0.o)
    0x0801dea4   0x00000008   Data   RO         2276    .constdata          c_w.l(_printf_wctomb.o)
    0x0801deac   0x00000026   Data   RO         2330    .constdata          c_w.l(_printf_fp_hex.o)
    0x0801ded2   0x00000002   PAD
    0x0801ded4   0x00000234   Data   RO          243    .conststring        config.o
    0x0801e108   0x000002e1   Data   RO          552    .conststring        modem_parser.o
    0x0801e3e9   0x00000003   PAD
    0x0801e3ec   0x00000020   Data   RO         2447    Region$$Table       anon$$obj.o
    0x0801e40c   0x00000008   Data   RO         2340    c$$dinf             fz_ws.l(fpconst.o)
    0x0801e414   0x00000110   Data   RO         2093    locale$$data        c_w.l(lc_ctype_c.o)
    0x0801e524   0x0000001c   Data   RO         2210    locale$$data        c_w.l(lc_numeric_c.o)
    0x0801e540   0x00000180   Data   RO         2213    locale$$data        c_w.l(lc_time_c.o)


    Execution Region RW_IRAM1 (Base: 0x20000000, Size: 0x00005e80, Max: 0x0000c000, ABSOLUTE, COMPRESSED[0x0000028c])

    Base Addr    Size         Type   Attr      Idx    E Section Name        Object

    0x20000000   0x00000004   Data   RW           14    .data               main.o
    0x20000004   0x00000014   Data   RW          203    .data               bsp.o
    0x20000018   0x000002b8   Data   RW          244    .data               config.o
    0x200002d0   0x00000001   Data   RW          245    .data               config.o
    0x200002d1   0x00000003   PAD
    0x200002d4   0x00000004   Data   RW          246    .data               config.o
    0x200002d8   0x00000002   Data   RW          352    .data               crc16.o
    0x200002da   0x00000014   Data   RW          430    .data               stm32f10x_rcc.o
    0x200002ee   0x0000000b   Data   RW          506    .data               modem.o
    0x200002f9   0x00000003   PAD
    0x200002fc   0x0000016c   Data   RW          553    .data               modem_parser.o
    0x20000468   0x0000001a   Data   RW          580    .data               modem_sim900.o
    0x20000482   0x00000002   PAD
    0x20000484   0x00000010   Data   RW          605    .data               modemringbuf.o
    0x20000494   0x00000004   Data   RW          665    .data               qa_fifo.o
    0x20000498   0x00000004   Data   RW          865    .data               qf_pool.o
    0x2000049c   0x00000008   Data   RW          884    .data               qf_psini.o
    0x200004a4   0x00000001   Data   RW         1079    .data               qk.o
    0x200004a5   0x00000001   Data   RW         1080    .data               qk.o
    0x200004a6   0x00000001   Data   RW         1114    .data               qk_mutex.o
    0x200004a7   0x00000001   PAD
    0x200004a8   0x00000004   Data   RW         1405    .data               parsersms.o
    0x200004ac   0x00000001   Data   RW         1457    .data               at45db.o
    0x200004ad   0x00000001   Data   RW         1477    .data               fm25cl64.o
    0x200004ae   0x00000002   PAD
    0x200004b0   0x00000004   Data   RW         1496    .data               framringbuf.o
    0x200004b4   0x00000014   Data   RW         1530    .data               disk.o
    0x200004c8   0x00000034   Data   RW         1575    .data               io.o
    0x200004fc   0x00000018   Data   RW         1620    .data               ledindicator.o
    0x20000514   0x00000004   Data   RW         1641    .data               control_new.o
    0x20000518   0x00000034   Data   RW         1642    .data               control_new.o
    0x2000054c   0x00000010   Data   RW         1668    .data               epsilon.o
    0x2000055c   0x00000001   Data   RW         1669    .data               epsilon.o
    0x2000055d   0x00000003   PAD
    0x20000560   0x00000028   Data   RW         1715    .data               nmea_parser.o
    0x20000588   0x00000020   Data   RW         1753    .data               nav_filter.o
    0x200005a8   0x00000010   Data   RW         1777    .data               gps_ring_buf.o
    0x200005b8   0x00000018   Data   RW         1794    .data               rf10.o
    0x200005d0   0x00000008   Data   RW         1820    .data               tl10.o
    0x200005d8   0x00000001   Data   RW         1821    .data               tl10.o
    0x200005d9   0x00000003   PAD
    0x200005dc   0x00000319   Zero   RW           11    .bss                main.o
    0x200008f5   0x00000800   Zero   RW          201    .bss                bsp.o
    0x200010f5   0x0000019d   Zero   RW          239    .bss                config.o
    0x20001292   0x00000002   PAD
    0x20001294   0x00000290   Zero   RW          504    .bss                modem.o
    0x20001524   0x00001074   Zero   RW          549    .bss                modem_parser.o
    0x20002598   0x00000064   Zero   RW          578    .bss                modem_sim900.o
    0x200025fc   0x00000084   Zero   RW          804    .bss                qf_act.o
    0x20002680   0x0000003c   Zero   RW          863    .bss                qf_pool.o
    0x200026bc   0x00000020   Zero   RW          936    .bss                qf_tick.o
    0x200026dc   0x00000009   Zero   RW         1077    .bss                qk.o
    0x200026e5   0x00000003   PAD
    0x200026e8   0x00000040   Zero   RW         1144    .bss                qs.o
    0x20002728   0x00000032   Zero   RW         1404    .bss                parsersms.o
    0x2000275a   0x00000c13   Zero   RW         1495    .bss                framringbuf.o
    0x2000336d   0x00000003   PAD
    0x20003370   0x00001653   Zero   RW         1526    .bss                disk.o
    0x200049c3   0x00000001   PAD
    0x200049c4   0x00000120   Zero   RW         1572    .bss                io.o
    0x20004ae4   0x00000625   Zero   RW         1639    .bss                control_new.o
    0x20005109   0x00000007   PAD
    0x20005110   0x00000381   Zero   RW         1712    .bss                nmea_parser.o
    0x20005491   0x00000007   PAD
    0x20005498   0x00000313   Zero   RW         1751    .bss                nav_filter.o
    0x200057ab   0x00000044   Zero   RW         1954    .bss                c_w.l(asctime.o)
    0x200057ef   0x00000001   PAD
    0x200057f0   0x0000002c   Zero   RW         1957    .bss                c_w.l(localtime.o)
    0x2000581c   0x00000060   Zero   RW         2154    .bss                c_w.l(libspace.o)
    0x2000587c   0x00000004   PAD
    0x20005880   0x00000000   Zero   RW            2    HEAP                startup_stm32f10x_hd.o
    0x20005880   0x00000600   Zero   RW            1    STACK               startup_stm32f10x_hd.o


==============================================================================

Image component sizes


      Code (inc. data)   RO Data    RW Data    ZI Data      Debug   Object Name

      1656         20          8          1          0       5737   at45db.o
      1256         62         14         20       2048      29250   bsp.o
        72          0          0          0          0       1437   bytestream.o
      2836        418        854        701        413      18732   config.o
      5996        582        412         56       1573      34942   control_new.o
        96         12        512          2          0       1430   crc16.o
        46          0          0          0          0       1022   crc16_teltonika.o
        40          4       1024          0          0       1011   crc32.o
        32          4        256          0          0        999   crc8.o
      8576       1042        294         20       5715      27169   disk.o
       244          8          0         17          0       2068   epsilon.o
      1104         18          0          1          0       4004   fm25cl64.o
      1328         20          0          4       3091       6757   framringbuf.o
       160          6          0         16          0       1917   gps_ring_buf.o
      2526        200         85         52        288      25739   io.o
      1504        264          0         24          0       5284   ledindicator.o
       512         82         26          4        793     305614   main.o
       144          8          0          0          0        589   memory_spi.o
       184         12          0          0          0       1817   misc.o
     17592       3636       1378         11        656      44984   modem.o
      2708        316        932        364       4212       8040   modem_parser.o
      7736        688       1285         26        100      26087   modem_sim900.o
       156          4          0         16          0       1936   modemringbuf.o
         0          0          0          0          0        916   my_time.o
      6072       1004        129         32        787      12467   nav_filter.o
      5360        212         68         40        897      14040   nmea_parser.o
       596         56          0          4         50       3910   parsersms.o
        20          4         20          0          0       1663   qa_ctor.o
        84          6          9          0          0       1299   qa_defer.o
       380         36          8          4          0       1603   qa_fifo.o
       316         26          8          0          0       1402   qa_get_.o
       232         26          8          0          0       1251   qa_lifo.o
       160         30          7          0          0       1028   qa_sub.o
         0          0         16          0          0        427   qep.o
       268         10          9          0          0       1291   qeq_fifo.o
       216         10          8          0          0       1122   qeq_get.o
        80          4          0          0          0        831   qeq_init.o
       204         14          7          0        132       3747   qf_act.o
       172         16          6          0          0       1028   qf_gc.o
       168         18          7          0          0       1155   qf_new.o
       100         12          8          4         60       1113   qf_pool.o
        12          4          0          8          0        931   qf_psini.o
       216         24          9          0          0       1233   qf_pspub.o
         0          0        195          0          0        533   qf_pwr2.o
       356         12          8          0         32       1710   qf_tick.o
       520         12          9          0          0       1420   qfsm_dis.o
       208         14         17          0          0       1298   qfsm_ini.o
      1312         20          9          0          0       2668   qhsm_dis.o
       344         16         17          0          0       1574   qhsm_ini.o
         4          0          0          0          0        683   qhsm_top.o
       160         10          3          2          9       1884   qk.o
         0          0          0          1          0        430   qk_mutex.o
       104         12          0          0          0        260   qk_port.o
       272         20          0          0          0       1214   qk_sched.o
       244         16          8          0          0       1355   qmp_get.o
       180          8          9          0          0       1254   qmp_init.o
       124          8          8          0          0       1061   qmp_put.o
       904          8          3          0         64      11362   qs.o
       608          6          0          0          0       2662   qs_.o
        44          4          0          0          0        809   qs_byte.o
       200          0          0          0          0       1546   qs_dict.o
       180          4          0          0          0       1232   qs_str.o
       168         12          8          0          0       1136   qte_arm.o
        52          4          9          0          0       1013   qte_ctor.o
       156          4          0          0          0        842   qte_darm.o
       384          4          0         24          0      12668   rf10.o
        72         26        304          0       1536        844   startup_stm32f10x_hd.o
       468         18          0          0          0       3739   stm32f10x_dma.o
       252         12          0          0          0       2203   stm32f10x_exti.o
      1048         22          0          0          0       7750   stm32f10x_flash.o
       620         16          0          0          0       5631   stm32f10x_gpio.o
        60          6          0          0          0       1237   stm32f10x_iwdg.o
       752         32          0         20          0       9168   stm32f10x_rcc.o
       684          4          0          0          0       6734   stm32f10x_spi.o
      2494         18          0          0          0      25752   stm32f10x_tim.o
       808         12          0          0          0       8307   stm32f10x_usart.o
       236         18          0          0          0       1097   system_stm32f10x.o
       220          8          0          9          0       1929   tl10.o

    ----------------------------------------------------------------------
     85404       9304       8067       1500      22479     734027   Object Totals
         0          0         32          0          0          0   (incl. Generated)
         6          0         21         17         23          0   (incl. Padding)

    ----------------------------------------------------------------------

      Code (inc. data)   RO Data    RW Data    ZI Data      Debug   Library Member Name

        44          6          0          0          0         84   __2sprintf.o
        90          0          0          0          0          0   __dczerorl2.o
         8          0          0          0          0         68   __main.o
       392          4         17          0          0         92   __printf_flags_ss_wp.o
        14          0          0          0          0         68   __printf_wp.o
         0          0          0          0          0          0   __rtentry.o
        12          0          0          0          0          0   __rtentry2.o
         6          0          0          0          0          0   __rtentry4.o
        52          8          0          0          0          0   __scatter.o
        28          0          0          0          0          0   __scatter_zi.o
        28          0          0          0          0         68   _chval.o
         0          0         12          0          0          0   _monlen.o
         6          0          0          0          0          0   _printf_a.o
         6          0          0          0          0          0   _printf_c.o
        44          0          0          0          0        108   _printf_char.o
        48          6          0          0          0         96   _printf_char_common.o
        40          0          0          0          0         68   _printf_charcount.o
         6          0          0          0          0          0   _printf_d.o
       120         16          0          0          0         92   _printf_dec.o
         6          0          0          0          0          0   _printf_e.o
         6          0          0          0          0          0   _printf_f.o
      1050          0          0          0          0        216   _printf_fp_dec.o
       764         10         38          0          0        100   _printf_fp_hex.o
       128         16          0          0          0         84   _printf_fp_infnan.o
         6          0          0          0          0          0   _printf_g.o
       148          4         40          0          0        160   _printf_hex_int_ll_ptr.o
         6          0          0          0          0          0   _printf_i.o
       178          0          0          0          0         88   _printf_intcommon.o
        10          0          0          0          0          0   _printf_l.o
         6          0          0          0          0          0   _printf_lc.o
        10          0          0          0          0          0   _printf_ll.o
         6          0          0          0          0          0   _printf_lld.o
         6          0          0          0          0          0   _printf_lli.o
         6          0          0          0          0          0   _printf_llo.o
         6          0          0          0          0          0   _printf_llu.o
         6          0          0          0          0          0   _printf_llx.o
       124         16          0          0          0         92   _printf_longlong_dec.o
         6          0          0          0          0          0   _printf_ls.o
         6          0          0          0          0          0   _printf_n.o
         6          0          0          0          0          0   _printf_o.o
       112          8          0          0          0        124   _printf_oct_int_ll.o
         6          0          0          0          0          0   _printf_p.o
        78          0          0          0          0        108   _printf_pad.o
         0          0          0          0          0          0   _printf_percent.o
         4          0          0          0          0          0   _printf_percent_end.o
         6          0          0          0          0          0   _printf_s.o
        82          0          0          0          0         80   _printf_str.o
        36          0          0          0          0         84   _printf_truncate.o
         6          0          0          0          0          0   _printf_u.o
        44          0          0          0          0        108   _printf_wchar.o
       188          6          8          0          0         92   _printf_wctomb.o
         6          0          0          0          0          0   _printf_x.o
        22          0          0          0          0        100   _rserrno.o
        64          0          0          0          0         84   _sgetc.o
        10          0          0          0          0         68   _sputc.o
       158          0          0          0          0         92   _strtoul.o
        64          0          0          0          0         92   _wcrtomb.o
        12          6          0          0         68         68   asctime.o
       104         30          0          0          0         88   asctime_internal.o
        26          0          0          0          0         80   atoi.o
       220          4        148          0          0         96   bigflt0.o
      2074        132          0          0          0        940   btod.o
        12          0          0          0          0         72   exit.o
         6          0          0          0          0        152   heapauxi.o
         0          0          0          0          0          0   indicate_semi.o
        18          0          0          0          0         76   isspace.o
        44         10        272          0          0         76   lc_ctype_c.o
        44         10         28          0          0         76   lc_numeric_c.o
        44         10        384          0          0         76   lc_time_c.o
         2          0          0          0          0          0   libinit.o
        40          0          0          0          0          0   libinit2.o
         2          0          0          0          0          0   libshutdown.o
         2          0          0          0          0          0   libshutdown2.o
         8          4          0          0         96         68   libspace.o
        38          0          0          0          0         68   llshl.o
       138          0          0          0          0         80   lludiv10.o
        12          6          0          0         44         68   localtime.o
       184          6          0          0          0         80   localtime_internal.o
        88          0          0          0          0         76   memcmp.o
       424         10          0          0          0        124   mktime.o
        16          4          0          0          0         76   rt_ctype_table.o
         8          4          0          0          0         68   rt_errno_addr_intlibspace.o
         8          4          0          0          0         68   rt_locale_intlibspace.o
        68          0          0          0          0         68   rt_memclr.o
        78          0          0          0          0         80   rt_memclr_w.o
       138          0          0          0          0         68   rt_memcpy_v6.o
       100          0          0          0          0         80   rt_memcpy_w.o
         2          0          0          0          0          0   rtexit.o
        10          0          0          0          0          0   rtexit2.o
      1188         12          0          0          0        148   scanf_fp.o
       792         14          0          0          0        100   scanf_hexfp.o
       308         16          0          0          0        100   scanf_infnan.o
        44          6          0          0          0         84   sprintf.o
        24          0          0          0          0         68   strcat.o
        20          0          0          0          0         68   strchr.o
       128          0          0          0          0         68   strcmpv7m.o
        72          0          0          0          0         80   strcpy.o
       142          0          0          0          0         84   strlcpy.o
        62          0          0          0          0         76   strlen.o
       150          0          0          0          0         80   strncmp.o
        86          0          0          0          0         76   strncpy.o
        36          0          0          0          0         80   strstr.o
       160         12          0          0          0        120   strtod.o
       112          0          0          0          0         88   strtol.o
        12          4          0          0          0         68   sys_exit.o
        74          0          0          0          0         80   sys_stackheap_outer.o
        30          0          0          0          0         76   toupper.o
         2          0          0          0          0         68   use_no_semi.o
        98          4          0          0          0         92   d2f.o
       826         16          0          0          0        348   daddsub_clz.o
        16          4          0          0          0         68   dcheck1.o
        24          0          0          0          0         68   dcmpi.o
       688        140          0          0          0        208   ddiv.o
       120          4          0          0          0         92   deqf.o
        94          4          0          0          0         92   dfix.o
        90          4          0          0          0         92   dfixu.o
        84          0          0          0          0        136   dflt_clz.o
       120          4          0          0          0         92   dleqf.o
       340         12          0          0          0        104   dmul.o
       156          4          0          0          0         92   dnaninf.o
        12          0          0          0          0         68   dretinf.o
       108          0          0          0          0         80   drleqf.o
       460         56          0          0          0        120   dsqrt_noumaal.o
        86          4          0          0          0         84   f2d.o
       450          8          0          0          0        236   faddsub_clz.o
        12          4          0          0          0         68   fcheck1.o
        24          0          0          0          0         68   fcmpi.o
        54          4          0          0          0         84   ffix.o
        62          4          0          0          0         84   ffixu.o
        38          0          0          0          0         68   fflt_clz.o
       104          4          0          0          0         84   fleqf.o
       258          4          0          0          0         84   fmul.o
       140          4          0          0          0         84   fnaninf.o
         0          0          8          0          0          0   fpconst.o
        10          0          0          0          0         68   fretinf.o
         4          0          0          0          0         68   printf1.o
         4          0          0          0          0         68   printf2.o
       100          0          0          0          0         68   retnan.o
        92          0          0          0          0         68   scalbn.o
        76          0          0          0          0         68   scalbnf.o
         4          0          0          0          0         68   scanf1.o
         8          0          0          0          0         84   scanf2.o
        48          0          0          0          0         68   trapv.o
         0          0          0          0          0          0   usenofp.o
        42          0          0          0          0         84   atof.o
       156          8          0          0          0        104   cos.o
       252         22         48          0          0        124   cos_i.o
        68         10          0          0          0        408   dunder.o
        40          0          0          0          0         68   fpclassify.o
        88          8          0          0          0         76   frexp.o
       138          0          0          0          0        160   ldexp.o
       152          4          0          0          0        168   narrow.o
       170          0          0          0          0         96   poly.o
      2488        190        136          0          0        300   pow.o
         0          0          8          0          0          0   qnan.o
       904         76        200          0          0        140   rred.o
       160         10          0          0          0        108   sin.o
       236         12         40          0          0        128   sin_i.o
        76          0          0          0          0         84   sqrt.o

    ----------------------------------------------------------------------
     21550       1032       1395          0        213      12372   Library Totals
        38          0          8          0          5          0   (incl. Padding)

    ----------------------------------------------------------------------

      Code (inc. data)   RO Data    RW Data    ZI Data      Debug   Library Name

     11732        404        947          0        208       7000   c_w.l
      4810        288          8          0          0       3324   fz_ws.l
      4970        340        432          0          0       2048   m_ws.l

    ----------------------------------------------------------------------
     21550       1032       1395          0        213      12372   Library Totals

    ----------------------------------------------------------------------

==============================================================================


      Code (inc. data)   RO Data    RW Data    ZI Data      Debug   

    106954      10336       9462       1500      22692     733551   Grand Totals
    106954      10336       9462        652      22692     733551   ELF Image Totals (compressed)
    106954      10336       9462        652          0          0   ROM Totals

==============================================================================

    Total RO  Size (Code + RO Data)               116416 ( 113.69kB)
    Total RW  Size (RW Data + ZI Data)             24192 (  23.63kB)
    Total ROM Size (Code + RO Data + RW Data)     117068 ( 114.32kB)

==============================================================================

