Component: ARM Compiler 5.05 update 1 (build 106) Tool: armlink [4d0efa]

==============================================================================

Section Cross References

    startup_stm32f10x_hd.o(STACK) refers (Special) to heapauxi.o(.text) for __use_two_region_memory
    startup_stm32f10x_hd.o(HEAP) refers (Special) to heapauxi.o(.text) for __use_two_region_memory
    startup_stm32f10x_hd.o(RESET) refers (Special) to heapauxi.o(.text) for __use_two_region_memory
    startup_stm32f10x_hd.o(RESET) refers to startup_stm32f10x_hd.o(.text) for Reset_Handler
    startup_stm32f10x_hd.o(RESET) refers to main.o(.text) for HardFault_Handler
    startup_stm32f10x_hd.o(RESET) refers to qk_port.o(.text) for SVC_Handler
    startup_stm32f10x_hd.o(RESET) refers to bsp.o(.text) for SysTick_Handler
    startup_stm32f10x_hd.o(RESET) refers to modem_sim900.o(.text) for DMA1_Channel4_IRQHandler
    startup_stm32f10x_hd.o(RESET) refers to io.o(.text) for EXTI9_5_IRQHandler
    startup_stm32f10x_hd.o(RESET) refers to nmea_parser.o(.text) for UART4_IRQHandler
    startup_stm32f10x_hd.o(.text) refers (Special) to heapauxi.o(.text) for __use_two_region_memory
    startup_stm32f10x_hd.o(.text) refers to startup_stm32f10x_hd.o(STACK) for __initial_sp
    startup_stm32f10x_hd.o(.text) refers to __main.o(!!!main) for __main
    startup_stm32f10x_hd.o(.text) refers to startup_stm32f10x_hd.o(HEAP) for Heap_Mem
    main.o(.text) refers to io.o(.text) for Io_ctor
    main.o(.text) refers to control_new.o(.text) for Control_ctor
    main.o(.text) refers to nmea_parser.o(.text) for GpsParser_ctor
    main.o(.text) refers to modem.o(.text) for Modem_ctor
    main.o(.text) refers to modem_parser.o(.text) for Mparser_ctor
    main.o(.text) refers to nav_filter.o(.text) for NavFilter_ctor
    main.o(.text) refers to disk.o(.text) for Fdisk_ctor
    main.o(.text) refers to qk.o(.text) for QF_init
    main.o(.text) refers to bsp.o(.text) for Bsp_init
    main.o(.text) refers to qs_dict.o(.text) for QS_obj_dict
    main.o(.text) refers to qf_pool.o(.text) for QF_poolInit
    main.o(.text) refers to qf_psini.o(.text) for QF_psInit
    main.o(.text) refers to main.o(.bss) for .bss
    main.o(.text) refers to qs.o(.bss) for QS_priv_
    main.o(.text) refers to main.o(.constdata) for .constdata
    main.o(.text) refers to disk.o(.constdata) for AO_Disk
    main.o(.text) refers to control_new.o(.constdata) for AO_Control
    main.o(.text) refers to nav_filter.o(.constdata) for AO_NavFilter
    main.o(.text) refers to nmea_parser.o(.constdata) for AO_GpsParser
    main.o(.text) refers to modem_parser.o(.constdata) for AO_ModemParser
    main.o(.text) refers to modem.o(.constdata) for AO_Modem
    main.o(.text) refers to io.o(.constdata) for AO_Io
    bsp.o(.text) refers to strcpy.o(.text) for strcpy
    bsp.o(.text) refers to qs.o(.text) for QS_initBuf
    bsp.o(.text) refers to stm32f10x_gpio.o(.text) for GPIO_Init
    bsp.o(.text) refers to stm32f10x_usart.o(.text) for USART_Init
    bsp.o(.text) refers to stm32f10x_rcc.o(.text) for RCC_GetClocksFreq
    bsp.o(.text) refers to system_stm32f10x.o(.text) for SystemInit
    bsp.o(.text) refers to ledindicator.o(.text) for LedIndicator_init
    bsp.o(.text) refers to qf_pspub.o(.text) for QF_publish
    bsp.o(.text) refers to qf_tick.o(.text) for QF_tickX
    bsp.o(.text) refers to qs_byte.o(.text) for QS_getByte
    bsp.o(.text) refers to bsp.o(.data) for .data
    bsp.o(.text) refers to bsp.o(.bss) for .bss
    bsp.o(.text) refers to main.o(.bss) for SysInfo
    bsp.o(.text) refers to bsp.o(.constdata) for .constdata
    bsp.o(.text) refers to qk.o(.data) for QK_intNest_
    bsp.o(.text) refers to main.o(.data) for watch_flag
    config.o(.text) refers to _printf_percent.o(.ARM.Collect$$_printf_percent$$00000000) for _printf_percent
    config.o(.text) refers to _printf_s.o(.ARM.Collect$$_printf_percent$$00000014) for _printf_s
    config.o(.text) refers to _printf_str.o(.text) for _printf_str
    config.o(.text) refers to _printf_u.o(.ARM.Collect$$_printf_percent$$0000000A) for _printf_u
    config.o(.text) refers to _printf_dec.o(.text) for _printf_int_dec
    config.o(.text) refers to rt_ctype_table.o(.text) for __rt_ctype_table
    config.o(.text) refers to toupper.o(.text) for toupper
    config.o(.text) refers to strcmpv7m.o(.text) for strcmp
    config.o(.text) refers to atoi.o(.text) for atoi
    config.o(.text) refers to strlcpy.o(.text) for strlcpy
    config.o(.text) refers to modem.o(.bss) for parser_sms_answer
    config.o(.text) refers to config.o(.bss) for .bss
    config.o(.text) refers to strncpy.o(.text) for strncpy
    config.o(.text) refers to __2sprintf.o(.text) for __2sprintf
    config.o(.text) refers to qs.o(.text) for QS_beginRec
    config.o(.text) refers to bsp.o(.text) for QS_onGetTime
    config.o(.text) refers to qs_.o(.text) for QS_u32_
    config.o(.text) refers to qs_str.o(.text) for QS_str
    config.o(.text) refers to strcat.o(.text) for strcat
[...]
    UART5_IRQHandler                         0x08030ed9   Thumb Code   236  io.o(.text)
    EXTI9_5_IRQHandler                       0x08030fc5   Thumb Code    62  io.o(.text)
    TIM1_UP_IRQHandler                       0x08031003   Thumb Code   226  io.o(.text)
    CalcCrc8                                 0x080310e5   Thumb Code    28  crc8.o(.text)
    LedIndicator_init                        0x08031105   Thumb Code   126  ledindicator.o(.text)
    LedIndicator                             0x0803168f   Thumb Code    74  ledindicator.o(.text)
    Control_ctor                             0x08032ce9   Thumb Code    30  control_new.o(.text)
    EpsilonReadData_tx_handler               0x08032d2d   Thumb Code    56  epsilon.o(.text)
    EpsilonReadData_rx_handler               0x08032d65   Thumb Code    82  epsilon.o(.text)
    EpsilonWriteAddr_tx_handler              0x08032db7   Thumb Code    60  epsilon.o(.text)
    EpsilonWriteAddr_rx_handler              0x08032df3   Thumb Code    38  epsilon.o(.text)
    GpsParser_ctor                           0x080342b5   Thumb Code     8  nmea_parser.o(.text)
    UART4_IRQHandler                         0x080342bd   Thumb Code    28  nmea_parser.o(.text)
    OutDebugNavFilter                        0x08034311   Thumb Code    62  nav_filter.o(.text)
    OutDebugNavFilterSprintf                 0x0803434f   Thumb Code    72  nav_filter.o(.text)
    DegrToRad                                0x08034883   Thumb Code    22  nav_filter.o(.text)
    NavFilter_ctor                           0x08035967   Thumb Code     8  nav_filter.o(.text)
    LSM303DLHC_TIMEOUT_UserCallback          0x0803596f   Thumb Code     4  nav_filter.o(.text)
    GpsRingBuf_init                          0x08035ac9   Thumb Code    26  gps_ring_buf.o(.text)
    GpsRingBuf_push                          0x08035b03   Thumb Code    24  gps_ring_buf.o(.text)
    ring_buf_pop_byte                        0x08035b3b   Thumb Code    34  gps_ring_buf.o(.text)
    GpsRingBuf_count                         0x08035b5d   Thumb Code     6  gps_ring_buf.o(.text)
    RF10ReadCardId_tx_handler                0x08035b69   Thumb Code    56  rf10.o(.text)
    RF10ReadCardId_rx_handler                0x08035ba1   Thumb Code   126  rf10.o(.text)
    RF10Rele_tx_handler                      0x08035c1f   Thumb Code    60  rf10.o(.text)
    RF10Rele_rx_handler                      0x08035c5b   Thumb Code    32  rf10.o(.text)
    RF10WriteAddr_tx_handler                 0x08035c7b   Thumb Code    60  rf10.o(.text)
    RF10WriteAddr_rx_handler                 0x08035cb7   Thumb Code    46  rf10.o(.text)
    TL10ReadId_tx_handler                    0x08035ce9   Thumb Code    56  tl10.o(.text)
    TL10ReadId_rx_handler                    0x08035d21   Thumb Code    58  tl10.o(.text)
    TL10WriteAddr_tx_handler                 0x08035d5b   Thumb Code    60  tl10.o(.text)
    TL10WriteAddr_rx_handler                 0x08035d97   Thumb Code    38  tl10.o(.text)
    crc16_teltonika                          0x08035dc5   Thumb Code    46  crc16_teltonika.o(.text)
    __rt_ctype_table                         0x08035df5   Thumb Code    16  rt_ctype_table.o(.text)
    toupper                                  0x08035e05   Thumb Code    30  toupper.o(.text)
    __2sprintf                               0x08035e25   Thumb Code    38  __2sprintf.o(.text)
    _printf_pre_padding                      0x08035e51   Thumb Code    44  _printf_pad.o(.text)
    _printf_post_padding                     0x08035e7d   Thumb Code    34  _printf_pad.o(.text)
    _printf_str                              0x08035e9f   Thumb Code    82  _printf_str.o(.text)
    _printf_int_dec                          0x08035ef1   Thumb Code   104  _printf_dec.o(.text)
    _printf_longlong_hex                     0x08035f69   Thumb Code    86  _printf_hex_int_ll_ptr.o(.text)
    _printf_int_hex                          0x08035fbf   Thumb Code    28  _printf_hex_int_ll_ptr.o(.text)
    _printf_ll_hex                           0x08035fdb   Thumb Code    12  _printf_hex_int_ll_ptr.o(.text)
    _printf_hex_ptr                          0x08035fe7   Thumb Code    18  _printf_hex_int_ll_ptr.o(.text)
    __printf                                 0x08035ffd   Thumb Code   388  __printf_flags_ss_wp.o(.text)
    atoi                                     0x08036185   Thumb Code    26  atoi.o(.text)
    strchr                                   0x0803619f   Thumb Code    20  strchr.o(.text)
    strstr                                   0x080361b3   Thumb Code    36  strstr.o(.text)
    strlcpy                                  0x080361d7   Thumb Code   142  strlcpy.o(.text)
    memcmp                                   0x08036265   Thumb Code    88  memcmp.o(.text)
    strcpy                                   0x080362bd   Thumb Code    72  strcpy.o(.text)
    strlen                                   0x08036305   Thumb Code    62  strlen.o(.text)
    strncmp                                  0x08036343   Thumb Code   150  strncmp.o(.text)
    strcat                                   0x080363d9   Thumb Code    24  strcat.o(.text)
    __aeabi_memcpy                           0x080363f1   Thumb Code     0  rt_memcpy_v6.o(.text)
    __rt_memcpy                              0x080363f1   Thumb Code   138  rt_memcpy_v6.o(.text)
    _memcpy_lastbytes                        0x08036457   Thumb Code     0  rt_memcpy_v6.o(.text)
    __aeabi_memcpy4                          0x0803647b   Thumb Code     0  rt_memcpy_w.o(.text)
    __aeabi_memcpy8                          0x0803647b   Thumb Code     0  rt_memcpy_w.o(.text)
    __rt_memcpy_w                            0x0803647b   Thumb Code   100  rt_memcpy_w.o(.text)
    _memcpy_lastbytes_aligned                0x080364c3   Thumb Code     0  rt_memcpy_w.o(.text)
    __aeabi_memclr                           0x080364df   Thumb Code     0  rt_memclr.o(.text)
    __rt_memclr                              0x080364df   Thumb Code    68  rt_memclr.o(.text)
    _memset                                  0x080364e3   Thumb Code     0  rt_memclr.o(.text)
    __aeabi_memclr4                          0x08036523   Thumb Code     0  rt_memclr_w.o(.text)
    __aeabi_memclr8                          0x08036523   Thumb Code     0  rt_memclr_w.o(.text)
    __rt_memclr_w                            0x08036523   Thumb Code    78  rt_memclr_w.o(.text)
    _memset_w                                0x08036527   Thumb Code     0  rt_memclr_w.o(.text)
    strncpy                                  0x08036571   Thumb Code    86  strncpy.o(.text)
    strcmp                                   0x080365c9   Thumb Code   128  strcmpv7m.o(.text)
    asctime                                  0x08036649   Thumb Code     6  asctime.o(.text)
    localtime                                0x08036655   Thumb Code     6  localtime.o(.text)
    mktime                                   0x0803669f   Thumb Code   352  mktime.o(.text)
    __use_two_region_memory                  0x08036809   Thumb Code     2  heapauxi.o(.text)
    __rt_heap_escrow$2region                 0x0803680b   Thumb Code     2  heapauxi.o(.text)
    __rt_heap_expand$2region                 0x0803680d   Thumb Code     2  heapauxi.o(.text)
    __rt_locale                              0x08036811   Thumb Code     8  rt_locale_intlibspace.o(.text)
    __aeabi_errno_addr                       0x08036819   Thumb Code     8  rt_errno_addr_intlibspace.o(.text)
    __errno$intlibspace                      0x08036819   Thumb Code     0  rt_errno_addr_intlibspace.o(.text)
    __rt_errno_addr$intlibspace              0x08036819   Thumb Code     0  rt_errno_addr_intlibspace.o(.text)
    __read_errno                             0x08036821   Thumb Code    10  _rserrno.o(.text)
    __set_errno                              0x0803682b   Thumb Code    12  _rserrno.o(.text)
    _printf_int_common                       0x08036837   Thumb Code   178  _printf_intcommon.o(.text)
    __lib_sel_fp_printf                      0x080368e9   Thumb Code     2  _printf_fp_dec.o(.text)
    _printf_fp_dec_real                      0x08036a97   Thumb Code   620  _printf_fp_dec.o(.text)
    _printf_char_common                      0x08036d0f   Thumb Code    32  _printf_char_common.o(.text)
    _sputc                                   0x08036d35   Thumb Code    10  _sputc.o(.text)
    _printf_cs_common                        0x08036d3f   Thumb Code    20  _printf_char.o(.text)
    _printf_char                             0x08036d53   Thumb Code    16  _printf_char.o(.text)
    _printf_string                           0x08036d63   Thumb Code     8  _printf_char.o(.text)
    __strtod_int                             0x08036da9   Thumb Code    88  strtod.o(.text)
    strtol                                   0x08036e0d   Thumb Code   112  strtol.o(.text)
    _asctime_r                               0x08036e7d   Thumb Code    74  asctime_internal.o(.text)
    _n$asctime_r                             0x08036e7d   Thumb Code     0  asctime_internal.o(.text)
    _localtime_r                             0x08036ee5   Thumb Code   178  localtime_internal.o(.text)
    _n$localtime_r                           0x08036ee5   Thumb Code     0  localtime_internal.o(.text)
    __user_libspace                          0x08036f9d   Thumb Code     8  libspace.o(.text)
    __user_perproc_libspace                  0x08036f9d   Thumb Code     0  libspace.o(.text)
    __user_perthread_libspace                0x08036f9d   Thumb Code     0  libspace.o(.text)
    _ll_udiv10                               0x08036fa5   Thumb Code   138  lludiv10.o(.text)
    isspace                                  0x0803702f   Thumb Code    18  isspace.o(.text)
    sprintf                                  0x08037041   Thumb Code    38  sprintf.o(.text)
    _printf_fp_infnan                        0x0803706d   Thumb Code   112  _printf_fp_infnan.o(.text)
    _sgetc                                   0x080370ed   Thumb Code    30  _sgetc.o(.text)
    _sbackspace                              0x0803710b   Thumb Code    34  _sgetc.o(.text)
    _strtoul                                 0x0803712d   Thumb Code   158  _strtoul.o(.text)
    _btod_etento                             0x080371cd   Thumb Code   216  bigflt0.o(.text)
    __user_setup_stackheap                   0x080372a9   Thumb Code    74  sys_stackheap_outer.o(.text)
    _printf_truncate_signed                  0x080372f3   Thumb Code    18  _printf_truncate.o(.text)
    _printf_truncate_unsigned                0x08037305   Thumb Code    18  _printf_truncate.o(.text)
    _printf_charcount                        0x08037317   Thumb Code    40  _printf_charcount.o(.text)
    _printf_wctomb                           0x08037341   Thumb Code   182  _printf_wctomb.o(.text)
    _printf_longlong_dec                     0x080373fd   Thumb Code   108  _printf_longlong_dec.o(.text)
    _printf_longlong_oct                     0x08037479   Thumb Code    68  _printf_oct_int_ll.o(.text)
    _printf_int_oct                          0x080374bd   Thumb Code    24  _printf_oct_int_ll.o(.text)
    _printf_ll_oct                           0x080374d5   Thumb Code    12  _printf_oct_int_ll.o(.text)
    _chval                                   0x080374e9   Thumb Code    28  _chval.o(.text)
    _scanf_really_real                       0x08037701   Thumb Code   668  scanf_fp.o(.text)
    exit                                     0x080379a9   Thumb Code    12  exit.o(.text)
    _printf_fp_hex_real                      0x080379b5   Thumb Code   754  _printf_fp_hex.o(.text)
    _printf_lcs_common                       0x08037cb1   Thumb Code    20  _printf_wchar.o(.text)
    _printf_wchar                            0x08037cc5   Thumb Code    16  _printf_wchar.o(.text)
    _printf_wstring                          0x08037cd5   Thumb Code     8  _printf_wchar.o(.text)
    _wcrtomb                                 0x08037cdd   Thumb Code    64  _wcrtomb.o(.text)
    _scanf_really_hex_real                   0x08037d1d   Thumb Code   778  scanf_hexfp.o(.text)
    _scanf_really_infnan                     0x08038035   Thumb Code   292  scanf_infnan.o(.text)
    _sys_exit                                0x08038169   Thumb Code     8  sys_exit.o(.text)
    __I$use$semihosting                      0x08038175   Thumb Code     0  use_no_semi.o(.text)
    __use_no_semihosting_swi                 0x08038175   Thumb Code     2  use_no_semi.o(.text)
    __aeabi_llsl                             0x08038177   Thumb Code     0  llshl.o(.text)
    __semihosting_library_function           0x08038177   Thumb Code     0  indicate_semi.o(.text)
    _ll_shift_l                              0x08038177   Thumb Code    38  llshl.o(.text)
    _btod_d2e                                0x0803819d   Thumb Code    62  btod.o(CL$$btod_d2e)
    _d2e_denorm_low                          0x080381db   Thumb Code    70  btod.o(CL$$btod_d2e_denorm_low)
    _d2e_norm_op1                            0x08038221   Thumb Code    96  btod.o(CL$$btod_d2e_norm_op1)
    __btod_div_common                        0x08038281   Thumb Code   696  btod.o(CL$$btod_div_common)
    _e2d                                     0x080385b9   Thumb Code    80  btod.o(CL$$btod_e2d)
    _e2e                                     0x0803860d   Thumb Code   198  btod.o(CL$$btod_e2e)
    _btod_ediv                               0x080386d3   Thumb Code    40  btod.o(CL$$btod_ediv)
    _btod_edivd                              0x080386fb   Thumb Code    40  btod.o(CL$$btod_edivd)
    _btod_emul                               0x08038723   Thumb Code    40  btod.o(CL$$btod_emul)
    _btod_emuld                              0x0803874b   Thumb Code    40  btod.o(CL$$btod_emuld)
    __btod_mult_common                       0x08038773   Thumb Code   580  btod.o(CL$$btod_mult_common)
    __ARM_fpclassify                         0x080389b7   Thumb Code    40  fpclassify.o(i.__ARM_fpclassify)
    __ieee754_rem_pio2                       0x080389e1   Thumb Code   828  rred.o(i.__ieee754_rem_pio2)
    __kernel_cos                             0x08038d69   Thumb Code   230  cos_i.o(i.__kernel_cos)
    __kernel_poly                            0x08038e65   Thumb Code   170  poly.o(i.__kernel_poly)
    __kernel_sin                             0x08038f11   Thumb Code   224  sin_i.o(i.__kernel_sin)
    __mathlib_dbl_divzero                    0x08038ffd   Thumb Code    12  dunder.o(i.__mathlib_dbl_divzero)
    __mathlib_dbl_infnan                     0x0803900d   Thumb Code     6  dunder.o(i.__mathlib_dbl_infnan)
    __mathlib_dbl_infnan2                    0x08039013   Thumb Code     4  dunder.o(i.__mathlib_dbl_infnan2)
    __mathlib_dbl_invalid                    0x08039017   Thumb Code    12  dunder.o(i.__mathlib_dbl_invalid)
    __mathlib_dbl_overflow                   0x08039023   Thumb Code    14  dunder.o(i.__mathlib_dbl_overflow)
    __mathlib_dbl_underflow                  0x08039031   Thumb Code    10  dunder.o(i.__mathlib_dbl_underflow)
    __mathlib_narrow                         0x08039041   Thumb Code    16  narrow.o(i.__mathlib_narrow)
    __mathlib_tofloat                        0x08039051   Thumb Code   132  narrow.o(i.__mathlib_tofloat)
    __support_ldexp                          0x080390d9   Thumb Code    22  ldexp.o(i.__support_ldexp)
    _is_digit                                0x080390ef   Thumb Code    14  __printf_wp.o(i._is_digit)
    atof                                     0x080390fd   Thumb Code    42  atof.o(i.atof)
    cos                                      0x08039129   Thumb Code   148  cos.o(i.cos)
    frexp                                    0x080391c5   Thumb Code    80  frexp.o(i.frexp)
    ldexp                                    0x0803921d   Thumb Code   116  ldexp.o(i.ldexp)
    pow                                      0x08039291   Thumb Code  2478  pow.o(i.pow)
    sin                                      0x08039c49   Thumb Code   150  sin.o(i.sin)
    sqrt                                     0x08039ce9   Thumb Code    76  sqrt.o(i.sqrt)
    _get_lc_ctype                            0x08039d35   Thumb Code    44  lc_ctype_c.o(locale$$code)
    _get_lc_numeric                          0x08039d61   Thumb Code    44  lc_numeric_c.o(locale$$code)
    _get_lc_time                             0x08039d8d   Thumb Code    44  lc_time_c.o(locale$$code)
    __aeabi_d2f                              0x08039db9   Thumb Code     0  d2f.o(x$fpl$d2f)
    _d2f                                     0x08039db9   Thumb Code    98  d2f.o(x$fpl$d2f)
    __aeabi_dadd                             0x08039e1d   Thumb Code     0  daddsub_clz.o(x$fpl$dadd)
    _dadd                                    0x08039e1d   Thumb Code   332  daddsub_clz.o(x$fpl$dadd)
    __fpl_dcheck_NaN1                        0x08039f6d   Thumb Code    10  dcheck1.o(x$fpl$dcheck1)
    __fpl_dcmp_Inf                           0x08039f7d   Thumb Code    24  dcmpi.o(x$fpl$dcmpinf)
    __aeabi_ddiv                             0x08039f95   Thumb Code     0  ddiv.o(x$fpl$ddiv)
    _ddiv                                    0x08039f95   Thumb Code   552  ddiv.o(x$fpl$ddiv)
    __aeabi_cdcmpeq                          0x0803a245   Thumb Code     0  deqf.o(x$fpl$deqf)
    _dcmpeq                                  0x0803a245   Thumb Code   120  deqf.o(x$fpl$deqf)
    __aeabi_d2iz                             0x0803a2bd   Thumb Code     0  dfix.o(x$fpl$dfix)
    _dfix                                    0x0803a2bd   Thumb Code    94  dfix.o(x$fpl$dfix)
    __aeabi_d2uiz                            0x0803a31d   Thumb Code     0  dfixu.o(x$fpl$dfixu)
    _dfixu                                   0x0803a31d   Thumb Code    90  dfixu.o(x$fpl$dfixu)
    __aeabi_i2d                              0x0803a377   Thumb Code     0  dflt_clz.o(x$fpl$dflt)
    _dflt                                    0x0803a377   Thumb Code    46  dflt_clz.o(x$fpl$dflt)
    __aeabi_ui2d                             0x0803a3a5   Thumb Code     0  dflt_clz.o(x$fpl$dfltu)
    _dfltu                                   0x0803a3a5   Thumb Code    38  dflt_clz.o(x$fpl$dfltu)
    __aeabi_cdcmple                          0x0803a3cd   Thumb Code     0  dleqf.o(x$fpl$dleqf)
    _dcmple                                  0x0803a3cd   Thumb Code   120  dleqf.o(x$fpl$dleqf)
    __fpl_dcmple_InfNaN                      0x0803a42f   Thumb Code     0  dleqf.o(x$fpl$dleqf)
    __aeabi_dmul                             0x0803a445   Thumb Code     0  dmul.o(x$fpl$dmul)
    _dmul                                    0x0803a445   Thumb Code   332  dmul.o(x$fpl$dmul)
    __fpl_dnaninf                            0x0803a599   Thumb Code   156  dnaninf.o(x$fpl$dnaninf)
    __fpl_dretinf                            0x0803a635   Thumb Code    12  dretinf.o(x$fpl$dretinf)
    __aeabi_cdrcmple                         0x0803a641   Thumb Code     0  drleqf.o(x$fpl$drleqf)
    _drcmple                                 0x0803a641   Thumb Code   108  drleqf.o(x$fpl$drleqf)
    __aeabi_drsub                            0x0803a6ad   Thumb Code     0  daddsub_clz.o(x$fpl$drsb)
    _drsb                                    0x0803a6ad   Thumb Code    22  daddsub_clz.o(x$fpl$drsb)
    _dsqrt                                   0x0803a6c5   Thumb Code   456  dsqrt_noumaal.o(x$fpl$dsqrt)
    __aeabi_dsub                             0x0803a891   Thumb Code     0  daddsub_clz.o(x$fpl$dsub)
    _dsub                                    0x0803a891   Thumb Code   464  daddsub_clz.o(x$fpl$dsub)
    __aeabi_f2d                              0x0803aa65   Thumb Code     0  f2d.o(x$fpl$f2d)
    _f2d                                     0x0803aa65   Thumb Code    86  f2d.o(x$fpl$f2d)
    __aeabi_fadd                             0x0803aabd   Thumb Code     0  faddsub_clz.o(x$fpl$fadd)
    _fadd                                    0x0803aabd   Thumb Code   196  faddsub_clz.o(x$fpl$fadd)
    __fpl_fcheck_NaN1                        0x0803ab81   Thumb Code     6  fcheck1.o(x$fpl$fcheck1)
    __fpl_fcmp_Inf                           0x0803ab8d   Thumb Code    24  fcmpi.o(x$fpl$fcmpinf)
    __aeabi_f2iz                             0x0803aba5   Thumb Code     0  ffix.o(x$fpl$ffix)
    _ffix                                    0x0803aba5   Thumb Code    54  ffix.o(x$fpl$ffix)
    __aeabi_f2uiz                            0x0803abdd   Thumb Code     0  ffixu.o(x$fpl$ffixu)
    _ffixu                                   0x0803abdd   Thumb Code    62  ffixu.o(x$fpl$ffixu)
    __aeabi_ui2f                             0x0803ac1d   Thumb Code     0  fflt_clz.o(x$fpl$ffltu)
    _ffltu                                   0x0803ac1d   Thumb Code    38  fflt_clz.o(x$fpl$ffltu)
    __aeabi_cfcmple                          0x0803ac45   Thumb Code     0  fleqf.o(x$fpl$fleqf)
    _fcmple                                  0x0803ac45   Thumb Code   104  fleqf.o(x$fpl$fleqf)
    __fpl_fcmple_InfNaN                      0x0803ac97   Thumb Code     0  fleqf.o(x$fpl$fleqf)
    __aeabi_fmul                             0x0803acad   Thumb Code     0  fmul.o(x$fpl$fmul)
    _fmul                                    0x0803acad   Thumb Code   258  fmul.o(x$fpl$fmul)
    __fpl_fnaninf                            0x0803adaf   Thumb Code   140  fnaninf.o(x$fpl$fnaninf)
    __fpl_fretinf                            0x0803ae3b   Thumb Code    10  fretinf.o(x$fpl$fretinf)
    __aeabi_frsub                            0x0803ae45   Thumb Code     0  faddsub_clz.o(x$fpl$frsb)
    _frsb                                    0x0803ae45   Thumb Code    20  faddsub_clz.o(x$fpl$frsb)
    __aeabi_fsub                             0x0803ae59   Thumb Code     0  faddsub_clz.o(x$fpl$fsub)
    _fsub                                    0x0803ae59   Thumb Code   234  faddsub_clz.o(x$fpl$fsub)
    _printf_fp_dec                           0x0803af43   Thumb Code     4  printf1.o(x$fpl$printf1)
    _printf_fp_hex                           0x0803af47   Thumb Code     4  printf2.o(x$fpl$printf2)
    __fpl_return_NaN                         0x0803af4b   Thumb Code   100  retnan.o(x$fpl$retnan)
    __ARM_scalbn                             0x0803afaf   Thumb Code    92  scalbn.o(x$fpl$scalbn)
    __ARM_scalbnf                            0x0803b00b   Thumb Code    76  scalbnf.o(x$fpl$scalbnf)
    _scanf_real                              0x0803b057   Thumb Code     4  scanf1.o(x$fpl$scanf1)
    _scanf_hex_real                          0x0803b05b   Thumb Code     4  scanf2.o(x$fpl$scanf2)
    _scanf_infnan                            0x0803b05f   Thumb Code     4  scanf2.o(x$fpl$scanf2)
    __fpl_cmpreturn                          0x0803b063   Thumb Code    48  trapv.o(x$fpl$trapveneer)
    FwVer                                    0x0803b092   Data           2  main.o(.constdata)
    __I$use$fp                               0x0803b092   Number         0  usenofp.o(x$fpl$usenofp)
    config_gprs_default                      0x0803b0ba   Data         212  config.o(.constdata)
    config_server_default                    0x0803b18e   Data          74  config.o(.constdata)
    Crc32EthTable                            0x0803b1dc   Data        1024  crc32.o(.constdata)
    mpbCRCHi                                 0x0803b5dc   Data         256  crc16.o(.constdata)
    mpbCRCLo                                 0x0803b6dc   Data         256  crc16.o(.constdata)
    AO_Modem                                 0x0803b7dc   Data           4  modem.o(.constdata)
    AO_ModemParser                           0x0803bd54   Data           4  modem_parser.o(.constdata)
    QF_pwr2Lkup                              0x0803c372   Data          65  qf_pwr2.o(.constdata)
    QF_invPwr2Lkup                           0x0803c3b3   Data          65  qf_pwr2.o(.constdata)
    QF_div8Lkup                              0x0803c3f4   Data          65  qf_pwr2.o(.constdata)
    QEP_reservedEvt_                         0x0803c46e   Data          16  qep.o(.constdata)
    AO_Disk                                  0x0803c4c0   Data           4  disk.o(.constdata)
    DiskSaveConfigEvt                        0x0803c4c4   Data           4  disk.o(.constdata)
    AO_Io                                    0x0803c5e8   Data           4  io.o(.constdata)
    crc_table                                0x0803c63d   Data         256  crc8.o(.constdata)
    AO_Control                               0x0803c740   Data           4  control_new.o(.constdata)
    CtrlRebootEvt                            0x0803c744   Data           4  control_new.o(.constdata)
    AO_GpsParser                             0x0803c8dc   Data           4  nmea_parser.o(.constdata)
    AO_NavFilter                             0x0803c920   Data           4  nav_filter.o(.constdata)
    _monlen                                  0x0803ca68   Data          12  _monlen.o(.constdata)
    __mathlib_zero                           0x0803caa8   Data           8  qnan.o(.constdata)
    Region$$Table$$Base                      0x0803d188   Number         0  anon$$obj.o(Region$$Table)
    Region$$Table$$Limit                     0x0803d1a8   Number         0  anon$$obj.o(Region$$Table)
    __aeabi_HUGE_VAL                         0x0803d1a8   Data           0  fpconst.o(c$$dinf)
    __aeabi_HUGE_VALL                        0x0803d1a8   Data           0  fpconst.o(c$$dinf)
    __aeabi_INFINITY                         0x0803d1a8   Data           0  fpconst.o(c$$dinf)
    __dInf                                   0x0803d1a8   Data           0  fpconst.o(c$$dinf)
    __huge_val                               0x0803d1a8   Data           0  fpconst.o(c$$dinf)
    __ctype                                  0x0803d1bd   Data           0  lc_ctype_c.o(locale$$data)
    watch_flag                               0x20000000   Data           4  main.o(.data)
    QS_tickTime_                             0x20000008   Data           4  bsp.o(.data)
    QS_tickPeriod_                           0x2000000c   Data           4  bsp.o(.data)
    line_num                                 0x20000010   Data           4  bsp.o(.data)
    sms_cmd_tbl                              0x20000014   Data         708  config.o(.data)
    gprs_ptr                                 0x200002dc   Data           4  config.o(.data)
    bCRCHi                                   0x200002e0   Data           1  crc16.o(.data)
    bCRCLo                                   0x200002e1   Data           1  crc16.o(.data)
    GsmState                                 0x200002f6   Data           1  modem.o(.data)
    GprsState                                0x200002f7   Data           1  modem.o(.data)
    ServerState                              0x200002f8   Data           1  modem.o(.data)
    debug_answer                             0x20000300   Data           1  modem.o(.data)
    msg_tbl                                  0x20000308   Data         360  modem_parser.o(.data)
    debug_ptr2                               0x2000047c   Data           4  modem_sim900.o(.data)
    debug_size                               0x20000480   Data           4  modem_sim900.o(.data)
    count                                    0x2000048e   Data           2  modemringbuf.o(.data)
    size                                     0x20000490   Data           2  modemringbuf.o(.data)
    tail                                     0x20000492   Data           2  modemringbuf.o(.data)
    head                                     0x20000494   Data           2  modemringbuf.o(.data)
    debug_ptr                                0x2000049c   Data           4  qa_fifo.o(.data)
    QF_maxPool_                              0x200004a0   Data           4  qf_pool.o(.data)
    QF_subscrList_                           0x200004a4   Data           4  qf_psini.o(.data)
    QF_maxSignal_                            0x200004a8   Data           4  qf_psini.o(.data)
    QK_currPrio_                             0x200004ac   Data           1  qk.o(.data)
    QK_intNest_                              0x200004ad   Data           1  qk.o(.data)
    QK_ceilingPrio_                          0x200004ae   Data           1  qk_mutex.o(.data)
    debug_spi                                0x200004b5   Data           1  fm25cl64.o(.data)
    debug_id                                 0x200004c2   Data           1  disk.o(.data)
    debug_din                                0x200004c3   Data           1  disk.o(.data)
    write_point_angle_evt_flag               0x200004c4   Data           4  disk.o(.data)
    debug_data_arr                           0x200004c8   Data           8  disk.o(.data)
    RS485State                               0x200004dc   Data           1  io.o(.data)
    polling_sensor                           0x200004de   Data           1  io.o(.data)
    sensors_in_config                        0x200004df   Data           1  io.o(.data)
    debug_dev                                0x200004e0   Data           1  io.o(.data)
    TxIndex                                  0x200004e4   Data           4  io.o(.data)
    RxIndex                                  0x200004e8   Data           4  io.o(.data)
    fin_counter                              0x200004fc   Data           8  io.o(.data)
    ind_flag                                 0x20000518   Data           4  ledindicator.o(.data)
    fm_ptr                                   0x2000051c   Data           4  control_new.o(.data)
    Epsilon_cmd_table                        0x20000544   Data          16  epsilon.o(.data)
    debug_ch                                 0x2000055c   Data           1  nmea_parser.o(.data)
    dbg_field                                0x2000055d   Data           1  nmea_parser.o(.data)
    point_ptr                                0x20000574   Data           4  nmea_parser.o(.data)
    debug_sensor_id                          0x20000580   Data           1  nav_filter.o(.data)
    not_event_debug_card_id                  0x20000590   Data           5  nav_filter.o(.data)
    RF10_cmd_table                           0x200005b0   Data          24  rf10.o(.data)
    TL10_cmd_table                           0x200005c8   Data           8  tl10.o(.data)
    ModemParserQueueSto                      0x20000688   Data          40  main.o(.bss)
    SysInfo                                  0x200008a4   Data          73  main.o(.bss)
    conf_nav_filter                          0x200010ed   Data           9  config.o(.bss)
    conf_rs485_sensor                        0x200010f6   Data          36  config.o(.bss)
    conf                                     0x2000111a   Data         368  config.o(.bss)
    send_sms                                 0x200012c8   Data         170  modem.o(.bss)
    parser_sms_answer                        0x200014fc   Data          12  modem.o(.bss)
    modem_state_history                      0x20001508   Data          20  modem.o(.bss)
    modem_ring_buf                           0x20001b0a   Data        2000  modem_parser.o(.bss)
    mpar                                     0x2000249c   Data         244  modem_parser.o(.bss)
    QF_active_                               0x200025f4   Data         132  qf_act.o(.bss)
    QF_pool_                                 0x20002678   Data          60  qf_pool.o(.bss)
    QF_timeEvtHead_                          0x200026b4   Data          32  qf_tick.o(.bss)
    QK_readySet_                             0x200026d4   Data           9  qk.o(.bss)
    QS_priv_                                 0x200026e0   Data          64  qs.o(.bss)
    send_pack_buf                            0x200033ec   Data        1000  disk.o(.bss)
    flash_disk_image                         0x200037d4   Data          10  disk.o(.bss)
    points_ram_buf                           0x200037de   Data        3091  disk.o(.bss)
    dbg_sens                                 0x20004985   Data          54  disk.o(.bss)
    IoData                                   0x200049bc   Data          42  io.o(.bss)
    rs485_rx_buf                             0x20004aaa   Data          50  io.o(.bss)
    point1                                   0x20005170   Data          56  nmea_parser.o(.bss)
    point2                                   0x200051a8   Data          56  nmea_parser.o(.bss)
    gps_rx_buf                               0x20005258   Data         500  nmea_parser.o(.bss)
    field_buf                                0x20005470   Data          25  nmea_parser.o(.bss)
    nav_dbg_sens                             0x2000576d   Data          54  nav_filter.o(.bss)
    __libspace_start                         0x20005814   Data          96  libspace.o(.bss)
    __temporary_stack_top$libspace           0x20005874   Data           0  libspace.o(.bss)



==============================================================================

Memory Map of the image

  Image Entry point : 0x08021131

  Load Region LR_IROM1 (Base: 0x08021000, Size: 0x0001ca30, Max: 0x00040000, ABSOLUTE, COMPRESSED[0x0001c6ec])

    Execution Region ER_IROM1 (Base: 0x08021000, Size: 0x0001c45c, Max: 0x00040000, ABSOLUTE)

    Base Addr    Size         Type   Attr      Idx    E Section Name        Object

    0x08021000   0x00000130   Data   RO            3    RESET               startup_stm32f10x_hd.o
    0x08021130   0x00000008   Code   RO         1962  * !!!main             c_w.l(__main.o)
    0x08021138   0x00000034   Code   RO         2450    !!!scatter          c_w.l(__scatter.o)
    0x0802116c   0x0000005a   Code   RO         2448    !!dczerorl2         c_w.l(__dczerorl2.o)
    0x080211c6   0x00000002   PAD
    0x080211c8   0x0000001c   Code   RO         2452    !!handler_zi        c_w.l(__scatter_zi.o)
    0x080211e4   0x00000000   Code   RO         1921    .ARM.Collect$$_printf_percent$$00000000  c_w.l(_printf_percent.o)
    0x080211e4   0x00000006   Code   RO         2286    .ARM.Collect$$_printf_percent$$00000001  c_w.l(_printf_n.o)
    0x080211ea   0x00000006   Code   RO         2287    .ARM.Collect$$_printf_percent$$00000002  c_w.l(_printf_p.o)
    0x080211f0   0x00000006   Code   RO         1920    .ARM.Collect$$_printf_percent$$00000003  c_w.l(_printf_f.o)
    0x080211f6   0x00000006   Code   RO         2290    .ARM.Collect$$_printf_percent$$00000004  c_w.l(_printf_e.o)
    0x080211fc   0x00000006   Code   RO         2291    .ARM.Collect$$_printf_percent$$00000005  c_w.l(_printf_g.o)
    0x08021202   0x00000006   Code   RO         2292    .ARM.Collect$$_printf_percent$$00000006  c_w.l(_printf_a.o)
    0x08021208   0x0000000a   Code   RO         2296    .ARM.Collect$$_printf_percent$$00000007  c_w.l(_printf_ll.o)
    0x08021212   0x00000006   Code   RO         2289    .ARM.Collect$$_printf_percent$$00000008  c_w.l(_printf_i.o)
    0x08021218   0x00000006   Code   RO         1918    .ARM.Collect$$_printf_percent$$00000009  c_w.l(_printf_d.o)
    0x0802121e   0x00000006   Code   RO         1919    .ARM.Collect$$_printf_percent$$0000000A  c_w.l(_printf_u.o)
    0x08021224   0x00000006   Code   RO         2288    .ARM.Collect$$_printf_percent$$0000000B  c_w.l(_printf_o.o)
    0x0802122a   0x00000006   Code   RO         1917    .ARM.Collect$$_printf_percent$$0000000C  c_w.l(_printf_x.o)
    0x08021230   0x00000006   Code   RO         2293    .ARM.Collect$$_printf_percent$$0000000D  c_w.l(_printf_lli.o)
    0x08021236   0x00000006   Code   RO         2294    .ARM.Collect$$_printf_percent$$0000000E  c_w.l(_printf_lld.o)
    0x0802123c   0x00000006   Code   RO         2295    .ARM.Collect$$_printf_percent$$0000000F  c_w.l(_printf_llu.o)
    0x08021242   0x00000006   Code   RO         2300    .ARM.Collect$$_printf_percent$$00000010  c_w.l(_printf_llo.o)
    0x08021248   0x00000006   Code   RO         2301    .ARM.Collect$$_printf_percent$$00000011  c_w.l(_printf_llx.o)
    0x0802124e   0x0000000a   Code   RO         2297    .ARM.Collect$$_printf_percent$$00000012  c_w.l(_printf_l.o)
    0x08021258   0x00000006   Code   RO         2285    .ARM.Collect$$_printf_percent$$00000013  c_w.l(_printf_c.o)
    0x0802125e   0x00000006   Code   RO         1916    .ARM.Collect$$_printf_percent$$00000014  c_w.l(_printf_s.o)
    0x08021264   0x00000006   Code   RO         2298    .ARM.Collect$$_printf_percent$$00000015  c_w.l(_printf_lc.o)
    0x0802126a   0x00000006   Code   RO         2299    .ARM.Collect$$_printf_percent$$00000016  c_w.l(_printf_ls.o)
    0x08021270   0x00000004   Code   RO         2087    .ARM.Collect$$_printf_percent$$00000017  c_w.l(_printf_percent_end.o)
    0x08021274   0x00000002   Code   RO         2315    .ARM.Collect$$libinit$$00000000  c_w.l(libinit.o)
    0x08021276   0x00000000   Code   RO         2216    .ARM.Collect$$libinit$$00000002  c_w.l(libinit2.o)
    0x08021276   0x00000000   Code   RO         2218    .ARM.Collect$$libinit$$00000004  c_w.l(libinit2.o)
    0x08021276   0x00000000   Code   RO         2221    .ARM.Collect$$libinit$$0000000A  c_w.l(libinit2.o)
    0x08021276   0x00000000   Code   RO         2223    .ARM.Collect$$libinit$$0000000C  c_w.l(libinit2.o)
    0x08021276   0x00000000   Code   RO         2225    .ARM.Collect$$libinit$$0000000E  c_w.l(libinit2.o)
    0x08021276   0x00000006   Code   RO         2226    .ARM.Collect$$libinit$$0000000F  c_w.l(libinit2.o)
    0x0802127c   0x00000000   Code   RO         2228    .ARM.Collect$$libinit$$00000011  c_w.l(libinit2.o)
    0x0802127c   0x0000000c   Code   RO         2229    .ARM.Collect$$libinit$$00000012  c_w.l(libinit2.o)
    0x08021288   0x00000000   Code   RO         2230    .ARM.Collect$$libinit$$00000013  c_w.l(libinit2.o)
    0x08021288   0x00000000   Code   RO         2232    .ARM.Collect$$libinit$$00000015  c_w.l(libinit2.o)
    0x08021288   0x0000000a   Code   RO         2233    .ARM.Collect$$libinit$$00000016  c_w.l(libinit2.o)
    0x08021292   0x00000000   Code   RO         2234    .ARM.Collect$$libinit$$00000017  c_w.l(libinit2.o)
    0x08021292   0x0000000a   Code   RO         2235    .ARM.Collect$$libinit$$00000018  c_w.l(libinit2.o)
    0x0802129c   0x00000000   Code   RO         2236    .ARM.Collect$$libinit$$00000019  c_w.l(libinit2.o)
    0x0802129c   0x00000000   Code   RO         2238    .ARM.Collect$$libinit$$0000001B  c_w.l(libinit2.o)
    0x0802129c   0x00000000   Code   RO         2240    .ARM.Collect$$libinit$$0000001D  c_w.l(libinit2.o)
    0x0802129c   0x00000000   Code   RO         2242    .ARM.Collect$$libinit$$0000001F  c_w.l(libinit2.o)
    0x0802129c   0x00000000   Code   RO         2244    .ARM.Collect$$libinit$$00000021  c_w.l(libinit2.o)
    0x0802129c   0x00000000   Code   RO         2246    .ARM.Collect$$libinit$$00000023  c_w.l(libinit2.o)
    0x0802129c   0x00000000   Code   RO         2248    .ARM.Collect$$libinit$$00000025  c_w.l(libinit2.o)
    0x0802129c   0x00000000   Code   RO         2252    .ARM.Collect$$libinit$$0000002C  c_w.l(libinit2.o)
    0x0802129c   0x00000000   Code   RO         2254    .ARM.Collect$$libinit$$0000002E  c_w.l(libinit2.o)
    0x0802129c   0x00000000   Code   RO         2256    .ARM.Collect$$libinit$$00000030  c_w.l(libinit2.o)
    0x0802129c   0x00000000   Code   RO         2258    .ARM.Collect$$libinit$$00000032  c_w.l(libinit2.o)
    0x0802129c   0x00000002   Code   RO         2259    .ARM.Collect$$libinit$$00000033  c_w.l(libinit2.o)
    0x0802129e   0x00000002   Code   RO         2394    .ARM.Collect$$libshutdown$$00000000  c_w.l(libshutdown.o)
    0x080212a0   0x00000000   Code   RO         2413    .ARM.Collect$$libshutdown$$00000003  c_w.l(libshutdown2.o)
    0x080212a0   0x00000000   Code   RO         2416    .ARM.Collect$$libshutdown$$00000006  c_w.l(libshutdown2.o)
    0x080212a0   0x00000000   Code   RO         2419    .ARM.Collect$$libshutdown$$00000009  c_w.l(libshutdown2.o)
    0x080212a0   0x00000000   Code   RO         2421    .ARM.Collect$$libshutdown$$0000000B  c_w.l(libshutdown2.o)
    0x080212a0   0x00000000   Code   RO         2424    .ARM.Collect$$libshutdown$$0000000E  c_w.l(libshutdown2.o)
    0x080212a0   0x00000002   Code   RO         2425    .ARM.Collect$$libshutdown$$0000000F  c_w.l(libshutdown2.o)
    0x080212a2   0x00000000   Code   RO         2064    .ARM.Collect$$rtentry$$00000000  c_w.l(__rtentry.o)
    0x080212a2   0x00000000   Code   RO         2156    .ARM.Collect$$rtentry$$00000002  c_w.l(__rtentry2.o)
    0x080212a2   0x00000006   Code   RO         2168    .ARM.Collect$$rtentry$$00000004  c_w.l(__rtentry4.o)
    0x080212a8   0x00000000   Code   RO         2158    .ARM.Collect$$rtentry$$00000009  c_w.l(__rtentry2.o)
    0x080212a8   0x00000004   Code   RO         2159    .ARM.Collect$$rtentry$$0000000A  c_w.l(__rtentry2.o)
    0x080212ac   0x00000000   Code   RO         2161    .ARM.Collect$$rtentry$$0000000C  c_w.l(__rtentry2.o)
    0x080212ac   0x00000008   Code   RO         2162    .ARM.Collect$$rtentry$$0000000D  c_w.l(__rtentry2.o)
    0x080212b4   0x00000002   Code   RO         2326    .ARM.Collect$$rtexit$$00000000  c_w.l(rtexit.o)
    0x080212b6   0x00000000   Code   RO         2357    .ARM.Collect$$rtexit$$00000002  c_w.l(rtexit2.o)
    0x080212b6   0x00000004   Code   RO         2358    .ARM.Collect$$rtexit$$00000003  c_w.l(rtexit2.o)
    0x080212ba   0x00000006   Code   RO         2359    .ARM.Collect$$rtexit$$00000004  c_w.l(rtexit2.o)
    0x080212c0   0x00000048   Code   RO            4    .text               startup_stm32f10x_hd.o
    0x08021308   0x00000200   Code   RO           10    .text               main.o
    0x08021508   0x000004a4   Code   RO          197    .text               bsp.o
    0x080219ac   0x00000adc   Code   RO          235    .text               config.o
    0x08022488   0x000000ec   Code   RO          294    .text               system_stm32f10x.o
    0x08022574   0x00000028   Code   RO          332    .text               crc32.o
    0x0802259c   0x00000060   Code   RO          347    .text               crc16.o
    0x080225fc   0x00000068   Code   RO          363    .text               qk_port.o
    0x08022664   0x000001d4   Code   RO          378    .text               stm32f10x_dma.o
    0x08022838   0x00000418   Code   RO          390    .text               stm32f10x_flash.o
    0x08022c50   0x0000026c   Code   RO          402    .text               stm32f10x_gpio.o
    0x08022ebc   0x000002f0   Code   RO          429    .text               stm32f10x_rcc.o
    0x080231ac   0x000002ac   Code   RO          443    .text               stm32f10x_spi.o
    0x08023458   0x000009be   Code   RO          455    .text               stm32f10x_tim.o
    0x08023e16   0x00000002   PAD
    0x08023e18   0x00000328   Code   RO          467    .text               stm32f10x_usart.o
    0x08024140   0x000000b8   Code   RO          479    .text               misc.o
    0x080241f8   0x000000fc   Code   RO          491    .text               stm32f10x_exti.o
    0x080242f4   0x00004550   Code   RO          503    .text               modem.o
    0x08028844   0x00000a94   Code   RO          548    .text               modem_parser.o
    0x080292d8   0x00001d98   Code   RO          577    .text               modem_sim900.o
    0x0802b070   0x0000009c   Code   RO          604    .text               modemringbuf.o
    0x0802b10c   0x00000014   Code   RO          628    .text               qa_ctor.o
    0x0802b120   0x00000054   Code   RO          649    .text               qa_defer.o
    0x0802b174   0x0000017c   Code   RO          663    .text               qa_fifo.o
    0x0802b2f0   0x0000013c   Code   RO          679    .text               qa_get_.o
    0x0802b42c   0x000000e8   Code   RO          693    .text               qa_lifo.o
    0x0802b514   0x000000a0   Code   RO          707    .text               qa_sub.o
    0x0802b5b4   0x0000010c   Code   RO          749    .text               qeq_fifo.o
    0x0802b6c0   0x000000d8   Code   RO          763    .text               qeq_get.o
    0x0802b798   0x00000050   Code   RO          777    .text               qeq_init.o
    0x0802b7e8   0x000000cc   Code   RO          803    .text               qf_act.o
    0x0802b8b4   0x000000ac   Code   RO          828    .text               qf_gc.o
    0x0802b960   0x000000a8   Code   RO          848    .text               qf_new.o
    0x0802ba08   0x00000064   Code   RO          862    .text               qf_pool.o
    0x0802ba6c   0x0000000c   Code   RO          883    .text               qf_psini.o
    0x0802ba78   0x000000d8   Code   RO          902    .text               qf_pspub.o
    0x0802bb50   0x00000164   Code   RO          935    .text               qf_tick.o
    0x0802bcb4   0x000000f4   Code   RO          968    .text               qmp_get.o
    0x0802bda8   0x000000b4   Code   RO          982    .text               qmp_init.o
    0x0802be5c   0x0000007c   Code   RO          996    .text               qmp_put.o
    0x0802bed8   0x000000a8   Code   RO         1010    .text               qte_arm.o
    0x0802bf80   0x00000034   Code   RO         1024    .text               qte_ctor.o
    0x0802bfb4   0x0000009c   Code   RO         1050    .text               qte_darm.o
    0x0802c050   0x000000a0   Code   RO         1076    .text               qk.o
    0x0802c0f0   0x00000110   Code   RO         1131    .text               qk_sched.o
    0x0802c200   0x00000388   Code   RO         1143    .text               qs.o
    0x0802c588   0x00000260   Code   RO         1166    .text               qs_.o
    0x0802c7e8   0x0000002c   Code   RO         1190    .text               qs_byte.o
    0x0802c814   0x000000c8   Code   RO         1202    .text               qs_dict.o
    0x0802c8dc   0x000000b4   Code   RO         1250    .text               qs_str.o
    0x0802c990   0x00000208   Code   RO         1280    .text               qfsm_dis.o
    0x0802cb98   0x000000d0   Code   RO         1298    .text               qfsm_ini.o
    0x0802cc68   0x00000520   Code   RO         1312    .text               qhsm_dis.o
    0x0802d188   0x00000158   Code   RO         1340    .text               qhsm_ini.o
    0x0802d2e0   0x00000004   Code   RO         1354    .text               qhsm_top.o
    0x0802d2e4   0x00000254   Code   RO         1403    .text               parsersms.o
    0x0802d538   0x00000048   Code   RO         1425    .text               bytestream.o
    0x0802d580   0x00000090   Code   RO         1440    .text               memory_spi.o
    0x0802d610   0x00000678   Code   RO         1455    .text               at45db.o
    0x0802dc88   0x00000450   Code   RO         1476    .text               fm25cl64.o
    0x0802e0d8   0x00000530   Code   RO         1494    .text               framringbuf.o
    0x0802e608   0x00002184   Code   RO         1525    .text               disk.o
    0x0803078c   0x00000958   Code   RO         1571    .text               io.o
    0x080310e4   0x00000020   Code   RO         1604    .text               crc8.o
    0x08031104   0x000005e0   Code   RO         1619    .text               ledindicator.o
    0x080316e4   0x00001648   Code   RO         1638    .text               control_new.o
    0x08032d2c   0x000000f4   Code   RO         1666    .text               epsilon.o
    0x08032e20   0x000014f0   Code   RO         1710    .text               nmea_parser.o
    0x08034310   0x000017b8   Code   RO         1749    .text               nav_filter.o
    0x08035ac8   0x000000a0   Code   RO         1775    .text               gps_ring_buf.o
    0x08035b68   0x00000180   Code   RO         1792    .text               rf10.o
    0x08035ce8   0x000000dc   Code   RO         1818    .text               tl10.o
    0x08035dc4   0x0000002e   Code   RO         1845    .text               crc16_teltonika.o
    0x08035df2   0x00000002   PAD
    0x08035df4   0x00000010   Code   RO         1859    .text               c_w.l(rt_ctype_table.o)
    0x08035e04   0x0000001e   Code   RO         1861    .text               c_w.l(toupper.o)
    0x08035e22   0x00000002   PAD
    0x08035e24   0x0000002c   Code   RO         1863    .text               c_w.l(__2sprintf.o)
    0x08035e50   0x0000004e   Code   RO         1869    .text               c_w.l(_printf_pad.o)
    0x08035e9e   0x00000052   Code   RO         1871    .text               c_w.l(_printf_str.o)
    0x08035ef0   0x00000078   Code   RO         1873    .text               c_w.l(_printf_dec.o)
    0x08035f68   0x00000094   Code   RO         1893    .text               c_w.l(_printf_hex_int_ll_ptr.o)
    0x08035ffc   0x00000188   Code   RO         1913    .text               c_w.l(__printf_flags_ss_wp.o)
    0x08036184   0x0000001a   Code   RO         1922    .text               c_w.l(atoi.o)
    0x0803619e   0x00000014   Code   RO         1924    .text               c_w.l(strchr.o)
    0x080361b2   0x00000024   Code   RO         1926    .text               c_w.l(strstr.o)
    0x080361d6   0x0000008e   Code   RO         1928    .text               c_w.l(strlcpy.o)
    0x08036264   0x00000058   Code   RO         1930    .text               c_w.l(memcmp.o)
    0x080362bc   0x00000048   Code   RO         1932    .text               c_w.l(strcpy.o)
    0x08036304   0x0000003e   Code   RO         1934    .text               c_w.l(strlen.o)
    0x08036342   0x00000096   Code   RO         1936    .text               c_w.l(strncmp.o)
    0x080363d8   0x00000018   Code   RO         1938    .text               c_w.l(strcat.o)
    0x080363f0   0x0000008a   Code   RO         1940    .text               c_w.l(rt_memcpy_v6.o)
    0x0803647a   0x00000064   Code   RO         1942    .text               c_w.l(rt_memcpy_w.o)
    0x080364de   0x00000044   Code   RO         1944    .text               c_w.l(rt_memclr.o)
    0x08036522   0x0000004e   Code   RO         1946    .text               c_w.l(rt_memclr_w.o)
    0x08036570   0x00000056   Code   RO         1948    .text               c_w.l(strncpy.o)
    0x080365c6   0x00000002   PAD
    0x080365c8   0x00000080   Code   RO         1950    .text               c_w.l(strcmpv7m.o)
    0x08036648   0x0000000c   Code   RO         1952    .text               c_w.l(asctime.o)
    0x08036654   0x0000000c   Code   RO         1955    .text               c_w.l(localtime.o)
    0x08036660   0x000001a8   Code   RO         1958    .text               c_w.l(mktime.o)
    0x08036808   0x00000006   Code   RO         1960    .text               c_w.l(heapauxi.o)
    0x0803680e   0x00000002   PAD
    0x08036810   0x00000008   Code   RO         2068    .text               c_w.l(rt_locale_intlibspace.o)
    0x08036818   0x00000008   Code   RO         2073    .text               c_w.l(rt_errno_addr_intlibspace.o)
    0x08036820   0x00000016   Code   RO         2075    .text               c_w.l(_rserrno.o)
    0x08036836   0x000000b2   Code   RO         2077    .text               c_w.l(_printf_intcommon.o)
    0x080368e8   0x0000041a   Code   RO         2079    .text               c_w.l(_printf_fp_dec.o)
    0x08036d02   0x00000002   PAD
    0x08036d04   0x00000030   Code   RO         2081    .text               c_w.l(_printf_char_common.o)
    0x08036d34   0x0000000a   Code   RO         2083    .text               c_w.l(_sputc.o)
    0x08036d3e   0x0000002c   Code   RO         2085    .text               c_w.l(_printf_char.o)
    0x08036d6a   0x00000002   PAD
    0x08036d6c   0x000000a0   Code   RO         2088    .text               c_w.l(strtod.o)
    0x08036e0c   0x00000070   Code   RO         2090    .text               c_w.l(strtol.o)
    0x08036e7c   0x00000068   Code   RO         2096    .text               c_w.l(asctime_internal.o)
    0x08036ee4   0x000000b8   Code   RO         2098    .text               c_w.l(localtime_internal.o)
    0x08036f9c   0x00000008   Code   RO         2152    .text               c_w.l(libspace.o)
    0x08036fa4   0x0000008a   Code   RO         2170    .text               c_w.l(lludiv10.o)
    0x0803702e   0x00000012   Code   RO         2172    .text               c_w.l(isspace.o)
    0x08037040   0x0000002c   Code   RO         2174    .text               c_w.l(sprintf.o)
    0x0803706c   0x00000080   Code   RO         2176    .text               c_w.l(_printf_fp_infnan.o)
    0x080370ec   0x00000040   Code   RO         2180    .text               c_w.l(_sgetc.o)
    0x0803712c   0x0000009e   Code   RO         2182    .text               c_w.l(_strtoul.o)
    0x080371ca   0x00000002   PAD
    0x080371cc   0x000000dc   Code   RO         2184    .text               c_w.l(bigflt0.o)
    0x080372a8   0x0000004a   Code   RO         2268    .text               c_w.l(sys_stackheap_outer.o)
    0x080372f2   0x00000024   Code   RO         2270    .text               c_w.l(_printf_truncate.o)
    0x08037316   0x00000028   Code   RO         2272    .text               c_w.l(_printf_charcount.o)
    0x0803733e   0x00000002   PAD
    0x08037340   0x000000bc   Code   RO         2274    .text               c_w.l(_printf_wctomb.o)
    0x080373fc   0x0000007c   Code   RO         2277    .text               c_w.l(_printf_longlong_dec.o)
    0x08037478   0x00000070   Code   RO         2283    .text               c_w.l(_printf_oct_int_ll.o)
    0x080374e8   0x0000001c   Code   RO         2302    .text               c_w.l(_chval.o)
    0x08037504   0x000004a4   Code   RO         2304    .text               c_w.l(scanf_fp.o)
    0x080379a8   0x0000000c   Code   RO         2306    .text               c_w.l(exit.o)
    0x080379b4   0x000002fc   Code   RO         2328    .text               c_w.l(_printf_fp_hex.o)
    0x08037cb0   0x0000002c   Code   RO         2331    .text               c_w.l(_printf_wchar.o)
    0x08037cdc   0x00000040   Code   RO         2333    .text               c_w.l(_wcrtomb.o)
    0x08037d1c   0x00000318   Code   RO         2365    .text               c_w.l(scanf_hexfp.o)
    0x08038034   0x00000134   Code   RO         2367    .text               c_w.l(scanf_infnan.o)
    0x08038168   0x0000000c   Code   RO         2379    .text               c_w.l(sys_exit.o)
    0x08038174   0x00000002   Code   RO         2381    .text               c_w.l(use_no_semi.o)
    0x08038176   0x00000000   Code   RO         2383    .text               c_w.l(indicate_semi.o)
    0x08038176   0x00000026   Code   RO         2386    .text               c_w.l(llshl.o)
    0x0803819c   0x0000003e   Code   RO         2187    CL$$btod_d2e        c_w.l(btod.o)
    0x080381da   0x00000046   Code   RO         2189    CL$$btod_d2e_denorm_low  c_w.l(btod.o)
    0x08038220   0x00000060   Code   RO         2188    CL$$btod_d2e_norm_op1  c_w.l(btod.o)
    0x08038280   0x00000338   Code   RO         2197    CL$$btod_div_common  c_w.l(btod.o)
    0x080385b8   0x00000054   Code   RO         2195    CL$$btod_e2d        c_w.l(btod.o)
    0x0803860c   0x000000c6   Code   RO         2194    CL$$btod_e2e        c_w.l(btod.o)
    0x080386d2   0x00000028   Code   RO         2191    CL$$btod_ediv       c_w.l(btod.o)
    0x080386fa   0x00000028   Code   RO         2193    CL$$btod_edivd      c_w.l(btod.o)
    0x08038722   0x00000028   Code   RO         2190    CL$$btod_emul       c_w.l(btod.o)
    0x0803874a   0x00000028   Code   RO         2192    CL$$btod_emuld      c_w.l(btod.o)
    0x08038772   0x00000244   Code   RO         2196    CL$$btod_mult_common  c_w.l(btod.o)
    0x080389b6   0x00000028   Code   RO         2136    i.__ARM_fpclassify  m_ws.l(fpclassify.o)
    0x080389de   0x00000002   PAD
    0x080389e0   0x00000388   Code   RO         2141    i.__ieee754_rem_pio2  m_ws.l(rred.o)
    0x08038d68   0x000000fc   Code   RO         2119    i.__kernel_cos      m_ws.l(cos_i.o)
    0x08038e64   0x000000aa   Code   RO         2138    i.__kernel_poly     m_ws.l(poly.o)
    0x08038f0e   0x00000002   PAD
    0x08038f10   0x000000ec   Code   RO         2146    i.__kernel_sin      m_ws.l(sin_i.o)
    0x08038ffc   0x00000010   Code   RO         2122    i.__mathlib_dbl_divzero  m_ws.l(dunder.o)
    0x0803900c   0x00000006   Code   RO         2123    i.__mathlib_dbl_infnan  m_ws.l(dunder.o)
    0x08039012   0x00000004   Code   RO         2124    i.__mathlib_dbl_infnan2  m_ws.l(dunder.o)
    0x08039016   0x0000000c   Code   RO         2125    i.__mathlib_dbl_invalid  m_ws.l(dunder.o)
    0x08039022   0x0000000e   Code   RO         2126    i.__mathlib_dbl_overflow  m_ws.l(dunder.o)
    0x08039030   0x00000010   Code   RO         2128    i.__mathlib_dbl_underflow  m_ws.l(dunder.o)
    0x08039040   0x00000010   Code   RO         2348    i.__mathlib_narrow  m_ws.l(narrow.o)
    0x08039050   0x00000088   Code   RO         2349    i.__mathlib_tofloat  m_ws.l(narrow.o)
    0x080390d8   0x00000016   Code   RO         2396    i.__support_ldexp   m_ws.l(ldexp.o)
    0x080390ee   0x0000000e   Code   RO         1906    i._is_digit         c_w.l(__printf_wp.o)
    0x080390fc   0x0000002a   Code   RO         2027    i.atof              m_ws.l(atof.o)
    0x08039126   0x00000002   PAD
    0x08039128   0x0000009c   Code   RO         2031    i.cos               m_ws.l(cos.o)
    0x080391c4   0x00000058   Code   RO         2376    i.frexp             m_ws.l(frexp.o)
    0x0803921c   0x00000074   Code   RO         2397    i.ldexp             m_ws.l(ldexp.o)
    0x08039290   0x000009b8   Code   RO         2039    i.pow               m_ws.l(pow.o)
    0x08039c48   0x000000a0   Code   RO         2049    i.sin               m_ws.l(sin.o)
    0x08039ce8   0x0000004c   Code   RO         2057    i.sqrt              m_ws.l(sqrt.o)
    0x08039d34   0x0000002c   Code   RO         2093    locale$$code        c_w.l(lc_ctype_c.o)
    0x08039d60   0x0000002c   Code   RO         2210    locale$$code        c_w.l(lc_numeric_c.o)
    0x08039d8c   0x0000002c   Code   RO         2213    locale$$code        c_w.l(lc_time_c.o)
    0x08039db8   0x00000062   Code   RO         1964    x$fpl$d2f           fz_ws.l(d2f.o)
    0x08039e1a   0x00000002   PAD
    0x08039e1c   0x00000150   Code   RO         1966    x$fpl$dadd          fz_ws.l(daddsub_clz.o)
    0x08039f6c   0x00000010   Code   RO         2100    x$fpl$dcheck1       fz_ws.l(dcheck1.o)
    0x08039f7c   0x00000018   Code   RO         2260    x$fpl$dcmpinf       fz_ws.l(dcmpi.o)
    0x08039f94   0x000002b0   Code   RO         1973    x$fpl$ddiv          fz_ws.l(ddiv.o)
    0x0803a244   0x00000078   Code   RO         2373    x$fpl$deqf          fz_ws.l(deqf.o)
    0x0803a2bc   0x0000005e   Code   RO         1976    x$fpl$dfix          fz_ws.l(dfix.o)
    0x0803a31a   0x00000002   PAD
    0x0803a31c   0x0000005a   Code   RO         1980    x$fpl$dfixu         fz_ws.l(dfixu.o)
    0x0803a376   0x0000002e   Code   RO         1985    x$fpl$dflt          fz_ws.l(dflt_clz.o)
    0x0803a3a4   0x00000026   Code   RO         1984    x$fpl$dfltu         fz_ws.l(dflt_clz.o)
    0x0803a3ca   0x00000002   PAD
    0x0803a3cc   0x00000078   Code   RO         2102    x$fpl$dleqf         fz_ws.l(dleqf.o)
    0x0803a444   0x00000154   Code   RO         1990    x$fpl$dmul          fz_ws.l(dmul.o)
    0x0803a598   0x0000009c   Code   RO         2104    x$fpl$dnaninf       fz_ws.l(dnaninf.o)
    0x0803a634   0x0000000c   Code   RO         2106    x$fpl$dretinf       fz_ws.l(dretinf.o)
    0x0803a640   0x0000006c   Code   RO         1992    x$fpl$drleqf        fz_ws.l(drleqf.o)
    0x0803a6ac   0x00000016   Code   RO         1967    x$fpl$drsb          fz_ws.l(daddsub_clz.o)
    0x0803a6c2   0x00000002   PAD
    0x0803a6c4   0x000001cc   Code   RO         2108    x$fpl$dsqrt         fz_ws.l(dsqrt_noumaal.o)
    0x0803a890   0x000001d4   Code   RO         1968    x$fpl$dsub          fz_ws.l(daddsub_clz.o)
    0x0803aa64   0x00000056   Code   RO         1994    x$fpl$f2d           fz_ws.l(f2d.o)
    0x0803aaba   0x00000002   PAD
    0x0803aabc   0x000000c4   Code   RO         1996    x$fpl$fadd          fz_ws.l(faddsub_clz.o)
    0x0803ab80   0x0000000c   Code   RO         2110    x$fpl$fcheck1       fz_ws.l(fcheck1.o)
    0x0803ab8c   0x00000018   Code   RO         2112    x$fpl$fcmpinf       fz_ws.l(fcmpi.o)
    0x0803aba4   0x00000036   Code   RO         2002    x$fpl$ffix          fz_ws.l(ffix.o)
    0x0803abda   0x00000002   PAD
    0x0803abdc   0x0000003e   Code   RO         2006    x$fpl$ffixu         fz_ws.l(ffixu.o)
    0x0803ac1a   0x00000002   PAD
    0x0803ac1c   0x00000026   Code   RO         2010    x$fpl$ffltu         fz_ws.l(fflt_clz.o)
    0x0803ac42   0x00000002   PAD
    0x0803ac44   0x00000068   Code   RO         2016    x$fpl$fleqf         fz_ws.l(fleqf.o)
    0x0803acac   0x00000102   Code   RO         2018    x$fpl$fmul          fz_ws.l(fmul.o)
    0x0803adae   0x0000008c   Code   RO         2114    x$fpl$fnaninf       fz_ws.l(fnaninf.o)
    0x0803ae3a   0x0000000a   Code   RO         2116    x$fpl$fretinf       fz_ws.l(fretinf.o)
    0x0803ae44   0x00000014   Code   RO         1997    x$fpl$frsb          fz_ws.l(faddsub_clz.o)
    0x0803ae58   0x000000ea   Code   RO         1998    x$fpl$fsub          fz_ws.l(faddsub_clz.o)
    0x0803af42   0x00000004   Code   RO         2020    x$fpl$printf1       fz_ws.l(printf1.o)
    0x0803af46   0x00000004   Code   RO         2318    x$fpl$printf2       fz_ws.l(printf2.o)
    0x0803af4a   0x00000064   Code   RO         2264    x$fpl$retnan        fz_ws.l(retnan.o)
    0x0803afae   0x0000005c   Code   RO         2022    x$fpl$scalbn        fz_ws.l(scalbn.o)
    0x0803b00a   0x0000004c   Code   RO         2024    x$fpl$scalbnf       fz_ws.l(scalbnf.o)
    0x0803b056   0x00000004   Code   RO         2266    x$fpl$scanf1        fz_ws.l(scanf1.o)
    0x0803b05a   0x00000008   Code   RO         2342    x$fpl$scanf2        fz_ws.l(scanf2.o)
    0x0803b062   0x00000030   Code   RO         2324    x$fpl$trapveneer    fz_ws.l(trapv.o)
    0x0803b092   0x00000000   Code   RO         2118    x$fpl$usenofp       fz_ws.l(usenofp.o)
    0x0803b092   0x00000002   Data   RO           12    .constdata          main.o
    0x0803b094   0x00000018   Data   RO           13    .constdata          main.o
    0x0803b0ac   0x0000000e   Data   RO          199    .constdata          bsp.o
    0x0803b0ba   0x000000d4   Data   RO          237    .constdata          config.o
    0x0803b18e   0x0000004a   Data   RO          238    .constdata          config.o
    0x0803b1d8   0x00000004   Data   RO          239    .constdata          config.o
    0x0803b1dc   0x00000400   Data   RO          333    .constdata          crc32.o
    0x0803b5dc   0x00000200   Data   RO          348    .constdata          crc16.o
    0x0803b7dc   0x00000562   Data   RO          505    .constdata          modem.o
    0x0803bd3e   0x00000002   PAD
    0x0803bd40   0x000000c3   Data   RO          550    .constdata          modem_parser.o
    0x0803be03   0x00000001   PAD
    0x0803be04   0x000004f9   Data   RO          579    .constdata          modem_sim900.o
    0x0803c2fd   0x00000003   PAD
    0x0803c300   0x00000014   Data   RO          629    .constdata          qa_ctor.o
    0x0803c314   0x00000009   Data   RO          650    .constdata          qa_defer.o
    0x0803c31d   0x00000008   Data   RO          664    .constdata          qa_fifo.o
    0x0803c325   0x00000008   Data   RO          680    .constdata          qa_get_.o
    0x0803c32d   0x00000008   Data   RO          694    .constdata          qa_lifo.o
    0x0803c335   0x00000007   Data   RO          708    .constdata          qa_sub.o
    0x0803c33c   0x00000009   Data   RO          750    .constdata          qeq_fifo.o
    0x0803c345   0x00000008   Data   RO          764    .constdata          qeq_get.o
    0x0803c34d   0x00000007   Data   RO          805    .constdata          qf_act.o
    0x0803c354   0x00000006   Data   RO          829    .constdata          qf_gc.o
    0x0803c35a   0x00000007   Data   RO          849    .constdata          qf_new.o
    0x0803c361   0x00000008   Data   RO          864    .constdata          qf_pool.o
    0x0803c369   0x00000009   Data   RO          903    .constdata          qf_pspub.o
    0x0803c372   0x00000041   Data   RO          916    .constdata          qf_pwr2.o
    0x0803c3b3   0x00000041   Data   RO          917    .constdata          qf_pwr2.o
    0x0803c3f4   0x00000041   Data   RO          918    .constdata          qf_pwr2.o
    0x0803c435   0x00000008   Data   RO          937    .constdata          qf_tick.o
    0x0803c43d   0x00000008   Data   RO          969    .constdata          qmp_get.o
    0x0803c445   0x00000009   Data   RO          983    .constdata          qmp_init.o
    0x0803c44e   0x00000008   Data   RO          997    .constdata          qmp_put.o
    0x0803c456   0x00000008   Data   RO         1011    .constdata          qte_arm.o
    0x0803c45e   0x00000009   Data   RO         1025    .constdata          qte_ctor.o
    0x0803c467   0x00000003   Data   RO         1078    .constdata          qk.o
    0x0803c46a   0x00000003   Data   RO         1145    .constdata          qs.o
    0x0803c46d   0x00000001   PAD
    0x0803c46e   0x00000010   Data   RO         1268    .constdata          qep.o
    0x0803c47e   0x00000009   Data   RO         1281    .constdata          qfsm_dis.o
    0x0803c487   0x00000001   PAD
    0x0803c488   0x00000011   Data   RO         1299    .constdata          qfsm_ini.o
    0x0803c499   0x00000009   Data   RO         1313    .constdata          qhsm_dis.o
    0x0803c4a2   0x00000002   PAD
    0x0803c4a4   0x00000011   Data   RO         1341    .constdata          qhsm_ini.o
    0x0803c4b5   0x00000008   Data   RO         1456    .constdata          at45db.o
    0x0803c4bd   0x00000003   PAD
    0x0803c4c0   0x00000004   Data   RO         1527    .constdata          disk.o
    0x0803c4c4   0x00000004   Data   RO         1528    .constdata          disk.o
    0x0803c4c8   0x0000011e   Data   RO         1529    .constdata          disk.o
    0x0803c5e6   0x00000002   PAD
    0x0803c5e8   0x00000055   Data   RO         1573    .constdata          io.o
    0x0803c63d   0x00000100   Data   RO         1605    .constdata          crc8.o
    0x0803c73d   0x00000003   PAD
    0x0803c740   0x0000019c   Data   RO         1640    .constdata          control_new.o
    0x0803c8dc   0x00000004   Data   RO         1712    .constdata          nmea_parser.o
    0x0803c8e0   0x00000040   Data   RO         1713    .constdata          nmea_parser.o
    0x0803c920   0x00000081   Data   RO         1751    .constdata          nav_filter.o
    0x0803c9a1   0x00000028   Data   RO         1894    .constdata          c_w.l(_printf_hex_int_ll_ptr.o)
    0x0803c9c9   0x00000011   Data   RO         1914    .constdata          c_w.l(__printf_flags_ss_wp.o)
    0x0803c9da   0x00000006   PAD
    0x0803c9e0   0x00000088   Data   RO         2040    .constdata          m_ws.l(pow.o)
    0x0803ca68   0x0000000c   Data   RO         2095    .constdata          c_w.l(_monlen.o)
    0x0803ca74   0x00000004   PAD
    0x0803ca78   0x00000030   Data   RO         2120    .constdata          m_ws.l(cos_i.o)
    0x0803caa8   0x00000008   Data   RO         2140    .constdata          m_ws.l(qnan.o)
    0x0803cab0   0x000000c8   Data   RO         2143    .constdata          m_ws.l(rred.o)
    0x0803cb78   0x00000028   Data   RO         2147    .constdata          m_ws.l(sin_i.o)
    0x0803cba0   0x00000094   Data   RO         2185    .constdata          c_w.l(bigflt0.o)
    0x0803cc34   0x00000008   Data   RO         2275    .constdata          c_w.l(_printf_wctomb.o)
    0x0803cc3c   0x00000026   Data   RO         2329    .constdata          c_w.l(_printf_fp_hex.o)
    0x0803cc62   0x00000002   PAD
    0x0803cc64   0x00000240   Data   RO          240    .conststring        config.o
    0x0803cea4   0x000002e1   Data   RO          552    .conststring        modem_parser.o
    0x0803d185   0x00000003   PAD
    0x0803d188   0x00000020   Data   RO         2446    Region$$Table       anon$$obj.o
    0x0803d1a8   0x00000008   Data   RO         2339    c$$dinf             fz_ws.l(fpconst.o)
    0x0803d1b0   0x00000110   Data   RO         2092    locale$$data        c_w.l(lc_ctype_c.o)
    0x0803d2c0   0x0000001c   Data   RO         2209    locale$$data        c_w.l(lc_numeric_c.o)
    0x0803d2dc   0x00000180   Data   RO         2212    locale$$data        c_w.l(lc_time_c.o)


    Execution Region RW_IRAM1 (Base: 0x20000000, Size: 0x00005e78, Max: 0x0000c000, ABSOLUTE, COMPRESSED[0x00000290])

    Base Addr    Size         Type   Attr      Idx    E Section Name        Object

    0x20000000   0x00000004   Data   RW           14    .data               main.o
    0x20000004   0x00000010   Data   RW          200    .data               bsp.o
    0x20000014   0x000002c4   Data   RW          241    .data               config.o
    0x200002d8   0x00000001   Data   RW          242    .data               config.o
    0x200002d9   0x00000003   PAD
    0x200002dc   0x00000004   Data   RW          243    .data               config.o
    0x200002e0   0x00000002   Data   RW          349    .data               crc16.o
    0x200002e2   0x00000014   Data   RW          430    .data               stm32f10x_rcc.o
    0x200002f6   0x0000000b   Data   RW          506    .data               modem.o
    0x20000301   0x00000003   PAD
    0x20000304   0x0000016c   Data   RW          553    .data               modem_parser.o
    0x20000470   0x0000001a   Data   RW          580    .data               modem_sim900.o
    0x2000048a   0x00000002   PAD
    0x2000048c   0x00000010   Data   RW          605    .data               modemringbuf.o
    0x2000049c   0x00000004   Data   RW          665    .data               qa_fifo.o
    0x200004a0   0x00000004   Data   RW          865    .data               qf_pool.o
    0x200004a4   0x00000008   Data   RW          884    .data               qf_psini.o
    0x200004ac   0x00000001   Data   RW         1079    .data               qk.o
    0x200004ad   0x00000001   Data   RW         1080    .data               qk.o
    0x200004ae   0x00000001   Data   RW         1114    .data               qk_mutex.o
    0x200004af   0x00000001   PAD
    0x200004b0   0x00000004   Data   RW         1405    .data               parsersms.o
    0x200004b4   0x00000001   Data   RW         1457    .data               at45db.o
    0x200004b5   0x00000001   Data   RW         1477    .data               fm25cl64.o
    0x200004b6   0x00000002   PAD
    0x200004b8   0x00000004   Data   RW         1496    .data               framringbuf.o
    0x200004bc   0x00000014   Data   RW         1530    .data               disk.o
    0x200004d0   0x00000034   Data   RW         1575    .data               io.o
    0x20000504   0x00000018   Data   RW         1620    .data               ledindicator.o
    0x2000051c   0x00000004   Data   RW         1641    .data               control_new.o
    0x20000520   0x00000024   Data   RW         1642    .data               control_new.o
    0x20000544   0x00000010   Data   RW         1667    .data               epsilon.o
    0x20000554   0x00000001   Data   RW         1668    .data               epsilon.o
    0x20000555   0x00000003   PAD
    0x20000558   0x00000028   Data   RW         1714    .data               nmea_parser.o
    0x20000580   0x00000020   Data   RW         1752    .data               nav_filter.o
    0x200005a0   0x00000010   Data   RW         1776    .data               gps_ring_buf.o
    0x200005b0   0x00000018   Data   RW         1793    .data               rf10.o
    0x200005c8   0x00000008   Data   RW         1819    .data               tl10.o
    0x200005d0   0x00000001   Data   RW         1820    .data               tl10.o
    0x200005d1   0x00000003   PAD
    0x200005d4   0x00000319   Zero   RW           11    .bss                main.o
    0x200008ed   0x00000800   Zero   RW          198    .bss                bsp.o
    0x200010ed   0x0000019d   Zero   RW          236    .bss                config.o
    0x2000128a   0x00000002   PAD
    0x2000128c   0x00000290   Zero   RW          504    .bss                modem.o
    0x2000151c   0x00001074   Zero   RW          549    .bss                modem_parser.o
    0x20002590   0x00000064   Zero   RW          578    .bss                modem_sim900.o
    0x200025f4   0x00000084   Zero   RW          804    .bss                qf_act.o
    0x20002678   0x0000003c   Zero   RW          863    .bss                qf_pool.o
    0x200026b4   0x00000020   Zero   RW          936    .bss                qf_tick.o
    0x200026d4   0x00000009   Zero   RW         1077    .bss                qk.o
    0x200026dd   0x00000003   PAD
    0x200026e0   0x00000040   Zero   RW         1144    .bss                qs.o
    0x20002720   0x00000032   Zero   RW         1404    .bss                parsersms.o
    0x20002752   0x00000c13   Zero   RW         1495    .bss                framringbuf.o
    0x20003365   0x00000003   PAD
    0x20003368   0x00001653   Zero   RW         1526    .bss                disk.o
    0x200049bb   0x00000001   PAD
    0x200049bc   0x00000120   Zero   RW         1572    .bss                io.o
    0x20004adc   0x00000625   Zero   RW         1639    .bss                control_new.o
    0x20005101   0x00000007   PAD
    0x20005108   0x00000381   Zero   RW         1711    .bss                nmea_parser.o
    0x20005489   0x00000007   PAD
    0x20005490   0x00000313   Zero   RW         1750    .bss                nav_filter.o
    0x200057a3   0x00000044   Zero   RW         1953    .bss                c_w.l(asctime.o)
    0x200057e7   0x00000001   PAD
    0x200057e8   0x0000002c   Zero   RW         1956    .bss                c_w.l(localtime.o)
    0x20005814   0x00000060   Zero   RW         2153    .bss                c_w.l(libspace.o)
    0x20005874   0x00000004   PAD
    0x20005878   0x00000000   Zero   RW            2    HEAP                startup_stm32f10x_hd.o
    0x20005878   0x00000600   Zero   RW            1    STACK               startup_stm32f10x_hd.o


==============================================================================

Image component sizes


      Code (inc. data)   RO Data    RW Data    ZI Data      Debug   Object Name

      1656         20          8          1          0       5737   at45db.o
      1188         56         14         16       2048      29029   bsp.o
        72          0          0          0          0       1437   bytestream.o
      2780        408        866        713        413      18860   config.o
      5704        542        412         40       1573      33932   control_new.o
        96         12        512          2          0       1430   crc16.o
        46          0          0          0          0       1022   crc16_teltonika.o
        40          4       1024          0          0       1011   crc32.o
        32          4        256          0          0        999   crc8.o
      8580       1044        294         20       5715      27173   disk.o
       244          8          0         17          0       2068   epsilon.o
      1104         18          0          1          0       4004   fm25cl64.o
      1328         20          0          4       3091       6757   framringbuf.o
       160          6          0         16          0       1917   gps_ring_buf.o
      2392        202         85         52        288      25495   io.o
      1504        264          0         24          0       5284   ledindicator.o
       512         82         26          4        793     305630   main.o
       144          8          0          0          0        589   memory_spi.o
       184         12          0          0          0       1817   misc.o
     17744       3688       1378         11        656      45072   modem.o
      2708        316        932        364       4212       8040   modem_parser.o
      7576        674       1273         26        100      25543   modem_sim900.o
       156          4          0         16          0       1936   modemringbuf.o
         0          0          0          0          0        916   my_time.o
      6072       1004        129         32        787      12467   nav_filter.o
      5360        212         68         40        897      14040   nmea_parser.o
       596         56          0          4         50       3910   parsersms.o
        20          4         20          0          0       1663   qa_ctor.o
        84          6          9          0          0       1299   qa_defer.o
       380         36          8          4          0       1603   qa_fifo.o
       316         26          8          0          0       1402   qa_get_.o
       232         26          8          0          0       1251   qa_lifo.o
       160         30          7          0          0       1028   qa_sub.o
         0          0         16          0          0        427   qep.o
       268         10          9          0          0       1291   qeq_fifo.o
       216         10          8          0          0       1122   qeq_get.o
        80          4          0          0          0        831   qeq_init.o
       204         14          7          0        132       3747   qf_act.o
       172         16          6          0          0       1028   qf_gc.o
       168         18          7          0          0       1155   qf_new.o
       100         12          8          4         60       1113   qf_pool.o
        12          4          0          8          0        931   qf_psini.o
       216         24          9          0          0       1233   qf_pspub.o
         0          0        195          0          0        533   qf_pwr2.o
       356         12          8          0         32       1710   qf_tick.o
       520         12          9          0          0       1420   qfsm_dis.o
       208         14         17          0          0       1298   qfsm_ini.o
      1312         20          9          0          0       2668   qhsm_dis.o
       344         16         17          0          0       1574   qhsm_ini.o
         4          0          0          0          0        683   qhsm_top.o
       160         10          3          2          9       1884   qk.o
         0          0          0          1          0        430   qk_mutex.o
       104         12          0          0          0        260   qk_port.o
       272         20          0          0          0       1214   qk_sched.o
       244         16          8          0          0       1355   qmp_get.o
       180          8          9          0          0       1254   qmp_init.o
       124          8          8          0          0       1061   qmp_put.o
       904          8          3          0         64      11362   qs.o
       608          6          0          0          0       2662   qs_.o
        44          4          0          0          0        809   qs_byte.o
       200          0          0          0          0       1546   qs_dict.o
       180          4          0          0          0       1232   qs_str.o
       168         12          8          0          0       1136   qte_arm.o
        52          4          9          0          0       1013   qte_ctor.o
       156          4          0          0          0        842   qte_darm.o
       384          4          0         24          0      12668   rf10.o
        72         26        304          0       1536        844   startup_stm32f10x_hd.o
       468         18          0          0          0       3739   stm32f10x_dma.o
       252         12          0          0          0       2203   stm32f10x_exti.o
      1048         22          0          0          0       7750   stm32f10x_flash.o
       620         16          0          0          0       5631   stm32f10x_gpio.o
       752         32          0         20          0       9168   stm32f10x_rcc.o
       684          4          0          0          0       6734   stm32f10x_spi.o
      2494         18          0          0          0      25752   stm32f10x_tim.o
       808         12          0          0          0       8307   stm32f10x_usart.o
       236         18          0          0          0       1097   system_stm32f10x.o
       220          8          0          9          0       1929   tl10.o

    ----------------------------------------------------------------------
     84788       9284       8067       1492      22479     731007   Object Totals
         0          0         32          0          0          0   (incl. Generated)
         4          0         21         17         23          0   (incl. Padding)

    ----------------------------------------------------------------------

      Code (inc. data)   RO Data    RW Data    ZI Data      Debug   Library Member Name

        44          6          0          0          0         84   __2sprintf.o
        90          0          0          0          0          0   __dczerorl2.o
         8          0          0          0          0         68   __main.o
       392          4         17          0          0         92   __printf_flags_ss_wp.o
        14          0          0          0          0         68   __printf_wp.o
         0          0          0          0          0          0   __rtentry.o
        12          0          0          0          0          0   __rtentry2.o
         6          0          0          0          0          0   __rtentry4.o
        52          8          0          0          0          0   __scatter.o
        28          0          0          0          0          0   __scatter_zi.o
        28          0          0          0          0         68   _chval.o
         0          0         12          0          0          0   _monlen.o
         6          0          0          0          0          0   _printf_a.o
         6          0          0          0          0          0   _printf_c.o
        44          0          0          0          0        108   _printf_char.o
        48          6          0          0          0         96   _printf_char_common.o
        40          0          0          0          0         68   _printf_charcount.o
         6          0          0          0          0          0   _printf_d.o
       120         16          0          0          0         92   _printf_dec.o
         6          0          0          0          0          0   _printf_e.o
         6          0          0          0          0          0   _printf_f.o
      1050          0          0          0          0        216   _printf_fp_dec.o
       764         10         38          0          0        100   _printf_fp_hex.o
       128         16          0          0          0         84   _printf_fp_infnan.o
         6          0          0          0          0          0   _printf_g.o
       148          4         40          0          0        160   _printf_hex_int_ll_ptr.o
         6          0          0          0          0          0   _printf_i.o
       178          0          0          0          0         88   _printf_intcommon.o
        10          0          0          0          0          0   _printf_l.o
         6          0          0          0          0          0   _printf_lc.o
        10          0          0          0          0          0   _printf_ll.o
         6          0          0          0          0          0   _printf_lld.o
         6          0          0          0          0          0   _printf_lli.o
         6          0          0          0          0          0   _printf_llo.o
         6          0          0          0          0          0   _printf_llu.o
         6          0          0          0          0          0   _printf_llx.o
       124         16          0          0          0         92   _printf_longlong_dec.o
         6          0          0          0          0          0   _printf_ls.o
         6          0          0          0          0          0   _printf_n.o
         6          0          0          0          0          0   _printf_o.o
       112          8          0          0          0        124   _printf_oct_int_ll.o
         6          0          0          0          0          0   _printf_p.o
        78          0          0          0          0        108   _printf_pad.o
         0          0          0          0          0          0   _printf_percent.o
         4          0          0          0          0          0   _printf_percent_end.o
         6          0          0          0          0          0   _printf_s.o
        82          0          0          0          0         80   _printf_str.o
        36          0          0          0          0         84   _printf_truncate.o
         6          0          0          0          0          0   _printf_u.o
        44          0          0          0          0        108   _printf_wchar.o
       188          6          8          0          0         92   _printf_wctomb.o
         6          0          0          0          0          0   _printf_x.o
        22          0          0          0          0        100   _rserrno.o
        64          0          0          0          0         84   _sgetc.o
        10          0          0          0          0         68   _sputc.o
       158          0          0          0          0         92   _strtoul.o
        64          0          0          0          0         92   _wcrtomb.o
        12          6          0          0         68         68   asctime.o
       104         30          0          0          0         88   asctime_internal.o
        26          0          0          0          0         80   atoi.o
       220          4        148          0          0         96   bigflt0.o
      2074        132          0          0          0        940   btod.o
        12          0          0          0          0         72   exit.o
         6          0          0          0          0        152   heapauxi.o
         0          0          0          0          0          0   indicate_semi.o
        18          0          0          0          0         76   isspace.o
        44         10        272          0          0         76   lc_ctype_c.o
        44         10         28          0          0         76   lc_numeric_c.o
        44         10        384          0          0         76   lc_time_c.o
         2          0          0          0          0          0   libinit.o
        40          0          0          0          0          0   libinit2.o
         2          0          0          0          0          0   libshutdown.o
         2          0          0          0          0          0   libshutdown2.o
         8          4          0          0         96         68   libspace.o
        38          0          0          0          0         68   llshl.o
       138          0          0          0          0         80   lludiv10.o
        12          6          0          0         44         68   localtime.o
       184          6          0          0          0         80   localtime_internal.o
        88          0          0          0          0         76   memcmp.o
       424         10          0          0          0        124   mktime.o
        16          4          0          0          0         76   rt_ctype_table.o
         8          4          0          0          0         68   rt_errno_addr_intlibspace.o
         8          4          0          0          0         68   rt_locale_intlibspace.o
        68          0          0          0          0         68   rt_memclr.o
        78          0          0          0          0         80   rt_memclr_w.o
       138          0          0          0          0         68   rt_memcpy_v6.o
       100          0          0          0          0         80   rt_memcpy_w.o
         2          0          0          0          0          0   rtexit.o
        10          0          0          0          0          0   rtexit2.o
      1188         12          0          0          0        148   scanf_fp.o
       792         14          0          0          0        100   scanf_hexfp.o
       308         16          0          0          0        100   scanf_infnan.o
        44          6          0          0          0         84   sprintf.o
        24          0          0          0          0         68   strcat.o
        20          0          0          0          0         68   strchr.o
       128          0          0          0          0         68   strcmpv7m.o
        72          0          0          0          0         80   strcpy.o
       142          0          0          0          0         84   strlcpy.o
        62          0          0          0          0         76   strlen.o
       150          0          0          0          0         80   strncmp.o
        86          0          0          0          0         76   strncpy.o
        36          0          0          0          0         80   strstr.o
       160         12          0          0          0        120   strtod.o
       112          0          0          0          0         88   strtol.o
        12          4          0          0          0         68   sys_exit.o
        74          0          0          0          0         80   sys_stackheap_outer.o
        30          0          0          0          0         76   toupper.o
         2          0          0          0          0         68   use_no_semi.o
        98          4          0          0          0         92   d2f.o
       826         16          0          0          0        348   daddsub_clz.o
        16          4          0          0          0         68   dcheck1.o
        24          0          0          0          0         68   dcmpi.o
       688        140          0          0          0        208   ddiv.o
       120          4          0          0          0         92   deqf.o
        94          4          0          0          0         92   dfix.o
        90          4          0          0          0         92   dfixu.o
        84          0          0          0          0        136   dflt_clz.o
       120          4          0          0          0         92   dleqf.o
       340         12          0          0          0        104   dmul.o
       156          4          0          0          0         92   dnaninf.o
        12          0          0          0          0         68   dretinf.o
       108          0          0          0          0         80   drleqf.o
       460         56          0          0          0        120   dsqrt_noumaal.o
        86          4          0          0          0         84   f2d.o
       450          8          0          0          0        236   faddsub_clz.o
        12          4          0          0          0         68   fcheck1.o
        24          0          0          0          0         68   fcmpi.o
        54          4          0          0          0         84   ffix.o
        62          4          0          0          0         84   ffixu.o
        38          0          0          0          0         68   fflt_clz.o
       104          4          0          0          0         84   fleqf.o
       258          4          0          0          0         84   fmul.o
       140          4          0          0          0         84   fnaninf.o
         0          0          8          0          0          0   fpconst.o
        10          0          0          0          0         68   fretinf.o
         4          0          0          0          0         68   printf1.o
         4          0          0          0          0         68   printf2.o
       100          0          0          0          0         68   retnan.o
        92          0          0          0          0         68   scalbn.o
        76          0          0          0          0         68   scalbnf.o
         4          0          0          0          0         68   scanf1.o
         8          0          0          0          0         84   scanf2.o
        48          0          0          0          0         68   trapv.o
         0          0          0          0          0          0   usenofp.o
        42          0          0          0          0         84   atof.o
       156          8          0          0          0        104   cos.o
       252         22         48          0          0        124   cos_i.o
        68         10          0          0          0        408   dunder.o
        40          0          0          0          0         68   fpclassify.o
        88          8          0          0          0         76   frexp.o
       138          0          0          0          0        160   ldexp.o
       152          4          0          0          0        168   narrow.o
       170          0          0          0          0         96   poly.o
      2488        190        136          0          0        300   pow.o
         0          0          8          0          0          0   qnan.o
       904         76        200          0          0        140   rred.o
       160         10          0          0          0        108   sin.o
       236         12         40          0          0        128   sin_i.o
        76          0          0          0          0         84   sqrt.o

    ----------------------------------------------------------------------
     21550       1032       1399          0        213      12372   Library Totals
        38          0         12          0          5          0   (incl. Padding)

    ----------------------------------------------------------------------

      Code (inc. data)   RO Data    RW Data    ZI Data      Debug   Library Name

     11732        404        947          0        208       7000   c_w.l
      4810        288          8          0          0       3324   fz_ws.l
      4970        340        432          0          0       2048   m_ws.l

    ----------------------------------------------------------------------
     21550       1032       1399          0        213      12372   Library Totals

    ----------------------------------------------------------------------

==============================================================================


      Code (inc. data)   RO Data    RW Data    ZI Data      Debug   

    106338      10316       9466       1492      22692     730687   Grand Totals
    106338      10316       9466        656      22692     730687   ELF Image Totals (compressed)
    106338      10316       9466        656          0          0   ROM Totals

==============================================================================

    Total RO  Size (Code + RO Data)               115804 ( 113.09kB)
    Total RW  Size (RW Data + ZI Data)             24184 (  23.62kB)
    Total ROM Size (Code + RO Data + RW Data)     116460 ( 113.73kB)

==============================================================================

