ARM Linker, 5.03 [Build 76] [MDK-ARM Professional][RL-ARM]

==============================================================================

Section Cross References

    startup_stm32f30x.o(STACK) refers (Special) to heapauxi.o(.text) for __use_two_region_memory
    startup_stm32f30x.o(HEAP) refers (Special) to heapauxi.o(.text) for __use_two_region_memory
    startup_stm32f30x.o(RESET) refers (Special) to heapauxi.o(.text) for __use_two_region_memory
    startup_stm32f30x.o(RESET) refers to startup_stm32f30x.o(STACK) for __initial_sp
    startup_stm32f30x.o(RESET) refers to startup_stm32f30x.o(.text) for Reset_Handler
    startup_stm32f30x.o(RESET) refers to main.o(.text) for HardFault_Handler
    startup_stm32f30x.o(RESET) refers to qk_port.o(.text) for SVC_Handler
    startup_stm32f30x.o(RESET) refers to bsp.o(.text) for SysTick_Handler
    startup_stm32f30x.o(RESET) refers to io.o(.text) for EXTI0_IRQHandler
    startup_stm32f30x.o(RESET) refers to modem_sim900.o(.text) for DMA1_Channel4_IRQHandler
    startup_stm32f30x.o(RESET) refers to nmea_parser.o(.text) for DMA1_Channel6_IRQHandler
    startup_stm32f30x.o(.text) refers (Special) to heapauxi.o(.text) for __use_two_region_memory
    startup_stm32f30x.o(.text) refers to system_stm32f30x.o(.text) for SystemInit
    startup_stm32f30x.o(.text) refers to __main.o(!!!main) for __main
    startup_stm32f30x.o(.text) refers to startup_stm32f30x.o(HEAP) for Heap_Mem
    startup_stm32f30x.o(.text) refers to startup_stm32f30x.o(STACK) for Stack_Mem
    main.o(.text) refers to io.o(.text) for Io_ctor
    main.o(.text) refers to control_new.o(.text) for Control_ctor
    main.o(.text) refers to nmea_parser.o(.text) for GpsParser_ctor
    main.o(.text) refers to modem.o(.text) for Modem_ctor
    main.o(.text) refers to modem_parser.o(.text) for Mparser_ctor
    main.o(.text) refers to nav_filter.o(.text) for NavFilter_ctor
    main.o(.text) refers to disk.o(.text) for Fdisk_ctor
    main.o(.text) refers to qk.o(.text) for QF_init
    main.o(.text) refers to bsp.o(.text) for Bsp_init
    main.o(.text) refers to qs_dict.o(.text) for QS_obj_dict
    main.o(.text) refers to qf_pool.o(.text) for QF_poolInit
    main.o(.text) refers to qf_psini.o(.text) for QF_psInit
    main.o(.text) refers to main.o(.bss) for .bss
    main.o(.text) refers to qs.o(.bss) for QS_priv_
    main.o(.text) refers to main.o(.constdata) for .constdata
    main.o(.text) refers to disk.o(.constdata) for AO_Disk
    main.o(.text) refers to control_new.o(.constdata) for AO_Control
    main.o(.text) refers to nav_filter.o(.constdata) for AO_NavFilter
    main.o(.text) refers to nmea_parser.o(.constdata) for AO_GpsParser
    main.o(.text) refers to modem_parser.o(.constdata) for AO_ModemParser
    main.o(.text) refers to modem.o(.constdata) for AO_Modem
    main.o(.text) refers to io.o(.constdata) for AO_Io
    bsp.o(.text) refers to strcpy.o(.text) for strcpy
    bsp.o(.text) refers to qs.o(.text) for QS_initBuf
    bsp.o(.text) refers to stm32f30x_gpio.o(.text) for GPIO_PinAFConfig
    bsp.o(.text) refers to stm32f30x_usart.o(.text) for USART_Init
    bsp.o(.text) refers to stm32f30x_rcc.o(.text) for RCC_GetClocksFreq
    bsp.o(.text) refers to system_stm32f30x.o(.text) for SystemInit
    bsp.o(.text) refers to ledindicator.o(.text) for LedIndicator_init
    bsp.o(.text) refers to stm32f30x_iwdg.o(.text) for IWDG_WriteAccessCmd
    bsp.o(.text) refers to qf_pspub.o(.text) for QF_publish
    bsp.o(.text) refers to qf_tick.o(.text) for QF_tickX
    bsp.o(.text) refers to qs_byte.o(.text) for QS_getByte
    bsp.o(.text) refers to bsp.o(.data) for .data
    bsp.o(.text) refers to bsp.o(.bss) for .bss
    bsp.o(.text) refers to main.o(.bss) for SysInfo
    bsp.o(.text) refers to bsp.o(.constdata) for .constdata
    bsp.o(.text) refers to qk.o(.data) for QK_intNest_
    bsp.o(.text) refers to main.o(.data) for watch_flag
    config.o(.text) refers to _printf_percent.o(.ARM.Collect$$_printf_percent$$00000000) for _printf_percent
    config.o(.text) refers to _printf_s.o(.ARM.Collect$$_printf_percent$$00000014) for _printf_s
    config.o(.text) refers to _printf_str.o(.text) for _printf_str
    config.o(.text) refers to _printf_u.o(.ARM.Collect$$_printf_percent$$0000000A) for _printf_u
    config.o(.text) refers to _printf_dec.o(.text) for _printf_int_dec
    config.o(.text) refers to rt_ctype_table.o(.text) for __rt_ctype_table
    config.o(.text) refers to toupper.o(.text) for toupper
    config.o(.text) refers to strcmpv7m.o(.text) for strcmp
    config.o(.text) refers to atoi.o(.text) for atoi
    config.o(.text) refers to strlcpy.o(.text) for strlcpy
    config.o(.text) refers to modem.o(.bss) for parser_sms_answer
    config.o(.text) refers to config.o(.bss) for .bss
    config.o(.text) refers to strncpy.o(.text) for strncpy
    config.o(.text) refers to __2sprintf.o(.text) for __2sprintf
    config.o(.text) refers to qs.o(.text) for QS_beginRec
[...]
    ReadByteFromBuf1                         0x0802d75d   Thumb Code    60  at45db.o(.text)
    ReadByteFromBuf2                         0x0802d799   Thumb Code    60  at45db.o(.text)
    ReadNbytesFromBuf1                       0x0802d7d5   Thumb Code    84  at45db.o(.text)
    ReadNbytesFromBuf2                       0x0802d829   Thumb Code    82  at45db.o(.text)
    ReadPageToBuf1                           0x0802d87b   Thumb Code    50  at45db.o(.text)
    ReadPageToBuf2                           0x0802d8ad   Thumb Code    50  at45db.o(.text)
    ReadPageDirect                           0x0802d8df   Thumb Code   102  at45db.o(.text)
    WriteBuf2ToPageWithErase                 0x0802d945   Thumb Code    50  at45db.o(.text)
    FillBuf1                                 0x0802d977   Thumb Code    68  at45db.o(.text)
    WritePageImageToBuf2                     0x0802d9bb   Thumb Code    70  at45db.o(.text)
    WriteBuf2ToPage                          0x0802da01   Thumb Code    50  at45db.o(.text)
    Buf1ComparePage                          0x0802da33   Thumb Code    50  at45db.o(.text)
    Buf2ComparePage                          0x0802da65   Thumb Code    50  at45db.o(.text)
    ErasingPage                              0x0802da97   Thumb Code    66  at45db.o(.text)
    ErasingBlock                             0x0802dad9   Thumb Code    48  at45db.o(.text)
    ErasingSector0A                          0x0802db09   Thumb Code    42  at45db.o(.text)
    ErasingSector0B                          0x0802db33   Thumb Code    44  at45db.o(.text)
    ErasingNonZeroSector                     0x0802db5f   Thumb Code    52  at45db.o(.text)
    FM25_CS_init                             0x0802db99   Thumb Code    44  fm25cl64.o(.text)
    FM25_WriteEnableStatusReg                0x0802dbf5   Thumb Code    54  fm25cl64.o(.text)
    FM25_ReadStatusRegister                  0x0802dc2b   Thumb Code    80  fm25cl64.o(.text)
    FM25_ReadByte                            0x0802dc7b   Thumb Code    40  fm25cl64.o(.text)
    FM25CL64_ReadWord                        0x0802dca3   Thumb Code    82  fm25cl64.o(.text)
    FM25_ReadArray                           0x0802dcf5   Thumb Code    68  fm25cl64.o(.text)
    FM25_WriteStatusRegister                 0x0802dd39   Thumb Code    84  fm25cl64.o(.text)
    FM25_WriteByte                           0x0802dd8d   Thumb Code    54  fm25cl64.o(.text)
    FM25CL64_WriteWord                       0x0802ddc3   Thumb Code    78  fm25cl64.o(.text)
    FM25_WriteArray                          0x0802de11   Thumb Code    72  fm25cl64.o(.text)
    FM25_FillPattern                         0x0802de59   Thumb Code    64  fm25cl64.o(.text)
    CopyFramPointsRingBufImageToRam          0x0802dec9   Thumb Code    72  framringbuf.o(.text)
    WriteFramPointsRingBufImageToFram        0x0802df11   Thumb Code   104  framringbuf.o(.text)
    FramRingBuf_Init                         0x0802df79   Thumb Code    60  framringbuf.o(.text)
    FramRingBuf_Format                       0x0802dfb5   Thumb Code    20  framringbuf.o(.text)
    FramRingBuf_AddToHead                    0x0802dfc9   Thumb Code   132  framringbuf.o(.text)
    FramRingBuf_GetFromTail                  0x0802e04d   Thumb Code   116  framringbuf.o(.text)
    FramRingBuf_GetFromHead                  0x0802e0c1   Thumb Code   128  framringbuf.o(.text)
    FramRingBuf_CopyPointsFromTailToSendBuf  0x0802e141   Thumb Code   168  framringbuf.o(.text)
    FramRingBuf_CopyPoint                    0x0802e1e9   Thumb Code   108  framringbuf.o(.text)
    FramRingBuf_GetFromTailToFlashBuf        0x0802e255   Thumb Code   182  framringbuf.o(.text)
    FramRingBuf_UnlockPointsToSend           0x0802e30b   Thumb Code    54  framringbuf.o(.text)
    FramRingBuf_DeletePointsToSend           0x0802e341   Thumb Code   110  framringbuf.o(.text)
    FramRingBuf_size_used                    0x0802e3af   Thumb Code     8  framringbuf.o(.text)
    FramRingBuf_size_to_send                 0x0802e3b7   Thumb Code     8  framringbuf.o(.text)
    FramRingBuf_size_to_flash                0x0802e3bf   Thumb Code    14  framringbuf.o(.text)
    ConfigReadWriteRS485                     0x0802e771   Thumb Code    86  disk.o(.text)
    ConfigReadWriteSim                       0x0802e7c7   Thumb Code   316  disk.o(.text)
    Fdisk_ctor                               0x0802ff8f   Thumb Code    44  disk.o(.text)
    Io_ctor                                  0x080309b3   Thumb Code    76  io.o(.text)
    TIM7_IRQHandler                          0x080309ff   Thumb Code    22  io.o(.text)
    USART3_IRQHandler                        0x08030a15   Thumb Code   332  io.o(.text)
    DIN_init                                 0x08030b61   Thumb Code    28  io.o(.text)
    EXTI0_IRQHandler                         0x08030b7d   Thumb Code    16  io.o(.text)
    __COMP_init                              0x08030b8d   Thumb Code   146  io.o(.text)
    TIM1_UP_TIM16_IRQHandler                 0x08030c1f   Thumb Code    80  io.o(.text)
    CalcCrc8                                 0x08030e19   Thumb Code    28  crc8.o(.text)
    Indicator_ports_init                     0x08030e39   Thumb Code   118  ledindicator.o(.text)
    LedIndicator_init                        0x08030eaf   Thumb Code    42  ledindicator.o(.text)
    LedIndicator                             0x080312d5   Thumb Code   142  ledindicator.o(.text)
    Control_ctor                             0x0803264b   Thumb Code    30  control_new.o(.text)
    EpsilonReadData_tx_handler               0x080326f5   Thumb Code    54  epsilon.o(.text)
    EpsilonReadData_rx_handler               0x0803272b   Thumb Code    82  epsilon.o(.text)
    EpsilonWriteAddr_tx_handler              0x0803277d   Thumb Code    60  epsilon.o(.text)
    EpsilonWriteAddr_rx_handler              0x080327b9   Thumb Code    38  epsilon.o(.text)
    GpsParser_ctor                           0x08033c83   Thumb Code     8  nmea_parser.o(.text)
    DMA1_Channel6_IRQHandler                 0x08033c8b   Thumb Code   138  nmea_parser.o(.text)
    DegrToRad                                0x08034219   Thumb Code    36  nav_filter.o(.text)
    NavFilter_ctor                           0x0803507b   Thumb Code     8  nav_filter.o(.text)
    LSM303DLHC_TIMEOUT_UserCallback          0x08035083   Thumb Code     4  nav_filter.o(.text)
    RF10ReadCardId_tx_handler                0x080350f9   Thumb Code    54  rf10.o(.text)
    RF10ReadCardId_rx_handler                0x0803512f   Thumb Code   126  rf10.o(.text)
    RF10Rele_tx_handler                      0x080351ad   Thumb Code    60  rf10.o(.text)
    RF10Rele_rx_handler                      0x080351e9   Thumb Code    32  rf10.o(.text)
    RF10WriteAddr_tx_handler                 0x08035209   Thumb Code    60  rf10.o(.text)
    RF10WriteAddr_rx_handler                 0x08035245   Thumb Code    46  rf10.o(.text)
    TL10ReadId_tx_handler                    0x08035279   Thumb Code    54  tl10.o(.text)
    TL10ReadId_rx_handler                    0x080352af   Thumb Code    58  tl10.o(.text)
    TL10WriteAddr_tx_handler                 0x080352e9   Thumb Code    60  tl10.o(.text)
    TL10WriteAddr_rx_handler                 0x08035325   Thumb Code    38  tl10.o(.text)
    crc16_teltonika                          0x08035355   Thumb Code    46  crc16_teltonika.o(.text)
    __rt_ctype_table                         0x08035385   Thumb Code    16  rt_ctype_table.o(.text)
    toupper                                  0x08035395   Thumb Code    30  toupper.o(.text)
    __2sprintf                               0x080353b5   Thumb Code    38  __2sprintf.o(.text)
    _printf_pre_padding                      0x080353e1   Thumb Code    46  _printf_pad.o(.text)
    _printf_post_padding                     0x0803540f   Thumb Code    36  _printf_pad.o(.text)
    _printf_str                              0x08035433   Thumb Code    82  _printf_str.o(.text)
    _printf_int_dec                          0x08035485   Thumb Code   102  _printf_dec.o(.text)
    _printf_longlong_hex                     0x080354fd   Thumb Code    92  _printf_hex_int_ll_ptr.o(.text)
    _printf_int_hex                          0x08035559   Thumb Code    28  _printf_hex_int_ll_ptr.o(.text)
    _printf_ll_hex                           0x08035575   Thumb Code    12  _printf_hex_int_ll_ptr.o(.text)
    _printf_hex_ptr                          0x08035581   Thumb Code    18  _printf_hex_int_ll_ptr.o(.text)
    __printf                                 0x08035599   Thumb Code   390  __printf_flags_ss_wp.o(.text)
    atoi                                     0x08035725   Thumb Code    26  atoi.o(.text)
    strchr                                   0x0803573f   Thumb Code    20  strchr.o(.text)
    strstr                                   0x08035753   Thumb Code    36  strstr.o(.text)
    strlcpy                                  0x08035777   Thumb Code   140  strlcpy.o(.text)
    memcmp                                   0x08035803   Thumb Code    88  memcmp.o(.text)
    strcpy                                   0x0803585b   Thumb Code    72  strcpy.o(.text)
    strlen                                   0x080358a3   Thumb Code    62  strlen.o(.text)
    strncmp                                  0x080358e1   Thumb Code   150  strncmp.o(.text)
    strcat                                   0x08035977   Thumb Code    24  strcat.o(.text)
    __aeabi_memcpy                           0x0803598f   Thumb Code     0  rt_memcpy_v6.o(.text)
    __rt_memcpy                              0x0803598f   Thumb Code   138  rt_memcpy_v6.o(.text)
    _memcpy_lastbytes                        0x080359f5   Thumb Code     0  rt_memcpy_v6.o(.text)
    __aeabi_memcpy4                          0x08035a19   Thumb Code     0  rt_memcpy_w.o(.text)
    __aeabi_memcpy8                          0x08035a19   Thumb Code     0  rt_memcpy_w.o(.text)
    __rt_memcpy_w                            0x08035a19   Thumb Code   100  rt_memcpy_w.o(.text)
    _memcpy_lastbytes_aligned                0x08035a61   Thumb Code     0  rt_memcpy_w.o(.text)
    __aeabi_memclr                           0x08035a7d   Thumb Code     0  rt_memclr.o(.text)
    __rt_memclr                              0x08035a7d   Thumb Code    68  rt_memclr.o(.text)
    _memset                                  0x08035a81   Thumb Code     0  rt_memclr.o(.text)
    __aeabi_memclr4                          0x08035ac1   Thumb Code     0  rt_memclr_w.o(.text)
    __aeabi_memclr8                          0x08035ac1   Thumb Code     0  rt_memclr_w.o(.text)
    __rt_memclr_w                            0x08035ac1   Thumb Code    78  rt_memclr_w.o(.text)
    _memset_w                                0x08035ac5   Thumb Code     0  rt_memclr_w.o(.text)
    strncpy                                  0x08035b0f   Thumb Code    86  strncpy.o(.text)
    strcmp                                   0x08035b65   Thumb Code   128  strcmpv7m.o(.text)
    asctime                                  0x08035be5   Thumb Code     6  asctime.o(.text)
    localtime                                0x08035bf1   Thumb Code     6  localtime.o(.text)
    mktime                                   0x08035c33   Thumb Code   358  mktime.o(.text)
    __use_two_region_memory                  0x08035da1   Thumb Code     2  heapauxi.o(.text)
    __rt_heap_escrow$2region                 0x08035da3   Thumb Code     2  heapauxi.o(.text)
    __rt_heap_expand$2region                 0x08035da5   Thumb Code     2  heapauxi.o(.text)
    __rt_locale                              0x08035da9   Thumb Code     8  rt_locale_intlibspace.o(.text)
    __aeabi_errno_addr                       0x08035db1   Thumb Code     8  rt_errno_addr_intlibspace.o(.text)
    __errno$intlibspace                      0x08035db1   Thumb Code     0  rt_errno_addr_intlibspace.o(.text)
    __rt_errno_addr$intlibspace              0x08035db1   Thumb Code     0  rt_errno_addr_intlibspace.o(.text)
    __read_errno                             0x08035db9   Thumb Code    10  _rserrno.o(.text)
    __set_errno                              0x08035dc3   Thumb Code    12  _rserrno.o(.text)
    _printf_int_common                       0x08035dcf   Thumb Code   184  _printf_intcommon.o(.text)
    __lib_sel_fp_printf                      0x08035e87   Thumb Code     2  _printf_fp_dec.o(.text)
    _printf_fp_dec_real                      0x08036033   Thumb Code   628  _printf_fp_dec.o(.text)
    _printf_char_common                      0x080362b3   Thumb Code    32  _printf_char_common.o(.text)
    _sputc                                   0x080362d9   Thumb Code    10  _sputc.o(.text)
    _printf_cs_common                        0x080362e3   Thumb Code    20  _printf_char.o(.text)
    _printf_char                             0x080362f7   Thumb Code    16  _printf_char.o(.text)
    _printf_string                           0x08036307   Thumb Code     8  _printf_char.o(.text)
    __strtod_int                             0x0803634d   Thumb Code    88  strtod.o(.text)
    strtol                                   0x080363b1   Thumb Code   112  strtol.o(.text)
    _asctime_r                               0x08036421   Thumb Code    74  asctime_internal.o(.text)
    _n$asctime_r                             0x08036421   Thumb Code     0  asctime_internal.o(.text)
    _localtime_r                             0x08036489   Thumb Code   158  localtime_internal.o(.text)
    _n$localtime_r                           0x08036489   Thumb Code     0  localtime_internal.o(.text)
    __user_libspace                          0x0803652d   Thumb Code     8  libspace.o(.text)
    __user_perproc_libspace                  0x0803652d   Thumb Code     0  libspace.o(.text)
    __user_perthread_libspace                0x0803652d   Thumb Code     0  libspace.o(.text)
    _ll_udiv10                               0x08036535   Thumb Code   138  lludiv10.o(.text)
    isspace                                  0x080365bf   Thumb Code    18  isspace.o(.text)
    sprintf                                  0x080365d1   Thumb Code    38  sprintf.o(.text)
    _printf_fp_infnan                        0x080365fd   Thumb Code   112  _printf_fp_infnan.o(.text)
    _sgetc                                   0x0803667d   Thumb Code    30  _sgetc.o(.text)
    _sbackspace                              0x0803669b   Thumb Code    34  _sgetc.o(.text)
    _strtoul                                 0x080366bd   Thumb Code   158  _strtoul.o(.text)
    _btod_etento                             0x0803675d   Thumb Code   222  bigflt0.o(.text)
    __user_setup_stackheap                   0x08036841   Thumb Code    74  sys_stackheap_outer.o(.text)
    _printf_truncate_signed                  0x0803688b   Thumb Code    18  _printf_truncate.o(.text)
    _printf_truncate_unsigned                0x0803689d   Thumb Code    18  _printf_truncate.o(.text)
    _printf_charcount                        0x080368af   Thumb Code    42  _printf_charcount.o(.text)
    _printf_wctomb                           0x080368d9   Thumb Code   182  _printf_wctomb.o(.text)
    _printf_longlong_dec                     0x08036995   Thumb Code   104  _printf_longlong_dec.o(.text)
    _printf_longlong_oct                     0x08036a0d   Thumb Code    76  _printf_oct_int_ll.o(.text)
    _printf_int_oct                          0x08036a59   Thumb Code    24  _printf_oct_int_ll.o(.text)
    _printf_ll_oct                           0x08036a71   Thumb Code    12  _printf_oct_int_ll.o(.text)
    _chval                                   0x08036a85   Thumb Code    28  _chval.o(.text)
    _scanf_really_real                       0x08036c99   Thumb Code   672  scanf_fp.o(.text)
    exit                                     0x08036f45   Thumb Code    12  exit.o(.text)
    _printf_fp_hex_real                      0x08036f51   Thumb Code   760  _printf_fp_hex.o(.text)
    _printf_lcs_common                       0x08037251   Thumb Code    20  _printf_wchar.o(.text)
    _printf_wchar                            0x08037265   Thumb Code    16  _printf_wchar.o(.text)
    _printf_wstring                          0x08037275   Thumb Code     8  _printf_wchar.o(.text)
    _wcrtomb                                 0x0803727d   Thumb Code    64  _wcrtomb.o(.text)
    _scanf_really_hex_real                   0x080372bd   Thumb Code   776  scanf_hexfp.o(.text)
    _scanf_really_infnan                     0x080375d1   Thumb Code   298  scanf_infnan.o(.text)
    _sys_exit                                0x0803770d   Thumb Code     8  sys_exit.o(.text)
    __I$use$semihosting                      0x08037719   Thumb Code     0  use_no_semi.o(.text)
    __use_no_semihosting_swi                 0x08037719   Thumb Code     2  use_no_semi.o(.text)
    __aeabi_llsl                             0x0803771b   Thumb Code     0  llshl.o(.text)
    __semihosting_library_function           0x0803771b   Thumb Code     0  indicate_semi.o(.text)
    _ll_shift_l                              0x0803771b   Thumb Code    38  llshl.o(.text)
    _btod_d2e                                0x08037741   Thumb Code    62  btod.o(CL$$btod_d2e)
    _d2e_denorm_low                          0x0803777f   Thumb Code    70  btod.o(CL$$btod_d2e_denorm_low)
    _d2e_norm_op1                            0x080377c5   Thumb Code    96  btod.o(CL$$btod_d2e_norm_op1)
    __btod_div_common                        0x08037825   Thumb Code   696  btod.o(CL$$btod_div_common)
    _e2d                                     0x08037b5d   Thumb Code    80  btod.o(CL$$btod_e2d)
    _e2e                                     0x08037bb1   Thumb Code   198  btod.o(CL$$btod_e2e)
    _btod_ediv                               0x08037c77   Thumb Code    40  btod.o(CL$$btod_ediv)
    _btod_edivd                              0x08037c9f   Thumb Code    40  btod.o(CL$$btod_edivd)
    _btod_emul                               0x08037cc7   Thumb Code    40  btod.o(CL$$btod_emul)
    _btod_emuld                              0x08037cef   Thumb Code    40  btod.o(CL$$btod_emuld)
    __btod_mult_common                       0x08037d17   Thumb Code   580  btod.o(CL$$btod_mult_common)
    __ARM_fpclassify                         0x08037f5b   Thumb Code    48  fpclassify.o(i.__ARM_fpclassify)
    __hardfp_atof                            0x08037f91   Thumb Code    44  atof.o(i.__hardfp_atof)
    __hardfp_cos                             0x08037fc9   Thumb Code   200  cos.o(i.__hardfp_cos)
    __hardfp_ldexp                           0x080380a1   Thumb Code   216  ldexp.o(i.__hardfp_ldexp)
    __hardfp_pow                             0x08038189   Thumb Code  3132  pow.o(i.__hardfp_pow)
    __hardfp_sin                             0x08038e19   Thumb Code   200  sin.o(i.__hardfp_sin)
    __hardfp_sqrt                            0x08038ef1   Thumb Code   122  sqrt.o(i.__hardfp_sqrt)
    __ieee754_rem_pio2                       0x08038f71   Thumb Code   972  rred.o(i.__ieee754_rem_pio2)
    __kernel_cos                             0x080393c9   Thumb Code   322  cos_i.o(i.__kernel_cos)
    __kernel_poly                            0x08039539   Thumb Code   248  poly.o(i.__kernel_poly)
    __kernel_sin                             0x08039631   Thumb Code   280  sin_i.o(i.__kernel_sin)
    __mathlib_dbl_underflow                  0x08039761   Thumb Code    24  dunder.o(i.__mathlib_dbl_underflow)
    __mathlib_narrow                         0x08039781   Thumb Code   166  narrow.o(i.__mathlib_narrow)
    __support_ldexp                          0x08039839   Thumb Code    20  ldexp.o(i.__support_ldexp)
    _is_digit                                0x0803984d   Thumb Code    14  __printf_wp.o(i._is_digit)
    fabs                                     0x0803985b   Thumb Code    32  fabs.o(i.fabs)
    frexp                                    0x08039881   Thumb Code   134  frexp.o(i.frexp)
    sqrt                                     0x0803991d   Thumb Code   110  sqrt.o(i.sqrt)
    _get_lc_ctype                            0x0803998d   Thumb Code    44  lc_ctype_c.o(locale$$code)
    _get_lc_numeric                          0x080399b9   Thumb Code    44  lc_numeric_c.o(locale$$code)
    _get_lc_time                             0x080399e5   Thumb Code    44  lc_time_c.o(locale$$code)
    __aeabi_dneg                             0x08039a11   Thumb Code     0  basic.o(x$fpl$basic)
    _dneg                                    0x08039a11   Thumb Code     6  basic.o(x$fpl$basic)
    __aeabi_fneg                             0x08039a17   Thumb Code     0  basic.o(x$fpl$basic)
    _fneg                                    0x08039a17   Thumb Code     6  basic.o(x$fpl$basic)
    _dabs                                    0x08039a1d   Thumb Code     6  basic.o(x$fpl$basic)
    _fabs                                    0x08039a23   Thumb Code     6  basic.o(x$fpl$basic)
    __aeabi_d2f                              0x08039a29   Thumb Code     0  d2f.o(x$fpl$d2f)
    _d2f                                     0x08039a29   Thumb Code    98  d2f.o(x$fpl$d2f)
    __aeabi_dadd                             0x08039a8d   Thumb Code     0  daddsub_clz.o(x$fpl$dadd)
    _dadd                                    0x08039a8d   Thumb Code   332  daddsub_clz.o(x$fpl$dadd)
    __fpl_dcheck_NaN1                        0x08039bdd   Thumb Code    10  dcheck1.o(x$fpl$dcheck1)
    __fpl_dcmp_Inf                           0x08039bed   Thumb Code    24  dcmpi.o(x$fpl$dcmpinf)
    __aeabi_ddiv                             0x08039c05   Thumb Code     0  ddiv.o(x$fpl$ddiv)
    _ddiv                                    0x08039c05   Thumb Code   552  ddiv.o(x$fpl$ddiv)
    __aeabi_cdcmpeq                          0x08039eb5   Thumb Code     0  deqf.o(x$fpl$deqf)
    _dcmpeq                                  0x08039eb5   Thumb Code   120  deqf.o(x$fpl$deqf)
    __aeabi_d2iz                             0x08039f2d   Thumb Code     0  dfix.o(x$fpl$dfix)
    _dfix                                    0x08039f2d   Thumb Code    94  dfix.o(x$fpl$dfix)
    __aeabi_d2uiz                            0x08039f8d   Thumb Code     0  dfixu.o(x$fpl$dfixu)
    _dfixu                                   0x08039f8d   Thumb Code    90  dfixu.o(x$fpl$dfixu)
    __aeabi_i2d                              0x08039fe7   Thumb Code     0  dflt_clz.o(x$fpl$dflt)
    _dflt                                    0x08039fe7   Thumb Code    46  dflt_clz.o(x$fpl$dflt)
    __aeabi_ui2d                             0x0803a015   Thumb Code     0  dflt_clz.o(x$fpl$dfltu)
    _dfltu                                   0x0803a015   Thumb Code    38  dflt_clz.o(x$fpl$dfltu)
    __aeabi_cdcmple                          0x0803a03d   Thumb Code     0  dleqf.o(x$fpl$dleqf)
    _dcmple                                  0x0803a03d   Thumb Code   120  dleqf.o(x$fpl$dleqf)
    __fpl_dcmple_InfNaN                      0x0803a09f   Thumb Code     0  dleqf.o(x$fpl$dleqf)
    __aeabi_dmul                             0x0803a0b5   Thumb Code     0  dmul.o(x$fpl$dmul)
    _dmul                                    0x0803a0b5   Thumb Code   332  dmul.o(x$fpl$dmul)
    __fpl_dnaninf                            0x0803a209   Thumb Code   156  dnaninf.o(x$fpl$dnaninf)
    __fpl_dretinf                            0x0803a2a5   Thumb Code    12  dretinf.o(x$fpl$dretinf)
    __aeabi_cdrcmple                         0x0803a2b1   Thumb Code     0  drleqf.o(x$fpl$drleqf)
    _drcmple                                 0x0803a2b1   Thumb Code   108  drleqf.o(x$fpl$drleqf)
    __aeabi_drsub                            0x0803a31d   Thumb Code     0  daddsub_clz.o(x$fpl$drsb)
    _drsb                                    0x0803a31d   Thumb Code    22  daddsub_clz.o(x$fpl$drsb)
    _dsqrt                                   0x0803a335   Thumb Code   404  dsqrt_umaal.o(x$fpl$dsqrt)
    __aeabi_dsub                             0x0803a4cd   Thumb Code     0  daddsub_clz.o(x$fpl$dsub)
    _dsub                                    0x0803a4cd   Thumb Code   464  daddsub_clz.o(x$fpl$dsub)
    __aeabi_f2d                              0x0803a6a1   Thumb Code     0  f2d.o(x$fpl$f2d)
    _f2d                                     0x0803a6a1   Thumb Code    86  f2d.o(x$fpl$f2d)
    __fpl_fnaninf                            0x0803a6f7   Thumb Code   140  fnaninf.o(x$fpl$fnaninf)
    _fp_init                                 0x0803a783   Thumb Code    10  fpinit.o(x$fpl$fpinit)
    __fplib_config_fpu_vfp                   0x0803a78b   Thumb Code     0  fpinit.o(x$fpl$fpinit)
    __fplib_config_pureend_doubles           0x0803a78b   Thumb Code     0  fpinit.o(x$fpl$fpinit)
    __fpl_fretinf                            0x0803a78d   Thumb Code    10  fretinf.o(x$fpl$fretinf)
    _printf_fp_dec                           0x0803a797   Thumb Code     4  printf1.o(x$fpl$printf1)
    _printf_fp_hex                           0x0803a79b   Thumb Code     4  printf2.o(x$fpl$printf2)
    __fpl_return_NaN                         0x0803a79f   Thumb Code   100  retnan.o(x$fpl$retnan)
    __ARM_scalbn                             0x0803a803   Thumb Code    92  scalbn.o(x$fpl$scalbn)
    _scanf_real                              0x0803a85f   Thumb Code     4  scanf1.o(x$fpl$scanf1)
    _scanf_hex_real                          0x0803a863   Thumb Code     4  scanf2.o(x$fpl$scanf2)
    _scanf_infnan                            0x0803a867   Thumb Code     4  scanf2.o(x$fpl$scanf2)
    __fpl_cmpreturn                          0x0803a86b   Thumb Code    48  trapv.o(x$fpl$trapveneer)
    FwVer                                    0x0803a89a   Data           2  main.o(.constdata)
    __I$use$fp                               0x0803a89a   Number         0  usenofp.o(x$fpl$usenofp)
    config_gprs_default                      0x0803a8c2   Data         212  config.o(.constdata)
    config_server_default                    0x0803a996   Data          74  config.o(.constdata)
    Crc32EthTable                            0x0803a9e4   Data        1024  crc32.o(.constdata)
    mpbCRCHi                                 0x0803ade4   Data         256  crc16.o(.constdata)
    mpbCRCLo                                 0x0803aee4   Data         256  crc16.o(.constdata)
    AO_Modem                                 0x0803afe4   Data           4  modem.o(.constdata)
    AO_ModemParser                           0x0803b60c   Data           4  modem_parser.o(.constdata)
    QF_pwr2Lkup                              0x0803bb72   Data          65  qf_pwr2.o(.constdata)
    QF_invPwr2Lkup                           0x0803bbb3   Data          65  qf_pwr2.o(.constdata)
    QF_div8Lkup                              0x0803bbf4   Data          65  qf_pwr2.o(.constdata)
    QEP_reservedEvt_                         0x0803bc6e   Data          16  qep.o(.constdata)
    AO_Disk                                  0x0803bcc0   Data           4  disk.o(.constdata)
    DiskSaveConfigEvt                        0x0803bcc4   Data           4  disk.o(.constdata)
    AO_Io                                    0x0803bdec   Data           4  io.o(.constdata)
    crc_table                                0x0803be41   Data         256  crc8.o(.constdata)
    AO_Control                               0x0803bf44   Data           4  control_new.o(.constdata)
    CtrlRebootEvt                            0x0803bf48   Data           4  control_new.o(.constdata)
    AO_GpsParser                             0x0803c0e0   Data           4  nmea_parser.o(.constdata)
    AO_NavFilter                             0x0803c124   Data           4  nav_filter.o(.constdata)
    _monlen                                  0x0803c268   Data          12  _monlen.o(.constdata)
    __mathlib_zero                           0x0803c2a8   Data           8  qnan.o(.constdata)
    Region$$Table$$Base                      0x0803c8c8   Number         0  anon$$obj.o(Region$$Table)
    Region$$Table$$Limit                     0x0803c8e8   Number         0  anon$$obj.o(Region$$Table)
    __aeabi_HUGE_VAL                         0x0803c8e8   Data           0  fpconst.o(c$$dinf)
    __aeabi_HUGE_VALL                        0x0803c8e8   Data           0  fpconst.o(c$$dinf)
    __aeabi_INFINITY                         0x0803c8e8   Data           0  fpconst.o(c$$dinf)
    __dInf                                   0x0803c8e8   Data           0  fpconst.o(c$$dinf)
    __huge_val                               0x0803c8e8   Data           0  fpconst.o(c$$dinf)
    __ctype                                  0x0803c8fd   Data           0  lc_ctype_c.o(locale$$data)
    watch_flag                               0x20000000   Data           4  main.o(.data)
    QS_tickTime_                             0x20000008   Data           4  bsp.o(.data)
    QS_tickPeriod_                           0x2000000c   Data           4  bsp.o(.data)
    line_num                                 0x20000010   Data           4  bsp.o(.data)
    sms_cmd_tbl                              0x20000014   Data         696  config.o(.data)
    gprs_ptr                                 0x200002d0   Data           4  config.o(.data)
    SystemCoreClock                          0x200002d4   Data           4  system_stm32f30x.o(.data)
    AHBPrescTable                            0x200002d8   Data          16  system_stm32f30x.o(.data)
    bCRCHi                                   0x200002e8   Data           1  crc16.o(.data)
    bCRCLo                                   0x200002e9   Data           1  crc16.o(.data)
    GsmState                                 0x20000314   Data           1  modem.o(.data)
    GprsState                                0x20000315   Data           1  modem.o(.data)
    ServerState                              0x20000316   Data           1  modem.o(.data)
    msg_tbl                                  0x20000324   Data         352  modem_parser.o(.data)
    debug_ptr2                               0x20000490   Data           4  modem_sim900.o(.data)
    debug_size                               0x20000494   Data           4  modem_sim900.o(.data)
    debug_ptr                                0x200004b0   Data           4  qa_fifo.o(.data)
    QF_maxPool_                              0x200004b4   Data           4  qf_pool.o(.data)
    QF_subscrList_                           0x200004b8   Data           4  qf_psini.o(.data)
    QF_maxSignal_                            0x200004bc   Data           4  qf_psini.o(.data)
    QK_currPrio_                             0x200004c0   Data           1  qk.o(.data)
    QK_intNest_                              0x200004c1   Data           1  qk.o(.data)
    QK_ceilingPrio_                          0x200004c2   Data           1  qk_mutex.o(.data)
    debug_id                                 0x200004d6   Data           1  disk.o(.data)
    debug_din                                0x200004d7   Data           1  disk.o(.data)
    write_point_angle_evt_flag               0x200004d8   Data           4  disk.o(.data)
    debug_data_arr                           0x200004dc   Data           8  disk.o(.data)
    RS485State                               0x200004ec   Data           1  io.o(.data)
    polling_sensor                           0x200004ee   Data           1  io.o(.data)
    sensors_in_config                        0x200004ef   Data           1  io.o(.data)
    debug_dev                                0x200004f0   Data           1  io.o(.data)
    perx_counter                             0x200004f4   Data           4  io.o(.data)
    TxIndex                                  0x200004f8   Data           4  io.o(.data)
    RxIndex                                  0x200004fc   Data           4  io.o(.data)
    ind_flag                                 0x2000051c   Data           4  ledindicator.o(.data)
    fm_ptr                                   0x20000520   Data           4  control_new.o(.data)
    Epsilon_cmd_table                        0x20000548   Data          16  epsilon.o(.data)
    debug_sensor_id                          0x20000590   Data           1  nav_filter.o(.data)
    not_event_debug_card_id                  0x200005a0   Data           5  nav_filter.o(.data)
    RF10_cmd_table                           0x200005b0   Data          24  rf10.o(.data)
    TL10_cmd_table                           0x200005c8   Data           8  tl10.o(.data)
    SysInfo                                  0x200008a4   Data          68  main.o(.bss)
    conf_nav_filter                          0x200010e8   Data           9  config.o(.bss)
    conf_rs485_sensor                        0x200010f1   Data          36  config.o(.bss)
    conf                                     0x20001115   Data         368  config.o(.bss)
    send_sms                                 0x200012c4   Data         170  modem.o(.bss)
    parser_sms_answer                        0x200014c4   Data          12  modem.o(.bss)
    modem_state_history                      0x200014d0   Data          20  modem.o(.bss)
    QF_active_                               0x200025bc   Data         132  qf_act.o(.bss)
    QF_pool_                                 0x20002640   Data          60  qf_pool.o(.bss)
    QF_timeEvtHead_                          0x2000267c   Data          32  qf_tick.o(.bss)
    QK_readySet_                             0x2000269c   Data           9  qk.o(.bss)
    QS_priv_                                 0x200026a8   Data          64  qs.o(.bss)
    send_pack_buf                            0x200033b4   Data        1000  disk.o(.bss)
    flash_disk_image                         0x2000379c   Data          10  disk.o(.bss)
    points_ram_buf                           0x200037a6   Data        3091  disk.o(.bss)
    dbg_sens                                 0x2000494d   Data          54  disk.o(.bss)
    IoData                                   0x20004984   Data          42  io.o(.bss)
    rs485_rx_buf                             0x20004a72   Data          50  io.o(.bss)
    nav_dbg_sens                             0x2000576d   Data          54  nav_filter.o(.bss)
    __libspace_start                         0x20005814   Data          96  libspace.o(.bss)
    __temporary_stack_top$libspace           0x20005874   Data           0  libspace.o(.bss)



==============================================================================

Memory Map of the image

  Image Entry point : 0x08021189

  Load Region LR_IROM1 (Base: 0x08021000, Size: 0x0001c168, Max: 0x00040000, ABSOLUTE, COMPRESSED[0x0001be3c])

    Execution Region ER_IROM1 (Base: 0x08021000, Size: 0x0001bb94, Max: 0x00040000, ABSOLUTE)

    Base Addr    Size         Type   Attr      Idx    E Section Name        Object

    0x08021000   0x00000188   Data   RO            3    RESET               startup_stm32f30x.o
    0x08021188   0x00000008   Code   RO         2250  * !!!main             c_w.l(__main.o)
    0x08021190   0x00000034   Code   RO         2728    !!!scatter          c_w.l(__scatter.o)
    0x080211c4   0x0000005a   Code   RO         2726    !!dczerorl2         c_w.l(__dczerorl2.o)
    0x0802121e   0x00000002   PAD
    0x08021220   0x0000001c   Code   RO         2730    !!handler_zi        c_w.l(__scatter_zi.o)
    0x0802123c   0x00000000   Code   RO         2209    .ARM.Collect$$_printf_percent$$00000000  c_w.l(_printf_percent.o)
    0x0802123c   0x00000006   Code   RO         2554    .ARM.Collect$$_printf_percent$$00000001  c_w.l(_printf_n.o)
    0x08021242   0x00000006   Code   RO         2555    .ARM.Collect$$_printf_percent$$00000002  c_w.l(_printf_p.o)
    0x08021248   0x00000006   Code   RO         2208    .ARM.Collect$$_printf_percent$$00000003  c_w.l(_printf_f.o)
    0x0802124e   0x00000006   Code   RO         2558    .ARM.Collect$$_printf_percent$$00000004  c_w.l(_printf_e.o)
    0x08021254   0x00000006   Code   RO         2559    .ARM.Collect$$_printf_percent$$00000005  c_w.l(_printf_g.o)
    0x0802125a   0x00000006   Code   RO         2560    .ARM.Collect$$_printf_percent$$00000006  c_w.l(_printf_a.o)
    0x08021260   0x0000000a   Code   RO         2564    .ARM.Collect$$_printf_percent$$00000007  c_w.l(_printf_ll.o)
    0x0802126a   0x00000006   Code   RO         2557    .ARM.Collect$$_printf_percent$$00000008  c_w.l(_printf_i.o)
    0x08021270   0x00000006   Code   RO         2206    .ARM.Collect$$_printf_percent$$00000009  c_w.l(_printf_d.o)
    0x08021276   0x00000006   Code   RO         2207    .ARM.Collect$$_printf_percent$$0000000A  c_w.l(_printf_u.o)
    0x0802127c   0x00000006   Code   RO         2556    .ARM.Collect$$_printf_percent$$0000000B  c_w.l(_printf_o.o)
    0x08021282   0x00000006   Code   RO         2205    .ARM.Collect$$_printf_percent$$0000000C  c_w.l(_printf_x.o)
    0x08021288   0x00000006   Code   RO         2561    .ARM.Collect$$_printf_percent$$0000000D  c_w.l(_printf_lli.o)
    0x0802128e   0x00000006   Code   RO         2562    .ARM.Collect$$_printf_percent$$0000000E  c_w.l(_printf_lld.o)
    0x08021294   0x00000006   Code   RO         2563    .ARM.Collect$$_printf_percent$$0000000F  c_w.l(_printf_llu.o)
    0x0802129a   0x00000006   Code   RO         2568    .ARM.Collect$$_printf_percent$$00000010  c_w.l(_printf_llo.o)
    0x080212a0   0x00000006   Code   RO         2569    .ARM.Collect$$_printf_percent$$00000011  c_w.l(_printf_llx.o)
    0x080212a6   0x0000000a   Code   RO         2565    .ARM.Collect$$_printf_percent$$00000012  c_w.l(_printf_l.o)
    0x080212b0   0x00000006   Code   RO         2553    .ARM.Collect$$_printf_percent$$00000013  c_w.l(_printf_c.o)
    0x080212b6   0x00000006   Code   RO         2204    .ARM.Collect$$_printf_percent$$00000014  c_w.l(_printf_s.o)
    0x080212bc   0x00000006   Code   RO         2566    .ARM.Collect$$_printf_percent$$00000015  c_w.l(_printf_lc.o)
    0x080212c2   0x00000006   Code   RO         2567    .ARM.Collect$$_printf_percent$$00000016  c_w.l(_printf_ls.o)
    0x080212c8   0x00000004   Code   RO         2367    .ARM.Collect$$_printf_percent$$00000017  c_w.l(_printf_percent_end.o)
    0x080212cc   0x00000002   Code   RO         2583    .ARM.Collect$$libinit$$00000000  c_w.l(libinit.o)
    0x080212ce   0x00000004   Code   RO         2485    .ARM.Collect$$libinit$$00000001  c_w.l(libinit2.o)
    0x080212d2   0x00000000   Code   RO         2489    .ARM.Collect$$libinit$$00000008  c_w.l(libinit2.o)
    0x080212d2   0x00000000   Code   RO         2491    .ARM.Collect$$libinit$$0000000A  c_w.l(libinit2.o)
    0x080212d2   0x00000000   Code   RO         2493    .ARM.Collect$$libinit$$0000000C  c_w.l(libinit2.o)
    0x080212d2   0x00000006   Code   RO         2494    .ARM.Collect$$libinit$$0000000D  c_w.l(libinit2.o)
    0x080212d8   0x00000000   Code   RO         2496    .ARM.Collect$$libinit$$0000000F  c_w.l(libinit2.o)
    0x080212d8   0x0000000c   Code   RO         2497    .ARM.Collect$$libinit$$00000010  c_w.l(libinit2.o)
    0x080212e4   0x00000000   Code   RO         2498    .ARM.Collect$$libinit$$00000011  c_w.l(libinit2.o)
    0x080212e4   0x00000000   Code   RO         2500    .ARM.Collect$$libinit$$00000013  c_w.l(libinit2.o)
    0x080212e4   0x0000000a   Code   RO         2501    .ARM.Collect$$libinit$$00000014  c_w.l(libinit2.o)
    0x080212ee   0x00000000   Code   RO         2502    .ARM.Collect$$libinit$$00000015  c_w.l(libinit2.o)
    0x080212ee   0x0000000a   Code   RO         2503    .ARM.Collect$$libinit$$00000016  c_w.l(libinit2.o)
    0x080212f8   0x00000000   Code   RO         2504    .ARM.Collect$$libinit$$00000017  c_w.l(libinit2.o)
    0x080212f8   0x00000000   Code   RO         2506    .ARM.Collect$$libinit$$00000019  c_w.l(libinit2.o)
    0x080212f8   0x00000000   Code   RO         2508    .ARM.Collect$$libinit$$0000001B  c_w.l(libinit2.o)
    0x080212f8   0x00000000   Code   RO         2510    .ARM.Collect$$libinit$$0000001D  c_w.l(libinit2.o)
    0x080212f8   0x00000000   Code   RO         2512    .ARM.Collect$$libinit$$0000001F  c_w.l(libinit2.o)
    0x080212f8   0x00000000   Code   RO         2514    .ARM.Collect$$libinit$$00000021  c_w.l(libinit2.o)
    0x080212f8   0x00000000   Code   RO         2516    .ARM.Collect$$libinit$$00000023  c_w.l(libinit2.o)
    0x080212f8   0x00000000   Code   RO         2520    .ARM.Collect$$libinit$$0000002A  c_w.l(libinit2.o)
    0x080212f8   0x00000000   Code   RO         2522    .ARM.Collect$$libinit$$0000002C  c_w.l(libinit2.o)
    0x080212f8   0x00000000   Code   RO         2524    .ARM.Collect$$libinit$$0000002E  c_w.l(libinit2.o)
    0x080212f8   0x00000000   Code   RO         2526    .ARM.Collect$$libinit$$00000030  c_w.l(libinit2.o)
    0x080212f8   0x00000002   Code   RO         2527    .ARM.Collect$$libinit$$00000031  c_w.l(libinit2.o)
    0x080212fa   0x00000002   Code   RO         2668    .ARM.Collect$$libshutdown$$00000000  c_w.l(libshutdown.o)
    0x080212fc   0x00000000   Code   RO         2691    .ARM.Collect$$libshutdown$$00000003  c_w.l(libshutdown2.o)
    0x080212fc   0x00000000   Code   RO         2694    .ARM.Collect$$libshutdown$$00000006  c_w.l(libshutdown2.o)
    0x080212fc   0x00000000   Code   RO         2697    .ARM.Collect$$libshutdown$$00000009  c_w.l(libshutdown2.o)
    0x080212fc   0x00000000   Code   RO         2699    .ARM.Collect$$libshutdown$$0000000B  c_w.l(libshutdown2.o)
    0x080212fc   0x00000000   Code   RO         2702    .ARM.Collect$$libshutdown$$0000000E  c_w.l(libshutdown2.o)
    0x080212fc   0x00000002   Code   RO         2703    .ARM.Collect$$libshutdown$$0000000F  c_w.l(libshutdown2.o)
    0x080212fe   0x00000000   Code   RO         2344    .ARM.Collect$$rtentry$$00000000  c_w.l(rtentry.o)
    0x080212fe   0x00000000   Code   RO         2426    .ARM.Collect$$rtentry$$00000002  c_w.l(rtentry2.o)
    0x080212fe   0x00000006   Code   RO         2438    .ARM.Collect$$rtentry$$00000004  c_w.l(rtentry4.o)
    0x08021304   0x00000000   Code   RO         2428    .ARM.Collect$$rtentry$$00000009  c_w.l(rtentry2.o)
    0x08021304   0x00000004   Code   RO         2429    .ARM.Collect$$rtentry$$0000000A  c_w.l(rtentry2.o)
    0x08021308   0x00000000   Code   RO         2431    .ARM.Collect$$rtentry$$0000000C  c_w.l(rtentry2.o)
    0x08021308   0x00000008   Code   RO         2432    .ARM.Collect$$rtentry$$0000000D  c_w.l(rtentry2.o)
    0x08021310   0x00000002   Code   RO         2594    .ARM.Collect$$rtexit$$00000000  c_w.l(rtexit.o)
    0x08021312   0x00000000   Code   RO         2629    .ARM.Collect$$rtexit$$00000002  c_w.l(rtexit2.o)
    0x08021312   0x00000004   Code   RO         2630    .ARM.Collect$$rtexit$$00000003  c_w.l(rtexit2.o)
    0x08021316   0x00000006   Code   RO         2631    .ARM.Collect$$rtexit$$00000004  c_w.l(rtexit2.o)
    0x0802131c   0x00000044   Code   RO            4    .text               startup_stm32f30x.o
    0x08021360   0x000002d0   Code   RO           12    .text               main.o
    0x08021630   0x00000418   Code   RO          201    .text               bsp.o
    0x08021a48   0x00000a84   Code   RO          251    .text               config.o
    0x080224cc   0x00000158   Code   RO          318    .text               system_stm32f30x.o
    0x08022624   0x00000028   Code   RO          352    .text               crc32.o
    0x0802264c   0x0000005c   Code   RO          367    .text               crc16.o
    0x080226a8   0x00000074   Code   RO          384    .text               qk_port.o
    0x0802271c   0x00000168   Code   RO          389    .text               stm32f30x_gpio.o
    0x08022884   0x0000052c   Code   RO          409    .text               stm32f30x_rcc.o
    0x08022db0   0x0000047e   Code   RO          431    .text               stm32f30x_usart.o
    0x0802322e   0x00000002   PAD
    0x08023230   0x000001c8   Code   RO          451    .text               stm32f30x_dma.o
    0x080233f8   0x000000b0   Code   RO          471    .text               stm32f30x_misc.o
    0x080234a8   0x00000350   Code   RO          491    .text               stm32f30x_spi.o
    0x080237f8   0x000001bc   Code   RO          514    .text               stm32f30x_exti.o
    0x080239b4   0x000000f4   Code   RO          560    .text               stm32f30x_syscfg.o
    0x08023aa8   0x00000b14   Code   RO          583    .text               stm32f30x_tim.o
    0x080245bc   0x00000494   Code   RO          607    .text               stm32f30x_flash.o
    0x08024a50   0x00000040   Code   RO          631    .text               stm32f30x_iwdg.o
    0x08024a90   0x000006d0   Code   RO          651    .text               stm32f30x_adc.o
    0x08025160   0x000000b8   Code   RO          674    .text               stm32f30x_comp.o
    0x08025218   0x00003edc   Code   RO          720    .text               modem.o
    0x080290f4   0x00000804   Code   RO          773    .text               modem_parser.o
    0x080298f8   0x000018e0   Code   RO          811    .text               modem_sim900.o
    0x0802b1d8   0x0000007c   Code   RO          845    .text               modemringbuf.o
    0x0802b254   0x00000014   Code   RO          868    .text               qa_ctor.o
    0x0802b268   0x00000054   Code   RO          889    .text               qa_defer.o
    0x0802b2bc   0x00000170   Code   RO          903    .text               qa_fifo.o
    0x0802b42c   0x00000138   Code   RO          919    .text               qa_get_.o
    0x0802b564   0x000000e4   Code   RO          933    .text               qa_lifo.o
    0x0802b648   0x000000a0   Code   RO          947    .text               qa_sub.o
    0x0802b6e8   0x00000108   Code   RO          989    .text               qeq_fifo.o
    0x0802b7f0   0x000000d0   Code   RO         1003    .text               qeq_get.o
    0x0802b8c0   0x00000054   Code   RO         1017    .text               qeq_init.o
    0x0802b914   0x000000cc   Code   RO         1043    .text               qf_act.o
    0x0802b9e0   0x000000b0   Code   RO         1068    .text               qf_gc.o
    0x0802ba90   0x000000ac   Code   RO         1088    .text               qf_new.o
    0x0802bb3c   0x00000064   Code   RO         1102    .text               qf_pool.o
    0x0802bba0   0x0000000c   Code   RO         1123    .text               qf_psini.o
    0x0802bbac   0x000000dc   Code   RO         1142    .text               qf_pspub.o
    0x0802bc88   0x00000160   Code   RO         1175    .text               qf_tick.o
    0x0802bde8   0x000000ec   Code   RO         1208    .text               qmp_get.o
    0x0802bed4   0x000000b4   Code   RO         1222    .text               qmp_init.o
    0x0802bf88   0x00000080   Code   RO         1236    .text               qmp_put.o
    0x0802c008   0x000000a8   Code   RO         1250    .text               qte_arm.o
    0x0802c0b0   0x00000034   Code   RO         1264    .text               qte_ctor.o
    0x0802c0e4   0x0000009c   Code   RO         1290    .text               qte_darm.o
    0x0802c180   0x0000008c   Code   RO         1316    .text               qk.o
    0x0802c20c   0x00000100   Code   RO         1371    .text               qk_sched.o
    0x0802c30c   0x00000394   Code   RO         1383    .text               qs.o
    0x0802c6a0   0x00000260   Code   RO         1406    .text               qs_.o
    0x0802c900   0x0000002c   Code   RO         1430    .text               qs_byte.o
    0x0802c92c   0x000000c6   Code   RO         1442    .text               qs_dict.o
    0x0802c9f2   0x00000002   PAD
    0x0802c9f4   0x000000b4   Code   RO         1490    .text               qs_str.o
    0x0802caa8   0x00000204   Code   RO         1520    .text               qfsm_dis.o
    0x0802ccac   0x000000cc   Code   RO         1538    .text               qfsm_ini.o
    0x0802cd78   0x000004d8   Code   RO         1552    .text               qhsm_dis.o
    0x0802d250   0x0000015c   Code   RO         1580    .text               qhsm_ini.o
    0x0802d3ac   0x00000004   Code   RO         1594    .text               qhsm_top.o
    0x0802d3b0   0x00000224   Code   RO         1645    .text               parsersms.o
    0x0802d5d4   0x00000042   Code   RO         1673    .text               bytestream.o
    0x0802d616   0x00000002   PAD
    0x0802d618   0x000000b4   Code   RO         1690    .text               memory_spi.o
    0x0802d6cc   0x000004cc   Code   RO         1713    .text               at45db.o
    0x0802db98   0x00000330   Code   RO         1742    .text               fm25cl64.o
    0x0802dec8   0x0000050c   Code   RO         1763    .text               framringbuf.o
    0x0802e3d4   0x00001e02   Code   RO         1796    .text               disk.o
    0x080301d6   0x00000002   PAD
    0x080301d8   0x00000c40   Code   RO         1850    .text               io.o
    0x08030e18   0x00000020   Code   RO         1889    .text               crc8.o
    0x08030e38   0x00000540   Code   RO         1906    .text               ledindicator.o
    0x08031378   0x0000137c   Code   RO         1933    .text               control_new.o
    0x080326f4   0x000000f4   Code   RO         1967    .text               epsilon.o
    0x080327e8   0x000015c4   Code   RO         2013    .text               nmea_parser.o
    0x08033dac   0x0000134c   Code   RO         2052    .text               nav_filter.o
    0x080350f8   0x00000180   Code   RO         2080    .text               rf10.o
    0x08035278   0x000000dc   Code   RO         2106    .text               tl10.o
    0x08035354   0x0000002e   Code   RO         2133    .text               crc16_teltonika.o
    0x08035382   0x00000002   PAD
    0x08035384   0x00000010   Code   RO         2147    .text               c_w.l(rt_ctype_table.o)
    0x08035394   0x0000001e   Code   RO         2149    .text               c_w.l(toupper.o)
    0x080353b2   0x00000002   PAD
    0x080353b4   0x0000002c   Code   RO         2151    .text               c_w.l(__2sprintf.o)
    0x080353e0   0x00000052   Code   RO         2157    .text               c_w.l(_printf_pad.o)
    0x08035432   0x00000052   Code   RO         2159    .text               c_w.l(_printf_str.o)
    0x08035484   0x00000078   Code   RO         2161    .text               c_w.l(_printf_dec.o)
    0x080354fc   0x0000009c   Code   RO         2181    .text               c_w.l(_printf_hex_int_ll_ptr.o)
    0x08035598   0x0000018c   Code   RO         2201    .text               c_w.l(__printf_flags_ss_wp.o)
    0x08035724   0x0000001a   Code   RO         2210    .text               c_w.l(atoi.o)
    0x0803573e   0x00000014   Code   RO         2212    .text               c_w.l(strchr.o)
    0x08035752   0x00000024   Code   RO         2214    .text               c_w.l(strstr.o)
    0x08035776   0x0000008c   Code   RO         2216    .text               c_w.l(strlcpy.o)
    0x08035802   0x00000058   Code   RO         2218    .text               c_w.l(memcmp.o)
    0x0803585a   0x00000048   Code   RO         2220    .text               c_w.l(strcpy.o)
    0x080358a2   0x0000003e   Code   RO         2222    .text               c_w.l(strlen.o)
    0x080358e0   0x00000096   Code   RO         2224    .text               c_w.l(strncmp.o)
    0x08035976   0x00000018   Code   RO         2226    .text               c_w.l(strcat.o)
    0x0803598e   0x0000008a   Code   RO         2228    .text               c_w.l(rt_memcpy_v6.o)
    0x08035a18   0x00000064   Code   RO         2230    .text               c_w.l(rt_memcpy_w.o)
    0x08035a7c   0x00000044   Code   RO         2232    .text               c_w.l(rt_memclr.o)
    0x08035ac0   0x0000004e   Code   RO         2234    .text               c_w.l(rt_memclr_w.o)
    0x08035b0e   0x00000056   Code   RO         2236    .text               c_w.l(strncpy.o)
    0x08035b64   0x00000080   Code   RO         2238    .text               c_w.l(strcmpv7m.o)
    0x08035be4   0x0000000c   Code   RO         2240    .text               c_w.l(asctime.o)
    0x08035bf0   0x0000000c   Code   RO         2243    .text               c_w.l(localtime.o)
    0x08035bfc   0x000001a4   Code   RO         2246    .text               c_w.l(mktime.o)
    0x08035da0   0x00000006   Code   RO         2248    .text               c_w.l(heapauxi.o)
    0x08035da6   0x00000002   PAD
    0x08035da8   0x00000008   Code   RO         2348    .text               c_w.l(rt_locale_intlibspace.o)
    0x08035db0   0x00000008   Code   RO         2353    .text               c_w.l(rt_errno_addr_intlibspace.o)
    0x08035db8   0x00000016   Code   RO         2355    .text               c_w.l(_rserrno.o)
    0x08035dce   0x000000b8   Code   RO         2357    .text               c_w.l(_printf_intcommon.o)
    0x08035e86   0x00000420   Code   RO         2359    .text               c_w.l(_printf_fp_dec.o)
    0x080362a6   0x00000002   PAD
    0x080362a8   0x00000030   Code   RO         2361    .text               c_w.l(_printf_char_common.o)
    0x080362d8   0x0000000a   Code   RO         2363    .text               c_w.l(_sputc.o)
    0x080362e2   0x0000002c   Code   RO         2365    .text               c_w.l(_printf_char.o)
    0x0803630e   0x00000002   PAD
    0x08036310   0x000000a0   Code   RO         2368    .text               c_w.l(strtod.o)
    0x080363b0   0x00000070   Code   RO         2370    .text               c_w.l(strtol.o)
    0x08036420   0x00000068   Code   RO         2376    .text               c_w.l(asctime_internal.o)
    0x08036488   0x000000a4   Code   RO         2378    .text               c_w.l(localtime_internal.o)
    0x0803652c   0x00000008   Code   RO         2422    .text               c_w.l(libspace.o)
    0x08036534   0x0000008a   Code   RO         2440    .text               c_w.l(lludiv10.o)
    0x080365be   0x00000012   Code   RO         2442    .text               c_w.l(isspace.o)
    0x080365d0   0x0000002c   Code   RO         2444    .text               c_w.l(sprintf.o)
    0x080365fc   0x00000080   Code   RO         2446    .text               c_w.l(_printf_fp_infnan.o)
    0x0803667c   0x00000040   Code   RO         2450    .text               c_w.l(_sgetc.o)
    0x080366bc   0x0000009e   Code   RO         2452    .text               c_w.l(_strtoul.o)
    0x0803675a   0x00000002   PAD
    0x0803675c   0x000000e4   Code   RO         2454    .text               c_w.l(bigflt0.o)
    0x08036840   0x0000004a   Code   RO         2536    .text               c_w.l(sys_stackheap_outer.o)
    0x0803688a   0x00000024   Code   RO         2538    .text               c_w.l(_printf_truncate.o)
    0x080368ae   0x0000002a   Code   RO         2540    .text               c_w.l(_printf_charcount.o)
    0x080368d8   0x000000bc   Code   RO         2542    .text               c_w.l(_printf_wctomb.o)
    0x08036994   0x00000078   Code   RO         2545    .text               c_w.l(_printf_longlong_dec.o)
    0x08036a0c   0x00000078   Code   RO         2551    .text               c_w.l(_printf_oct_int_ll.o)
    0x08036a84   0x0000001c   Code   RO         2570    .text               c_w.l(_chval.o)
    0x08036aa0   0x000004a4   Code   RO         2572    .text               c_w.l(scanf_fp.o)
    0x08036f44   0x0000000c   Code   RO         2574    .text               c_w.l(exit.o)
    0x08036f50   0x00000300   Code   RO         2596    .text               c_w.l(_printf_fp_hex.o)
    0x08037250   0x0000002c   Code   RO         2599    .text               c_w.l(_printf_wchar.o)
    0x0803727c   0x00000040   Code   RO         2601    .text               c_w.l(_wcrtomb.o)
    0x080372bc   0x00000314   Code   RO         2637    .text               c_w.l(scanf_hexfp.o)
    0x080375d0   0x0000013c   Code   RO         2639    .text               c_w.l(scanf_infnan.o)
    0x0803770c   0x0000000c   Code   RO         2653    .text               c_w.l(sys_exit.o)
    0x08037718   0x00000002   Code   RO         2655    .text               c_w.l(use_no_semi.o)
    0x0803771a   0x00000000   Code   RO         2657    .text               c_w.l(indicate_semi.o)
    0x0803771a   0x00000026   Code   RO         2660    .text               c_w.l(llshl.o)
    0x08037740   0x0000003e   Code   RO         2457    CL$$btod_d2e        c_w.l(btod.o)
    0x0803777e   0x00000046   Code   RO         2459    CL$$btod_d2e_denorm_low  c_w.l(btod.o)
    0x080377c4   0x00000060   Code   RO         2458    CL$$btod_d2e_norm_op1  c_w.l(btod.o)
    0x08037824   0x00000338   Code   RO         2467    CL$$btod_div_common  c_w.l(btod.o)
    0x08037b5c   0x00000054   Code   RO         2465    CL$$btod_e2d        c_w.l(btod.o)
    0x08037bb0   0x000000c6   Code   RO         2464    CL$$btod_e2e        c_w.l(btod.o)
    0x08037c76   0x00000028   Code   RO         2461    CL$$btod_ediv       c_w.l(btod.o)
    0x08037c9e   0x00000028   Code   RO         2463    CL$$btod_edivd      c_w.l(btod.o)
    0x08037cc6   0x00000028   Code   RO         2460    CL$$btod_emul       c_w.l(btod.o)
    0x08037cee   0x00000028   Code   RO         2462    CL$$btod_emuld      c_w.l(btod.o)
    0x08037d16   0x00000244   Code   RO         2466    CL$$btod_mult_common  c_w.l(btod.o)
    0x08037f5a   0x00000030   Code   RO         2406    i.__ARM_fpclassify  m_wm.l(fpclassify.o)
    0x08037f8a   0x00000006   PAD
    0x08037f90   0x00000038   Code   RO         2288    i.__hardfp_atof     m_wm.l(atof.o)
    0x08037fc8   0x000000d8   Code   RO         2294    i.__hardfp_cos      m_wm.l(cos.o)
    0x080380a0   0x000000e8   Code   RO         2669    i.__hardfp_ldexp    m_wm.l(ldexp.o)
    0x08038188   0x00000c90   Code   RO         2306    i.__hardfp_pow      m_wm.l(pow.o)
    0x08038e18   0x000000d8   Code   RO         2320    i.__hardfp_sin      m_wm.l(sin.o)
    0x08038ef0   0x0000007a   Code   RO         2332    i.__hardfp_sqrt     m_wm.l(sqrt.o)
    0x08038f6a   0x00000006   PAD
    0x08038f70   0x00000458   Code   RO         2411    i.__ieee754_rem_pio2  m_wm.l(rred.o)
    0x080393c8   0x00000170   Code   RO         2395    i.__kernel_cos      m_wm.l(cos_i.o)
    0x08039538   0x000000f8   Code   RO         2408    i.__kernel_poly     m_wm.l(poly.o)
    0x08039630   0x00000130   Code   RO         2416    i.__kernel_sin      m_wm.l(sin_i.o)
    0x08039760   0x00000020   Code   RO         2398    i.__mathlib_dbl_underflow  m_wm.l(dunder.o)
    0x08039780   0x000000b8   Code   RO         2619    i.__mathlib_narrow  m_wm.l(narrow.o)
    0x08039838   0x00000014   Code   RO         2671    i.__support_ldexp   m_wm.l(ldexp.o)
    0x0803984c   0x0000000e   Code   RO         2194    i._is_digit         c_w.l(__printf_wp.o)
    0x0803985a   0x00000020   Code   RO         2402    i.fabs              m_wm.l(fabs.o)
    0x0803987a   0x00000006   PAD
    0x08039880   0x0000009c   Code   RO         2649    i.frexp             m_wm.l(frexp.o)
    0x0803991c   0x0000006e   Code   RO         2334    i.sqrt              m_wm.l(sqrt.o)
    0x0803998a   0x00000002   PAD
    0x0803998c   0x0000002c   Code   RO         2373    locale$$code        c_w.l(lc_ctype_c.o)
    0x080399b8   0x0000002c   Code   RO         2480    locale$$code        c_w.l(lc_numeric_c.o)
    0x080399e4   0x0000002c   Code   RO         2483    locale$$code        c_w.l(lc_time_c.o)
    0x08039a10   0x00000018   Code   RO         2252    x$fpl$basic         fz_wm.l(basic.o)
    0x08039a28   0x00000062   Code   RO         2254    x$fpl$d2f           fz_wm.l(d2f.o)
    0x08039a8a   0x00000002   PAD
    0x08039a8c   0x00000150   Code   RO         2256    x$fpl$dadd          fz_wm.l(daddsub_clz.o)
    0x08039bdc   0x00000010   Code   RO         2528    x$fpl$dcheck1       fz_wm.l(dcheck1.o)
    0x08039bec   0x00000018   Code   RO         2530    x$fpl$dcmpinf       fz_wm.l(dcmpi.o)
    0x08039c04   0x000002b0   Code   RO         2263    x$fpl$ddiv          fz_wm.l(ddiv.o)
    0x08039eb4   0x00000078   Code   RO         2645    x$fpl$deqf          fz_wm.l(deqf.o)
    0x08039f2c   0x0000005e   Code   RO         2266    x$fpl$dfix          fz_wm.l(dfix.o)
    0x08039f8a   0x00000002   PAD
    0x08039f8c   0x0000005a   Code   RO         2270    x$fpl$dfixu         fz_wm.l(dfixu.o)
    0x08039fe6   0x0000002e   Code   RO         2275    x$fpl$dflt          fz_wm.l(dflt_clz.o)
    0x0803a014   0x00000026   Code   RO         2274    x$fpl$dfltu         fz_wm.l(dflt_clz.o)
    0x0803a03a   0x00000002   PAD
    0x0803a03c   0x00000078   Code   RO         2380    x$fpl$dleqf         fz_wm.l(dleqf.o)
    0x0803a0b4   0x00000154   Code   RO         2280    x$fpl$dmul          fz_wm.l(dmul.o)
    0x0803a208   0x0000009c   Code   RO         2382    x$fpl$dnaninf       fz_wm.l(dnaninf.o)
    0x0803a2a4   0x0000000c   Code   RO         2384    x$fpl$dretinf       fz_wm.l(dretinf.o)
    0x0803a2b0   0x0000006c   Code   RO         2282    x$fpl$drleqf        fz_wm.l(drleqf.o)
    0x0803a31c   0x00000016   Code   RO         2257    x$fpl$drsb          fz_wm.l(daddsub_clz.o)
    0x0803a332   0x00000002   PAD
    0x0803a334   0x00000198   Code   RO         2386    x$fpl$dsqrt         fz_wm.l(dsqrt_umaal.o)
    0x0803a4cc   0x000001d4   Code   RO         2258    x$fpl$dsub          fz_wm.l(daddsub_clz.o)
    0x0803a6a0   0x00000056   Code   RO         2284    x$fpl$f2d           fz_wm.l(f2d.o)
    0x0803a6f6   0x0000008c   Code   RO         2388    x$fpl$fnaninf       fz_wm.l(fnaninf.o)
    0x0803a782   0x0000000a   Code   RO         2584    x$fpl$fpinit        fz_wm.l(fpinit.o)
    0x0803a78c   0x0000000a   Code   RO         2390    x$fpl$fretinf       fz_wm.l(fretinf.o)
    0x0803a796   0x00000004   Code   RO         2286    x$fpl$printf1       fz_wm.l(printf1.o)
    0x0803a79a   0x00000004   Code   RO         2586    x$fpl$printf2       fz_wm.l(printf2.o)
    0x0803a79e   0x00000064   Code   RO         2592    x$fpl$retnan        fz_wm.l(retnan.o)
    0x0803a802   0x0000005c   Code   RO         2392    x$fpl$scalbn        fz_wm.l(scalbn.o)
    0x0803a85e   0x00000004   Code   RO         2534    x$fpl$scanf1        fz_wm.l(scanf1.o)
    0x0803a862   0x00000008   Code   RO         2610    x$fpl$scanf2        fz_wm.l(scanf2.o)
    0x0803a86a   0x00000030   Code   RO         2616    x$fpl$trapveneer    fz_wm.l(trapv.o)
    0x0803a89a   0x00000000   Code   RO         2394    x$fpl$usenofp       fz_wm.l(usenofp.o)
    0x0803a89a   0x00000002   Data   RO           14    .constdata          main.o
    0x0803a89c   0x00000018   Data   RO           15    .constdata          main.o
    0x0803a8b4   0x0000000e   Data   RO          203    .constdata          bsp.o
    0x0803a8c2   0x000000d4   Data   RO          253    .constdata          config.o
    0x0803a996   0x0000004a   Data   RO          254    .constdata          config.o
    0x0803a9e0   0x00000004   Data   RO          255    .constdata          config.o
    0x0803a9e4   0x00000400   Data   RO          353    .constdata          crc32.o
    0x0803ade4   0x00000200   Data   RO          368    .constdata          crc16.o
    0x0803afe4   0x00000565   Data   RO          722    .constdata          modem.o
    0x0803b549   0x00000001   PAD
    0x0803b54a   0x000000bf   Data   RO          775    .constdata          modem_parser.o
    0x0803b609   0x00000003   PAD
    0x0803b60c   0x00000004   Data   RO          777    .constdata          modem_parser.o
    0x0803b610   0x000004ed   Data   RO          813    .constdata          modem_sim900.o
    0x0803bafd   0x00000003   PAD
    0x0803bb00   0x00000014   Data   RO          869    .constdata          qa_ctor.o
    0x0803bb14   0x00000009   Data   RO          890    .constdata          qa_defer.o
    0x0803bb1d   0x00000008   Data   RO          904    .constdata          qa_fifo.o
    0x0803bb25   0x00000008   Data   RO          920    .constdata          qa_get_.o
    0x0803bb2d   0x00000008   Data   RO          934    .constdata          qa_lifo.o
    0x0803bb35   0x00000007   Data   RO          948    .constdata          qa_sub.o
    0x0803bb3c   0x00000009   Data   RO          990    .constdata          qeq_fifo.o
    0x0803bb45   0x00000008   Data   RO         1004    .constdata          qeq_get.o
    0x0803bb4d   0x00000007   Data   RO         1045    .constdata          qf_act.o
    0x0803bb54   0x00000006   Data   RO         1069    .constdata          qf_gc.o
    0x0803bb5a   0x00000007   Data   RO         1089    .constdata          qf_new.o
    0x0803bb61   0x00000008   Data   RO         1104    .constdata          qf_pool.o
    0x0803bb69   0x00000009   Data   RO         1143    .constdata          qf_pspub.o
    0x0803bb72   0x00000041   Data   RO         1156    .constdata          qf_pwr2.o
    0x0803bbb3   0x00000041   Data   RO         1157    .constdata          qf_pwr2.o
    0x0803bbf4   0x00000041   Data   RO         1158    .constdata          qf_pwr2.o
    0x0803bc35   0x00000008   Data   RO         1177    .constdata          qf_tick.o
    0x0803bc3d   0x00000008   Data   RO         1209    .constdata          qmp_get.o
    0x0803bc45   0x00000009   Data   RO         1223    .constdata          qmp_init.o
    0x0803bc4e   0x00000008   Data   RO         1237    .constdata          qmp_put.o
    0x0803bc56   0x00000008   Data   RO         1251    .constdata          qte_arm.o
    0x0803bc5e   0x00000009   Data   RO         1265    .constdata          qte_ctor.o
    0x0803bc67   0x00000003   Data   RO         1318    .constdata          qk.o
    0x0803bc6a   0x00000003   Data   RO         1385    .constdata          qs.o
    0x0803bc6d   0x00000001   PAD
    0x0803bc6e   0x00000010   Data   RO         1508    .constdata          qep.o
    0x0803bc7e   0x00000009   Data   RO         1521    .constdata          qfsm_dis.o
    0x0803bc87   0x00000001   PAD
    0x0803bc88   0x00000011   Data   RO         1539    .constdata          qfsm_ini.o
    0x0803bc99   0x00000009   Data   RO         1553    .constdata          qhsm_dis.o
    0x0803bca2   0x00000002   PAD
    0x0803bca4   0x00000011   Data   RO         1581    .constdata          qhsm_ini.o
    0x0803bcb5   0x00000008   Data   RO         1714    .constdata          at45db.o
    0x0803bcbd   0x00000003   PAD
    0x0803bcc0   0x00000004   Data   RO         1798    .constdata          disk.o
    0x0803bcc4   0x00000004   Data   RO         1799    .constdata          disk.o
    0x0803bcc8   0x00000122   Data   RO         1800    .constdata          disk.o
    0x0803bdea   0x00000002   PAD
    0x0803bdec   0x00000055   Data   RO         1852    .constdata          io.o
    0x0803be41   0x00000100   Data   RO         1890    .constdata          crc8.o
    0x0803bf41   0x00000003   PAD
    0x0803bf44   0x0000019c   Data   RO         1935    .constdata          control_new.o
    0x0803c0e0   0x00000044   Data   RO         2015    .constdata          nmea_parser.o
    0x0803c124   0x00000004   Data   RO         2054    .constdata          nav_filter.o
    0x0803c128   0x0000007d   Data   RO         2055    .constdata          nav_filter.o
    0x0803c1a5   0x00000028   Data   RO         2182    .constdata          c_w.l(_printf_hex_int_ll_ptr.o)
    0x0803c1cd   0x00000011   Data   RO         2202    .constdata          c_w.l(__printf_flags_ss_wp.o)
    0x0803c1de   0x00000002   PAD
    0x0803c1e0   0x00000088   Data   RO         2309    .constdata          m_wm.l(pow.o)
    0x0803c268   0x0000000c   Data   RO         2375    .constdata          c_w.l(_monlen.o)
    0x0803c274   0x00000004   PAD
    0x0803c278   0x00000030   Data   RO         2396    .constdata          m_wm.l(cos_i.o)
    0x0803c2a8   0x00000008   Data   RO         2410    .constdata          m_wm.l(qnan.o)
    0x0803c2b0   0x000000c8   Data   RO         2413    .constdata          m_wm.l(rred.o)
    0x0803c378   0x00000028   Data   RO         2417    .constdata          m_wm.l(sin_i.o)
    0x0803c3a0   0x00000094   Data   RO         2455    .constdata          c_w.l(bigflt0.o)
    0x0803c434   0x00000008   Data   RO         2543    .constdata          c_w.l(_printf_wctomb.o)
    0x0803c43c   0x00000026   Data   RO         2597    .constdata          c_w.l(_printf_fp_hex.o)
    0x0803c462   0x000001ec   Data   RO          256    .conststring        config.o
    0x0803c64e   0x00000279   Data   RO          778    .conststring        modem_parser.o
    0x0803c8c7   0x00000001   PAD
    0x0803c8c8   0x00000020   Data   RO         2724    Region$$Table       anon$$obj.o
    0x0803c8e8   0x00000008   Data   RO         2607    c$$dinf             fz_wm.l(fpconst.o)
    0x0803c8f0   0x00000110   Data   RO         2372    locale$$data        c_w.l(lc_ctype_c.o)
    0x0803ca00   0x0000001c   Data   RO         2479    locale$$data        c_w.l(lc_numeric_c.o)
    0x0803ca1c   0x00000178   Data   RO         2482    locale$$data        c_w.l(lc_time_c.o)


    Execution Region RW_IRAM1 (Base: 0x20000000, Size: 0x00006078, Max: 0x0000a000, ABSOLUTE, COMPRESSED[0x000002a8])

    Base Addr    Size         Type   Attr      Idx    E Section Name        Object

    0x20000000   0x00000004   Data   RW           16    .data               main.o
    0x20000004   0x00000010   Data   RW          204    .data               bsp.o
    0x20000014   0x000002b8   Data   RW          257    .data               config.o
    0x200002cc   0x00000001   Data   RW          258    .data               config.o
    0x200002cd   0x00000003   PAD
    0x200002d0   0x00000004   Data   RW          259    .data               config.o
    0x200002d4   0x00000014   Data   RW          319    .data               system_stm32f30x.o
    0x200002e8   0x00000002   Data   RW          369    .data               crc16.o
    0x200002ea   0x0000002a   Data   RW          410    .data               stm32f30x_rcc.o
    0x20000314   0x0000000a   Data   RW          723    .data               modem.o
    0x2000031e   0x00000002   PAD
    0x20000320   0x00000164   Data   RW          779    .data               modem_parser.o
    0x20000484   0x0000001a   Data   RW          814    .data               modem_sim900.o
    0x2000049e   0x00000002   PAD
    0x200004a0   0x00000010   Data   RW          846    .data               modemringbuf.o
    0x200004b0   0x00000004   Data   RW          905    .data               qa_fifo.o
    0x200004b4   0x00000004   Data   RW         1105    .data               qf_pool.o
    0x200004b8   0x00000008   Data   RW         1124    .data               qf_psini.o
    0x200004c0   0x00000001   Data   RW         1319    .data               qk.o
    0x200004c1   0x00000001   Data   RW         1320    .data               qk.o
    0x200004c2   0x00000001   Data   RW         1354    .data               qk_mutex.o
    0x200004c3   0x00000001   PAD
    0x200004c4   0x00000004   Data   RW         1647    .data               parsersms.o
    0x200004c8   0x00000001   Data   RW         1715    .data               at45db.o
    0x200004c9   0x00000003   PAD
    0x200004cc   0x00000004   Data   RW         1765    .data               framringbuf.o
    0x200004d0   0x00000014   Data   RW         1801    .data               disk.o
    0x200004e4   0x00000024   Data   RW         1854    .data               io.o
    0x20000508   0x00000018   Data   RW         1907    .data               ledindicator.o
    0x20000520   0x00000004   Data   RW         1936    .data               control_new.o
    0x20000524   0x00000024   Data   RW         1937    .data               control_new.o
    0x20000548   0x00000010   Data   RW         1968    .data               epsilon.o
    0x20000558   0x00000001   Data   RW         1969    .data               epsilon.o
    0x20000559   0x00000003   PAD
    0x2000055c   0x00000034   Data   RW         2016    .data               nmea_parser.o
    0x20000590   0x00000020   Data   RW         2056    .data               nav_filter.o
    0x200005b0   0x00000018   Data   RW         2081    .data               rf10.o
    0x200005c8   0x00000008   Data   RW         2107    .data               tl10.o
    0x200005d0   0x00000001   Data   RW         2108    .data               tl10.o
    0x200005d1   0x00000003   PAD
    0x200005d4   0x00000314   Zero   RW           13    .bss                main.o
    0x200008e8   0x00000800   Zero   RW          202    .bss                bsp.o
    0x200010e8   0x0000019d   Zero   RW          252    .bss                config.o
    0x20001285   0x00000003   PAD
    0x20001288   0x0000025c   Zero   RW          721    .bss                modem.o
    0x200014e4   0x00001074   Zero   RW          774    .bss                modem_parser.o
    0x20002558   0x00000064   Zero   RW          812    .bss                modem_sim900.o
    0x200025bc   0x00000084   Zero   RW         1044    .bss                qf_act.o
    0x20002640   0x0000003c   Zero   RW         1103    .bss                qf_pool.o
    0x2000267c   0x00000020   Zero   RW         1176    .bss                qf_tick.o
    0x2000269c   0x00000009   Zero   RW         1317    .bss                qk.o
    0x200026a5   0x00000003   PAD
    0x200026a8   0x00000040   Zero   RW         1384    .bss                qs.o
    0x200026e8   0x00000032   Zero   RW         1646    .bss                parsersms.o
    0x2000271a   0x00000c13   Zero   RW         1764    .bss                framringbuf.o
    0x2000332d   0x00000003   PAD
    0x20003330   0x00001653   Zero   RW         1797    .bss                disk.o
    0x20004983   0x00000001   PAD
    0x20004984   0x00000120   Zero   RW         1851    .bss                io.o
    0x20004aa4   0x00000625   Zero   RW         1934    .bss                control_new.o
    0x200050c9   0x00000007   PAD
    0x200050d0   0x000003bc   Zero   RW         2014    .bss                nmea_parser.o
    0x2000548c   0x00000004   PAD
    0x20005490   0x00000313   Zero   RW         2053    .bss                nav_filter.o
    0x200057a3   0x00000044   Zero   RW         2241    .bss                c_w.l(asctime.o)
    0x200057e7   0x00000001   PAD
    0x200057e8   0x0000002c   Zero   RW         2244    .bss                c_w.l(localtime.o)
    0x20005814   0x00000060   Zero   RW         2423    .bss                c_w.l(libspace.o)
    0x20005874   0x00000004   PAD
    0x20005878   0x00000300   Zero   RW            2    HEAP                startup_stm32f30x.o
    0x20005b78   0x00000500   Zero   RW            1    STACK               startup_stm32f30x.o


==============================================================================

Image component sizes


      Code (inc. data)   RO Data    RW Data    ZI Data      Debug   Object Name

      1228         22          8          1          0       5273   at45db.o
      1048         48         14         16       2048      39727   bsp.o
        66          0          0          0          0       1293   bytestream.o
      2692        402        782        701        413      16188   config.o
      4988        524        412         40       1573      41108   control_new.o
        92         14        512          2          0       1476   crc16.o
        46          0          0          0          0        942   crc16_teltonika.o
        40          6       1024          0          0        987   crc32.o
        32          4        256          0          0        963   crc8.o
      7682       1028        298         20       5715      20197   disk.o
       244         10          0         17          0       1968   epsilon.o
       816          8          0          0          0       3544   fm25cl64.o
      1292         20          0          4       3091       5709   framringbuf.o
      3136        306         85         36        288      37070   io.o
      1344        274          0         24          0       5588   ledindicator.o
       720        176         26          4        788     266854   main.o
       180         10          0          0          0        645   memory_spi.o
     16092       3660       1381         10        604      36227   modem.o
      2052        218        828        356       4212       6328   modem_parser.o
      6368        660       1261         26        100      18765   modem_sim900.o
       124          6          0         16          0       1965   modemringbuf.o
         0          0          0          0          0        840   my_time.o
      4940        328        129         32        787      10362   nav_filter.o
      5572        304         68         52        956      10953   nmea_parser.o
       548         58          0          4         50       3162   parsersms.o
        20          6         20          0          0       1651   qa_ctor.o
        84          4          9          0          0       1195   qa_defer.o
       368         36          8          4          0       1379   qa_fifo.o
       312         24          8          0          0       1334   qa_get_.o
       228         24          8          0          0       1107   qa_lifo.o
       160         30          7          0          0       1016   qa_sub.o
         0          0         16          0          0        419   qep.o
       264          8          9          0          0       1171   qeq_fifo.o
       208         10          8          0          0       1098   qeq_get.o
        84          6          0          0          0        795   qeq_init.o
       204         14          7          0        132       3675   qf_act.o
       176         16          6          0          0       1016   qf_gc.o
       172         18          7          0          0       1075   qf_new.o
       100         12          8          4         60       1093   qf_pool.o
        12          4          0          8          0        915   qf_psini.o
       220         24          9          0          0       1193   qf_pspub.o
         0          0        195          0          0        521   qf_pwr2.o
       352         12          8          0         32       1586   qf_tick.o
       516         12          9          0          0       1268   qfsm_dis.o
       204         12         17          0          0       1258   qfsm_ini.o
      1240         12          9          0          0       2028   qhsm_dis.o
       348         16         17          0          0       1438   qhsm_ini.o
         4          0          0          0          0        723   qhsm_top.o
       140          8          3          2          9       1644   qk.o
         0          0          0          1          0        422   qk_mutex.o
       116         12          0          0          0        248   qk_port.o
       256         20          0          0          0       1130   qk_sched.o
       236         18          8          0          0       1279   qmp_get.o
       180         10          9          0          0       1122   qmp_init.o
       128         10          8          0          0       1049   qmp_put.o
       916          8          3          0         64      10922   qs.o
       608          6          0          0          0       2274   qs_.o
        44          6          0          0          0        801   qs_byte.o
       198          0          0          0          0       1362   qs_dict.o
       180          4          0          0          0       1144   qs_str.o
       168         14          8          0          0       1056   qte_arm.o
        52          4          9          0          0        957   qte_ctor.o
       156          6          0          0          0        838   qte_darm.o
       384          6          0         24          0      12384   rf10.o
        68         26        392          0       2048        824   startup_stm32f30x.o
      1744         44          0          0          0      29162   stm32f30x_adc.o
       184          6          0          0          0       9267   stm32f30x_comp.o
       456         10          0          0          0       4166   stm32f30x_dma.o
       444          6          0          0          0       5151   stm32f30x_exti.o
      1172         20          0          0          0      10941   stm32f30x_flash.o
       360         22          0          0          0       3405   stm32f30x_gpio.o
        64          4          0          0          0       1357   stm32f30x_iwdg.o
       176         18          0          0          0       1745   stm32f30x_misc.o
      1324         56          0         42          0       9001   stm32f30x_rcc.o
       848         12          0          0          0      16220   stm32f30x_spi.o
       244         14          0          0          0       2819   stm32f30x_syscfg.o
      2836         62          0          0          0      46517   stm32f30x_tim.o
      1150         22          0          0          0      10086   stm32f30x_usart.o
       344         36          0         20          0       1747   system_stm32f30x.o
       220         10          0          9          0       1833   tl10.o

    ----------------------------------------------------------------------
     82024       8886       7961       1492      22991     759961   Object Totals
         0          0         32          0          0          0   (incl. Generated)
        10          0         20         17         21          0   (incl. Padding)

    ----------------------------------------------------------------------

      Code (inc. data)   RO Data    RW Data    ZI Data      Debug   Library Member Name

        44          6          0          0          0         84   __2sprintf.o
        90          0          0          0          0          0   __dczerorl2.o
         8          0          0          0          0         68   __main.o
       396          6         17          0          0         92   __printf_flags_ss_wp.o
        14          0          0          0          0         68   __printf_wp.o
        52          8          0          0          0          0   __scatter.o
        28          0          0          0          0          0   __scatter_zi.o
        28          0          0          0          0         68   _chval.o
         0          0         12          0          0          0   _monlen.o
         6          0          0          0          0          0   _printf_a.o
         6          0          0          0          0          0   _printf_c.o
        44          0          0          0          0        108   _printf_char.o
        48          6          0          0          0         96   _printf_char_common.o
        42          0          0          0          0         68   _printf_charcount.o
         6          0          0          0          0          0   _printf_d.o
       120         18          0          0          0         92   _printf_dec.o
         6          0          0          0          0          0   _printf_e.o
         6          0          0          0          0          0   _printf_f.o
      1056          0          0          0          0        216   _printf_fp_dec.o
       768          8         38          0          0        100   _printf_fp_hex.o
       128         16          0          0          0         84   _printf_fp_infnan.o
         6          0          0          0          0          0   _printf_g.o
       156          6         40          0          0        160   _printf_hex_int_ll_ptr.o
         6          0          0          0          0          0   _printf_i.o
       184          0          0          0          0         88   _printf_intcommon.o
        10          0          0          0          0          0   _printf_l.o
         6          0          0          0          0          0   _printf_lc.o
        10          0          0          0          0          0   _printf_ll.o
         6          0          0          0          0          0   _printf_lld.o
         6          0          0          0          0          0   _printf_lli.o
         6          0          0          0          0          0   _printf_llo.o
         6          0          0          0          0          0   _printf_llu.o
         6          0          0          0          0          0   _printf_llx.o
       120         16          0          0          0         92   _printf_longlong_dec.o
         6          0          0          0          0          0   _printf_ls.o
         6          0          0          0          0          0   _printf_n.o
         6          0          0          0          0          0   _printf_o.o
       120          8          0          0          0        124   _printf_oct_int_ll.o
         6          0          0          0          0          0   _printf_p.o
        82          0          0          0          0        108   _printf_pad.o
         0          0          0          0          0          0   _printf_percent.o
         4          0          0          0          0          0   _printf_percent_end.o
         6          0          0          0          0          0   _printf_s.o
        82          0          0          0          0         80   _printf_str.o
        36          0          0          0          0         84   _printf_truncate.o
         6          0          0          0          0          0   _printf_u.o
        44          0          0          0          0        108   _printf_wchar.o
       188          6          8          0          0         92   _printf_wctomb.o
         6          0          0          0          0          0   _printf_x.o
        22          0          0          0          0        100   _rserrno.o
        64          0          0          0          0         84   _sgetc.o
        10          0          0          0          0         68   _sputc.o
       158          0          0          0          0         92   _strtoul.o
        64          0          0          0          0         92   _wcrtomb.o
        12          6          0          0         68         68   asctime.o
       104         30          0          0          0         88   asctime_internal.o
        26          0          0          0          0         80   atoi.o
       228          6        148          0          0         96   bigflt0.o
      2074        132          0          0          0        940   btod.o
        12          0          0          0          0         72   exit.o
         6          0          0          0          0        152   heapauxi.o
         0          0          0          0          0          0   indicate_semi.o
        18          0          0          0          0         76   isspace.o
        44         10        272          0          0         76   lc_ctype_c.o
        44         10         28          0          0         76   lc_numeric_c.o
        44         10        376          0          0         76   lc_time_c.o
         2          0          0          0          0          0   libinit.o
        44          0          0          0          0          0   libinit2.o
         2          0          0          0          0          0   libshutdown.o
         2          0          0          0          0          0   libshutdown2.o
         8          4          0          0         96         68   libspace.o
        38          0          0          0          0         68   llshl.o
       138          0          0          0          0         80   lludiv10.o
        12          6          0          0         44         68   localtime.o
       164          6          0          0          0         80   localtime_internal.o
        88          0          0          0          0         76   memcmp.o
       420          8          0          0          0        128   mktime.o
        16          4          0          0          0         76   rt_ctype_table.o
         8          4          0          0          0         68   rt_errno_addr_intlibspace.o
         8          4          0          0          0         68   rt_locale_intlibspace.o
        68          0          0          0          0         68   rt_memclr.o
        78          0          0          0          0         80   rt_memclr_w.o
       138          0          0          0          0         68   rt_memcpy_v6.o
       100          0          0          0          0         80   rt_memcpy_w.o
         0          0          0          0          0          0   rtentry.o
        12          0          0          0          0          0   rtentry2.o
         6          0          0          0          0          0   rtentry4.o
         2          0          0          0          0          0   rtexit.o
        10          0          0          0          0          0   rtexit2.o
      1188         12          0          0          0        148   scanf_fp.o
       788         12          0          0          0        100   scanf_hexfp.o
       316         18          0          0          0        100   scanf_infnan.o
        44          6          0          0          0         84   sprintf.o
        24          0          0          0          0         68   strcat.o
        20          0          0          0          0         68   strchr.o
       128          0          0          0          0         68   strcmpv7m.o
        72          0          0          0          0         80   strcpy.o
       140          0          0          0          0         84   strlcpy.o
        62          0          0          0          0         76   strlen.o
       150          0          0          0          0         80   strncmp.o
        86          0          0          0          0         76   strncpy.o
        36          0          0          0          0         80   strstr.o
       160         12          0          0          0        120   strtod.o
       112          0          0          0          0         88   strtol.o
        12          4          0          0          0         68   sys_exit.o
        74          0          0          0          0         80   sys_stackheap_outer.o
        30          0          0          0          0         76   toupper.o
         2          0          0          0          0         68   use_no_semi.o
        24          0          0          0          0        164   basic.o
        98          4          0          0          0        140   d2f.o
       826         16          0          0          0        492   daddsub_clz.o
        16          4          0          0          0        116   dcheck1.o
        24          0          0          0          0        116   dcmpi.o
       688        140          0          0          0        256   ddiv.o
       120          4          0          0          0        140   deqf.o
        94          4          0          0          0        140   dfix.o
        90          4          0          0          0        140   dfixu.o
        84          0          0          0          0        232   dflt_clz.o
       120          4          0          0          0        140   dleqf.o
       340         12          0          0          0        152   dmul.o
       156          4          0          0          0        140   dnaninf.o
        12          0          0          0          0        116   dretinf.o
       108          0          0          0          0        128   drleqf.o
       408         56          0          0          0        168   dsqrt_umaal.o
        86          4          0          0          0        132   f2d.o
       140          4          0          0          0        132   fnaninf.o
         0          0          8          0          0          0   fpconst.o
        10          0          0          0          0        116   fpinit.o
        10          0          0          0          0        116   fretinf.o
         4          0          0          0          0        116   printf1.o
         4          0          0          0          0        116   printf2.o
       100          0          0          0          0        116   retnan.o
        92          0          0          0          0        116   scalbn.o
         4          0          0          0          0        116   scanf1.o
         8          0          0          0          0        132   scanf2.o
        48          0          0          0          0        116   trapv.o
         0          0          0          0          0          0   usenofp.o
        56         12          0          0          0        132   atof.o
       216         16          0          0          0        152   cos.o
       368         46         48          0          0        200   cos_i.o
        32          8          0          0          0        124   dunder.o
        32          0          0          0          0        124   fabs.o
        48          0          0          0          0        124   fpclassify.o
       156         22          0          0          0        132   frexp.o
       252         16          0          0          0        308   ldexp.o
       184         18          0          0          0        152   narrow.o
       248          0          0          0          0        152   poly.o
      3216        310        136          0          0        216   pow.o
         0          0          8          0          0          0   qnan.o
      1112        140        200          0          0        188   rred.o
       216         16          0          0          0        152   sin.o
       304         24         40          0          0        208   sin_i.o
       232          0          0          0          0        296   sqrt.o

    ----------------------------------------------------------------------
     22186       1296       1385          0        213      13768   Library Totals
        40          0          6          0          5          0   (incl. Padding)

    ----------------------------------------------------------------------

      Code (inc. data)   RO Data    RW Data    ZI Data      Debug   Library Name

     11760        408        939          0        208       7004   c_w.l
      3714        260          8          0          0       4104   fz_wm.l
      6672        628        432          0          0       2660   m_wm.l

    ----------------------------------------------------------------------
     22186       1296       1385          0        213      13768   Library Totals

    ----------------------------------------------------------------------

==============================================================================


      Code (inc. data)   RO Data    RW Data    ZI Data      Debug   

    104210      10182       9346       1492      23204     751921   Grand Totals
    104210      10182       9346        680      23204     751921   ELF Image Totals (compressed)
    104210      10182       9346        680          0          0   ROM Totals

==============================================================================

    Total RO  Size (Code + RO Data)               113556 ( 110.89kB)
    Total RW  Size (RW Data + ZI Data)             24696 (  24.12kB)
    Total ROM Size (Code + RO Data + RW Data)     114236 ( 111.56kB)

==============================================================================

